Archive member included to satisfy reference by file (symbol)

/usr/lib/gcc/arm-none-eabi/15.1.0/thumb/v6-m/nofp/libgcc.a(_dvmd_tls.o)
                              CMakeFiles/blink.dir/home/TotallyOrdinaryPC/Documents/pico-sdk/src/rp2_common/pico_divider/divider_hardware.S.o (__aeabi_idiv0)
/usr/lib/gcc/arm-none-eabi/15.1.0/../../../../arm-none-eabi/lib/thumb/v6-m/nofp/libg.a(libc_a-atexit.o)
                              /usr/lib/gcc/arm-none-eabi/15.1.0/../../../../arm-none-eabi/lib/thumb/v6-m/nofp/crt0.o (atexit)
/usr/lib/gcc/arm-none-eabi/15.1.0/../../../../arm-none-eabi/lib/thumb/v6-m/nofp/libg.a(libc_a-calloc.o)
                              CMakeFiles/blink.dir/home/TotallyOrdinaryPC/Documents/pico-sdk/src/rp2_common/pico_malloc/malloc.c.o (calloc)
/usr/lib/gcc/arm-none-eabi/15.1.0/../../../../arm-none-eabi/lib/thumb/v6-m/nofp/libg.a(libc_a-callocr.o)
                              /usr/lib/gcc/arm-none-eabi/15.1.0/../../../../arm-none-eabi/lib/thumb/v6-m/nofp/libg.a(libc_a-calloc.o) (_calloc_r)
/usr/lib/gcc/arm-none-eabi/15.1.0/../../../../arm-none-eabi/lib/thumb/v6-m/nofp/libg.a(libc_a-malloc.o)
                              CMakeFiles/blink.dir/home/TotallyOrdinaryPC/Documents/pico-sdk/src/rp2_common/pico_malloc/malloc.c.o (malloc)
/usr/lib/gcc/arm-none-eabi/15.1.0/../../../../arm-none-eabi/lib/thumb/v6-m/nofp/libg.a(libc_a-mallocr.o)
                              /usr/lib/gcc/arm-none-eabi/15.1.0/../../../../arm-none-eabi/lib/thumb/v6-m/nofp/libg.a(libc_a-callocr.o) (_malloc_r)
/usr/lib/gcc/arm-none-eabi/15.1.0/../../../../arm-none-eabi/lib/thumb/v6-m/nofp/libg.a(libc_a-mlock.o)
                              /usr/lib/gcc/arm-none-eabi/15.1.0/../../../../arm-none-eabi/lib/thumb/v6-m/nofp/libg.a(libc_a-mallocr.o) (__malloc_lock)
/usr/lib/gcc/arm-none-eabi/15.1.0/../../../../arm-none-eabi/lib/thumb/v6-m/nofp/libg.a(libc_a-realloc.o)
                              CMakeFiles/blink.dir/home/TotallyOrdinaryPC/Documents/pico-sdk/src/rp2_common/pico_malloc/malloc.c.o (realloc)
/usr/lib/gcc/arm-none-eabi/15.1.0/../../../../arm-none-eabi/lib/thumb/v6-m/nofp/libg.a(libc_a-reallocr.o)
                              /usr/lib/gcc/arm-none-eabi/15.1.0/../../../../arm-none-eabi/lib/thumb/v6-m/nofp/libg.a(libc_a-realloc.o) (_realloc_r)
/usr/lib/gcc/arm-none-eabi/15.1.0/../../../../arm-none-eabi/lib/thumb/v6-m/nofp/libg.a(libc_a-memcmp.o)
                              CMakeFiles/blink.dir/home/TotallyOrdinaryPC/Documents/pico-sdk/src/rp2_common/pico_atomic/atomic.c.o (memcmp)
/usr/lib/gcc/arm-none-eabi/15.1.0/../../../../arm-none-eabi/lib/thumb/v6-m/nofp/libg.a(libc_a-memmove.o)
                              /usr/lib/gcc/arm-none-eabi/15.1.0/../../../../arm-none-eabi/lib/thumb/v6-m/nofp/libg.a(libc_a-reallocr.o) (memmove)
/usr/lib/gcc/arm-none-eabi/15.1.0/../../../../arm-none-eabi/lib/thumb/v6-m/nofp/libg.a(libc_a-lcltime_r.o)
                              CMakeFiles/blink.dir/home/TotallyOrdinaryPC/Documents/pico-sdk/src/common/pico_util/datetime.c.o (localtime_r)
/usr/lib/gcc/arm-none-eabi/15.1.0/../../../../arm-none-eabi/lib/thumb/v6-m/nofp/libg.a(libc_a-mktime.o)
                              CMakeFiles/blink.dir/home/TotallyOrdinaryPC/Documents/pico-sdk/src/common/pico_util/datetime.c.o (mktime)
/usr/lib/gcc/arm-none-eabi/15.1.0/../../../../arm-none-eabi/lib/thumb/v6-m/nofp/libg.a(libc_a-month_lengths.o)
                              /usr/lib/gcc/arm-none-eabi/15.1.0/../../../../arm-none-eabi/lib/thumb/v6-m/nofp/libg.a(libc_a-lcltime_r.o) (__month_lengths)
/usr/lib/gcc/arm-none-eabi/15.1.0/../../../../arm-none-eabi/lib/thumb/v6-m/nofp/libg.a(libc_a-tzcalc_limits.o)
                              /usr/lib/gcc/arm-none-eabi/15.1.0/../../../../arm-none-eabi/lib/thumb/v6-m/nofp/libg.a(libc_a-lcltime_r.o) (__tzcalc_limits)
/usr/lib/gcc/arm-none-eabi/15.1.0/../../../../arm-none-eabi/lib/thumb/v6-m/nofp/libg.a(libc_a-tzlock.o)
                              /usr/lib/gcc/arm-none-eabi/15.1.0/../../../../arm-none-eabi/lib/thumb/v6-m/nofp/libg.a(libc_a-lcltime_r.o) (__tz_lock)
/usr/lib/gcc/arm-none-eabi/15.1.0/../../../../arm-none-eabi/lib/thumb/v6-m/nofp/libg.a(libc_a-tzset.o)
                              /usr/lib/gcc/arm-none-eabi/15.1.0/../../../../arm-none-eabi/lib/thumb/v6-m/nofp/libg.a(libc_a-lcltime_r.o) (_tzset_unlocked)
/usr/lib/gcc/arm-none-eabi/15.1.0/../../../../arm-none-eabi/lib/thumb/v6-m/nofp/libg.a(libc_a-tzset_r.o)
                              /usr/lib/gcc/arm-none-eabi/15.1.0/../../../../arm-none-eabi/lib/thumb/v6-m/nofp/libg.a(libc_a-tzset.o) (_tzset_unlocked_r)
/usr/lib/gcc/arm-none-eabi/15.1.0/../../../../arm-none-eabi/lib/thumb/v6-m/nofp/libg.a(libc_a-tzvars.o)
                              /usr/lib/gcc/arm-none-eabi/15.1.0/../../../../arm-none-eabi/lib/thumb/v6-m/nofp/libg.a(libc_a-tzset_r.o) (_timezone)
/usr/lib/gcc/arm-none-eabi/15.1.0/../../../../arm-none-eabi/lib/thumb/v6-m/nofp/libg.a(libc_a-impure.o)
[...]
Memory Configuration

Name             Origin             Length             Attributes
FLASH            0x10000000         0x00200000         xr
RAM              0x20000000         0x00040000         xrw
SCRATCH_X        0x20040000         0x00001000         xrw
SCRATCH_Y        0x20041000         0x00001000         xrw
*default*        0x00000000         0xffffffff

Linker script and memory map

LOAD /usr/lib/gcc/arm-none-eabi/15.1.0/thumb/v6-m/nofp/crti.o
LOAD /usr/lib/gcc/arm-none-eabi/15.1.0/thumb/v6-m/nofp/crtbegin.o
LOAD /usr/lib/gcc/arm-none-eabi/15.1.0/../../../../arm-none-eabi/lib/thumb/v6-m/nofp/crt0.o

.flash_begin    0x10000000        0x0
                0x10000000                        __flash_binary_start = .

.boot2          0x10000000      0x100
                0x10000000                        __boot2_start__ = .
 *(.boot2)
 .boot2         0x10000000      0x100 pico-sdk/src/rp2040/boot_stage2/CMakeFiles/bs2_default_library.dir/bs2_default_padded_checksummed.S.o
                0x10000100                        __boot2_end__ = .
                0x00000001                        ASSERT (((__boot2_end__ - __boot2_start__) == 0x100), ERROR: Pico second stage bootloader must be 256 bytes in size)

.text           0x10000100     0x49cc
                0x10000100                        __logical_binary_start = .
 *(.vectors)
 .vectors       0x10000100       0xd4 CMakeFiles/blink.dir/home/TotallyOrdinaryPC/Documents/pico-sdk/src/rp2_common/pico_crt0/crt0.S.o
                0x10000100                __vectors
                0x10000100                __VECTOR_TABLE
                0x100001c0                isr_irq30
                0x100001c0                __unhandled_user_irq
                0x100001c0                isr_irq13
                0x100001c0                isr_irq27
                0x100001c0                isr_irq31
                0x100001c0                isr_irq5
                0x100001c0                isr_irq11
                0x100001c0                isr_irq23
                0x100001c0                isr_irq18
                0x100001c0                isr_irq28
                0x100001c0                isr_irq19
                0x100001c0                isr_irq0
                0x100001c0                isr_irq6
                0x100001c0                isr_irq22
                0x100001c0                isr_irq17
                0x100001c0                isr_irq14
                0x100001c0                __vectors_end
                0x100001c0                __default_isrs_start
                0x100001c0                isr_irq2
                0x100001c0                isr_irq10
                0x100001c0                isr_irq8
                0x100001c0                isr_irq24
                0x100001c0                isr_irq1
                0x100001c0                isr_irq7
                0x100001c0                isr_irq21
                0x100001c0                isr_irq20
                0x100001c0                isr_irq15
                0x100001c0                isr_irq25
                0x100001c0                isr_irq4
                0x100001c0                isr_irq16
                0x100001c0                isr_irq29
                0x100001c0                isr_irq26
                0x100001c0                isr_irq3
                0x100001c0                isr_irq12
                0x100001c0                isr_irq9
                0x100001c6                unhandled_user_irq_num_in_r0
                0x100001c8                isr_invalid
                0x100001ca                isr_nmi
                0x100001cc                isr_hardfault
                0x100001ce                isr_svcall
                0x100001d0                isr_pendsv
                0x100001d2                isr_systick
                0x100001d4                __default_isrs_end
 *(.binary_info_header)
 .binary_info_header
                0x100001d4       0x14 CMakeFiles/blink.dir/home/TotallyOrdinaryPC/Documents/pico-sdk/src/rp2_common/pico_crt0/crt0.S.o
                0x100001e8                        __binary_info_header_end = .
 *(.embedded_block)
                0x100001e8                        __embedded_block_end = .
 *(.reset)
 .reset         0x100001e8       0x9c CMakeFiles/blink.dir/home/TotallyOrdinaryPC/Documents/pico-sdk/src/rp2_common/pico_crt0/crt0.S.o
                0x100001e8                _entry_point
 *(.init)
 .init          0x10000284        0x4 /usr/lib/gcc/arm-none-eabi/15.1.0/thumb/v6-m/nofp/crti.o
                0x10000284                _init
 *(EXCLUDE_FILE(*libm.a: *libc.a:*lib_a-mem*.o *libgcc.a:) .text*)
 .text          0x10000288       0x98 /usr/lib/gcc/arm-none-eabi/15.1.0/thumb/v6-m/nofp/crtbegin.o
 .text.init     0x10000320       0x5c CMakeFiles/blink.dir/src/main.c.o
                0x10000320                init
 .text.startup.main
                0x1000037c      0x170 CMakeFiles/blink.dir/src/main.c.o
                0x1000037c                main
 .text.lcd_backlight
                0x100004ec       0x24 CMakeFiles/blink.dir/src/lcd.c.o
                0x100004ec                lcd_backlight
 .text.lcd_init
                0x10000510      0x248 CMakeFiles/blink.dir/src/lcd.c.o
                0x10000510                lcd_init
 .text.lcd_set_cursor
                0x10000758       0xb0 CMakeFiles/blink.dir/src/lcd.c.o
                0x10000758                lcd_set_cursor
 .text.lcd_string
                0x10000808       0xc8 CMakeFiles/blink.dir/src/lcd.c.o
                0x10000808                lcd_string
 .text.sd_send_command.constprop.0
                0x100008d0       0xb8 CMakeFiles/blink.dir/src/sdcard.c.o
 .text.sd_send_command
                0x10000988       0xc8 CMakeFiles/blink.dir/src/sdcard.c.o
 .text.sd_init  0x10000a50       0xdc CMakeFiles/blink.dir/src/sdcard.c.o
                0x10000a50                sd_init
 .text.matrix_init
                0x10000b2c       0x68 CMakeFiles/blink.dir/src/b_matrix.c.o
                0x10000b2c                matrix_init
 .text.matrix_scan
                0x10000b94       0xa0 CMakeFiles/blink.dir/src/b_matrix.c.o
                0x10000b94                matrix_scan
 .text.menu_init
                0x10000c34       0x68 CMakeFiles/blink.dir/src/menu.c.o
                0x10000c34                menu_init
 .text.gpio_set_function
                0x10000c9c       0x30 CMakeFiles/blink.dir/home/TotallyOrdinaryPC/Documents/pico-sdk/src/rp2_common/hardware_gpio/gpio.c.o
                0x10000c9c                gpio_set_function
 .text.gpio_set_pulls
                0x10000ccc       0x24 CMakeFiles/blink.dir/home/TotallyOrdinaryPC/Documents/pico-sdk/src/rp2_common/hardware_gpio/gpio.c.o
                0x10000ccc                gpio_set_pulls
 .text.gpio_init
                0x10000cf0       0x3c CMakeFiles/blink.dir/home/TotallyOrdinaryPC/Documents/pico-sdk/src/rp2_common/hardware_gpio/gpio.c.o
                0x10000cf0                gpio_init
 .text.panic    0x10000d2c       0x30 CMakeFiles/blink.dir/home/TotallyOrdinaryPC/Documents/pico-sdk/src/rp2_common/pico_platform_panic/panic.c.o
                0x10000d2c                panic
 .text.hw_claim_or_assert
                0x10000d5c       0x50 CMakeFiles/blink.dir/home/TotallyOrdinaryPC/Documents/pico-sdk/src/common/hardware_claim/claim.c.o
                0x10000d5c                hw_claim_or_assert
 .text.next_striped_spin_lock_num
                0x10000dac       0x18 CMakeFiles/blink.dir/home/TotallyOrdinaryPC/Documents/pico-sdk/src/rp2_common/hardware_sync/sync.c.o
                0x10000dac                next_striped_spin_lock_num
 .text.spin_locks_reset
                0x10000dc4       0x1c CMakeFiles/blink.dir/home/TotallyOrdinaryPC/Documents/pico-sdk/src/rp2_common/hardware_sync_spin_lock/sync_spin_lock.c.o
                0x10000dc4                spin_locks_reset
 .text.runtime_init_per_core_irq_priorities
                0x10000de0       0x48 CMakeFiles/blink.dir/home/TotallyOrdinaryPC/Documents/pico-sdk/src/rp2_common/hardware_irq/irq.c.o
                0x10000de0                runtime_init_per_core_irq_priorities
 .text.irq_set_enabled
                0x10000e28       0x24 CMakeFiles/blink.dir/home/TotallyOrdinaryPC/Documents/pico-sdk/src/rp2_common/hardware_irq/irq.c.o
                0x10000e28                irq_set_enabled
 .text.irq_set_exclusive_handler
                0x10000e4c       0x54 CMakeFiles/blink.dir/home/TotallyOrdinaryPC/Documents/pico-sdk/src/rp2_common/hardware_irq/irq.c.o
                0x10000e4c                irq_set_exclusive_handler
 .text.lock_init
                0x10000ea0       0x10 CMakeFiles/blink.dir/home/TotallyOrdinaryPC/Documents/pico-sdk/src/common/pico_sync/lock_core.c.o
                0x10000ea0                lock_init
 .text.runtime_init_mutex
                0x10000eb0       0x50 CMakeFiles/blink.dir/home/TotallyOrdinaryPC/Documents/pico-sdk/src/common/pico_sync/mutex.c.o
                0x10000eb0                runtime_init_mutex
 .text.sleep_until_callback
                0x10000f00       0x30 CMakeFiles/blink.dir/home/TotallyOrdinaryPC/Documents/pico-sdk/src/common/pico_time/time.c.o
 .text.alarm_pool_irq_handler
                0x10000f30      0x2f4 CMakeFiles/blink.dir/home/TotallyOrdinaryPC/Documents/pico-sdk/src/common/pico_time/time.c.o
 .text.runtime_init_default_alarm_pool
                0x10001224       0xd8 CMakeFiles/blink.dir/home/TotallyOrdinaryPC/Documents/pico-sdk/src/common/pico_time/time.c.o
                0x10001224                runtime_init_default_alarm_pool
 .text.alarm_pool_add_alarm_at_force_in_context
                0x100012fc       0xbc CMakeFiles/blink.dir/home/TotallyOrdinaryPC/Documents/pico-sdk/src/common/pico_time/time.c.o
                0x100012fc                alarm_pool_add_alarm_at_force_in_context
 .text.alarm_pool_cancel_alarm
                0x100013b8       0x74 CMakeFiles/blink.dir/home/TotallyOrdinaryPC/Documents/pico-sdk/src/common/pico_time/time.c.o
                0x100013b8                alarm_pool_cancel_alarm
 .text.sleep_us
                0x1000142c       0xec CMakeFiles/blink.dir/home/TotallyOrdinaryPC/Documents/pico-sdk/src/common/pico_time/time.c.o
                0x1000142c                sleep_us
 .text.sleep_ms
                0x10001518       0xfc CMakeFiles/blink.dir/home/TotallyOrdinaryPC/Documents/pico-sdk/src/common/pico_time/time.c.o
                0x10001518                sleep_ms
 .text.best_effort_wfe_or_timeout
                0x10001614      0x100 CMakeFiles/blink.dir/home/TotallyOrdinaryPC/Documents/pico-sdk/src/common/pico_time/time.c.o
                0x10001614                best_effort_wfe_or_timeout
 .text.timer_hardware_alarm_claim
                0x10001714       0x14 CMakeFiles/blink.dir/home/TotallyOrdinaryPC/Documents/pico-sdk/src/rp2_common/hardware_timer/timer.c.o
                0x10001714                timer_hardware_alarm_claim
 .text.timer_time_us_64
                0x10001728       0x10 CMakeFiles/blink.dir/home/TotallyOrdinaryPC/Documents/pico-sdk/src/rp2_common/hardware_timer/timer.c.o
                0x10001728                timer_time_us_64
 .text.time_us_64
                0x10001738       0x14 CMakeFiles/blink.dir/home/TotallyOrdinaryPC/Documents/pico-sdk/src/rp2_common/hardware_timer/timer.c.o
                0x10001738                time_us_64
 .text.busy_wait_until
                0x1000174c       0x20 CMakeFiles/blink.dir/home/TotallyOrdinaryPC/Documents/pico-sdk/src/rp2_common/hardware_timer/timer.c.o
                0x1000174c                busy_wait_until
 .text.clock_configure_int_divider
                0x1000176c       0xec CMakeFiles/blink.dir/home/TotallyOrdinaryPC/Documents/pico-sdk/src/rp2_common/hardware_clocks/clocks.c.o
                0x1000176c                clock_configure_int_divider
 .text.clock_configure_undivided
                0x10001858       0xe0 CMakeFiles/blink.dir/home/TotallyOrdinaryPC/Documents/pico-sdk/src/rp2_common/hardware_clocks/clocks.c.o
                0x10001858                clock_configure_undivided
 .text.clock_get_hz
                0x10001938        0xc CMakeFiles/blink.dir/home/TotallyOrdinaryPC/Documents/pico-sdk/src/rp2_common/hardware_clocks/clocks.c.o
                0x10001938                clock_get_hz
 .text.pll_init
                0x10001944       0xb0 CMakeFiles/blink.dir/home/TotallyOrdinaryPC/Documents/pico-sdk/src/rp2_common/hardware_pll/pll.c.o
                0x10001944                pll_init
 .text.tick_start
                0x100019f4       0x10 CMakeFiles/blink.dir/home/TotallyOrdinaryPC/Documents/pico-sdk/src/rp2_common/hardware_ticks/ticks.c.o
                0x100019f4                tick_start
 .text.rom_func_lookup
                0x10001a04       0x10 CMakeFiles/blink.dir/home/TotallyOrdinaryPC/Documents/pico-sdk/src/rp2_common/pico_bootrom/bootrom.c.o
                0x10001a04                rom_func_lookup
 .text.rom_data_lookup
                0x10001a14       0x10 CMakeFiles/blink.dir/home/TotallyOrdinaryPC/Documents/pico-sdk/src/rp2_common/pico_bootrom/bootrom.c.o
                0x10001a14                rom_data_lookup
 .text.rom_funcs_lookup
                0x10001a24       0x44 CMakeFiles/blink.dir/home/TotallyOrdinaryPC/Documents/pico-sdk/src/rp2_common/pico_bootrom/bootrom.c.o
                0x10001a24                rom_funcs_lookup
 .text.xosc_init
                0x10001a68       0x28 CMakeFiles/blink.dir/home/TotallyOrdinaryPC/Documents/pico-sdk/src/rp2_common/hardware_xosc/xosc.c.o
                0x10001a68                xosc_init
 .text.first_per_core_initializer
                0x10001a90        0x4 CMakeFiles/blink.dir/home/TotallyOrdinaryPC/Documents/pico-sdk/src/rp2_common/pico_runtime/runtime.c.o
 .text.hard_assertion_failure
                0x10001a94        0xc CMakeFiles/blink.dir/home/TotallyOrdinaryPC/Documents/pico-sdk/src/rp2_common/pico_runtime/runtime.c.o
                0x10001a94                hard_assertion_failure
 .text.runtime_run_initializers
                0x10001aa0       0x28 CMakeFiles/blink.dir/home/TotallyOrdinaryPC/Documents/pico-sdk/src/rp2_common/pico_runtime/runtime.c.o
                0x10001aa0                runtime_run_initializers
 .text.runtime_init_early_resets
                0x10001ac8       0x2c CMakeFiles/blink.dir/home/TotallyOrdinaryPC/Documents/pico-sdk/src/rp2_common/pico_runtime_init/runtime_init.c.o
                0x10001ac8                runtime_init_early_resets
 .text.runtime_init_usb_power_down
                0x10001af4       0x1c CMakeFiles/blink.dir/home/TotallyOrdinaryPC/Documents/pico-sdk/src/rp2_common/pico_runtime_init/runtime_init.c.o
                0x10001af4                runtime_init_usb_power_down
 .text.runtime_init_post_clock_resets
                0x10001b10       0x20 CMakeFiles/blink.dir/home/TotallyOrdinaryPC/Documents/pico-sdk/src/rp2_common/pico_runtime_init/runtime_init.c.o
                0x10001b10                runtime_init_post_clock_resets
 .text.runtime_init_rp2040_gpio_ie_disable
                0x10001b30       0x14 CMakeFiles/blink.dir/home/TotallyOrdinaryPC/Documents/pico-sdk/src/rp2_common/pico_runtime_init/runtime_init.c.o
                0x10001b30                runtime_init_rp2040_gpio_ie_disable
 .text.runtime_init_spin_locks_reset
                0x10001b44        0x8 CMakeFiles/blink.dir/home/TotallyOrdinaryPC/Documents/pico-sdk/src/rp2_common/pico_runtime_init/runtime_init.c.o
                0x10001b44                runtime_init_spin_locks_reset
 .text.runtime_init_install_ram_vector_table
                0x10001b4c       0xb8 CMakeFiles/blink.dir/home/TotallyOrdinaryPC/Documents/pico-sdk/src/rp2_common/pico_runtime_init/runtime_init.c.o
                0x10001b4c                runtime_init_install_ram_vector_table
 .text.runtime_init_clocks
                0x10001c04       0xd8 CMakeFiles/blink.dir/home/TotallyOrdinaryPC/Documents/pico-sdk/src/rp2_common/pico_runtime_init/runtime_init_clocks.c.o
                0x10001c04                runtime_init_clocks
 .text          0x10001cdc       0x10 CMakeFiles/blink.dir/home/TotallyOrdinaryPC/Documents/pico-sdk/src/rp2_common/pico_bit_ops/bit_ops_aeabi.S.o
 .text.__wrap___aeabi_idiv
                0x10001cec       0x50 CMakeFiles/blink.dir/home/TotallyOrdinaryPC/Documents/pico-sdk/src/rp2_common/pico_divider/divider_hardware.S.o
                0x10001cec                __wrap___aeabi_idivmod
                0x10001cec                divmod_s32s32
                0x10001cec                div_s32s32
                0x10001cec                __wrap___aeabi_idiv
                0x10001cf4                divmod_s32s32_unsafe
                0x10001d20                divmod_s32s32_savestate
 .text.__wrap___aeabi_uidiv
                0x10001d3c       0x4c CMakeFiles/blink.dir/home/TotallyOrdinaryPC/Documents/pico-sdk/src/rp2_common/pico_divider/divider_hardware.S.o
                0x10001d3c                __wrap___aeabi_uidiv
                0x10001d3c                __wrap___aeabi_uidivmod
                0x10001d3c                div_u32u32
                0x10001d3c                divmod_u32u32
                0x10001d44                divmod_u32u32_unsafe
                0x10001d6c                divmod_u32u32_savestate
 .text.__wrap___aeabi_ldiv
                0x10001d88      0x424 CMakeFiles/blink.dir/home/TotallyOrdinaryPC/Documents/pico-sdk/src/rp2_common/pico_divider/divider_hardware.S.o
                0x10001d88                div_s64s64
                0x10001d88                divmod_s64s64
                0x10001d88                __wrap___aeabi_ldivmod
                0x10001db8                div_u64u64
                0x10001db8                divmod_u64u64
                0x10001db8                __wrap___aeabi_uldivmod
                0x10001dc8                divmod_u64u64_savestate
                0x10001de8                divmod_s64s64_unsafe
                0x10001e70                divmod_u64u64_unsafe
 .text.__wrap___aeabi_darithmetic
                0x100021ac       0x80 CMakeFiles/blink.dir/home/TotallyOrdinaryPC/Documents/pico-sdk/src/rp2_common/pico_double/double_aeabi_rp2040.S.o
                0x100021ac                __wrap___aeabi_drsub
                0x100021b2                __wrap___aeabi_dsub
                0x100021c4                __wrap___aeabi_dadd
                0x100021d6                __wrap___aeabi_ddiv
                0x10002212                __wrap___aeabi_dmul
 .text.__wrap___aeabi_cdcmple
                0x1000222c       0x6c CMakeFiles/blink.dir/home/TotallyOrdinaryPC/Documents/pico-sdk/src/rp2_common/pico_double/double_aeabi_rp2040.S.o
                0x1000222c                __wrap___aeabi_cdrcmple
                0x1000223c                __wrap___aeabi_cdcmple
                0x1000223c                __wrap___aeabi_cdcmpeq
 .text.__wrap___aeabi_dcmplt
                0x10002298        0xc CMakeFiles/blink.dir/home/TotallyOrdinaryPC/Documents/pico-sdk/src/rp2_common/pico_double/double_aeabi_rp2040.S.o
                0x10002298                __wrap___aeabi_dcmplt
 .text.__wrap___aeabi_dcmple
                0x100022a4       0x10 CMakeFiles/blink.dir/home/TotallyOrdinaryPC/Documents/pico-sdk/src/rp2_common/pico_double/double_aeabi_rp2040.S.o
                0x100022a4                __wrap___aeabi_dcmple
 .text.__wrap___aeabi_dcmpge
                0x100022b4       0x10 CMakeFiles/blink.dir/home/TotallyOrdinaryPC/Documents/pico-sdk/src/rp2_common/pico_double/double_aeabi_rp2040.S.o
                0x100022b4                __wrap___aeabi_dcmpge
 .text.__wrap___aeabi_dcmpgt
                0x100022c4        0xa CMakeFiles/blink.dir/home/TotallyOrdinaryPC/Documents/pico-sdk/src/rp2_common/pico_double/double_aeabi_rp2040.S.o
                0x100022c4                __wrap___aeabi_dcmpgt
 .text.__wrap___aeabi_dcmpun
                0x100022ce       0x18 CMakeFiles/blink.dir/home/TotallyOrdinaryPC/Documents/pico-sdk/src/rp2_common/pico_double/double_aeabi_rp2040.S.o
                0x100022ce                __wrap___aeabi_dcmpun
 *fill*         0x100022e6        0x2 
 .text.__wrap___aeabi_i2d
                0x100022e8       0x38 CMakeFiles/blink.dir/home/TotallyOrdinaryPC/Documents/pico-sdk/src/rp2_common/pico_double/double_aeabi_rp2040.S.o
                0x100022e8                __wrap___aeabi_ui2d
                0x100022e8                uint2double
                0x100022f0                __wrap___aeabi_i2d
                0x100022f0                int2double
 .text.__wrap___aeabi_d2iz
                0x10002320       0x48 CMakeFiles/blink.dir/home/TotallyOrdinaryPC/Documents/pico-sdk/src/rp2_common/pico_double/double_aeabi_rp2040.S.o
                0x10002320                __wrap___aeabi_d2iz
                0x10002320                double2int_z
 .text.__wrap___aeabi_d2uiz
                0x10002368       0x18 CMakeFiles/blink.dir/home/TotallyOrdinaryPC/Documents/pico-sdk/src/rp2_common/pico_double/double_aeabi_rp2040.S.o
                0x10002368                double2uint_z
                0x10002368                double2uint
                0x10002368                __wrap___aeabi_d2uiz
 .text.__aeabi_double_init
                0x10002380       0xa4 CMakeFiles/blink.dir/home/TotallyOrdinaryPC/Documents/pico-sdk/src/rp2_common/pico_double/double_init_rom_rp2040.c.o
                0x10002380                __aeabi_double_init
 .text.double_table_shim_on_use_helper
                0x10002424       0x2c CMakeFiles/blink.dir/home/TotallyOrdinaryPC/Documents/pico-sdk/src/rp2_common/pico_double/double_v1_rom_shim_rp2040.S.o
                0x10002424                double_table_shim_on_use_helper
 .text.__wrap___aeabi_dsub
                0x10002450       0x10 CMakeFiles/blink.dir/home/TotallyOrdinaryPC/Documents/pico-sdk/src/rp2_common/pico_double/double_v1_rom_shim_rp2040.S.o
                0x10002450                drsub_shim
                0x10002456                dsub_shim
 .text.dadd_shim
                0x10002460      0x15c CMakeFiles/blink.dir/home/TotallyOrdinaryPC/Documents/pico-sdk/src/rp2_common/pico_double/double_v1_rom_shim_rp2040.S.o
                0x10002460                dadd_shim
 .text.dmul_shim
                0x100025bc      0x15c CMakeFiles/blink.dir/home/TotallyOrdinaryPC/Documents/pico-sdk/src/rp2_common/pico_double/double_v1_rom_shim_rp2040.S.o
                0x100025bc                dmul_shim
 .text.ddiv_shim
                0x10002718      0x1b0 CMakeFiles/blink.dir/home/TotallyOrdinaryPC/Documents/pico-sdk/src/rp2_common/pico_double/double_v1_rom_shim_rp2040.S.o
                0x10002718                ddiv_shim
 .text.double2uint_shim
                0x100028c8        0xe CMakeFiles/blink.dir/home/TotallyOrdinaryPC/Documents/pico-sdk/src/rp2_common/pico_double/double_v1_rom_shim_rp2040.S.o
                0x100028c8                double2uint_shim
                0x100028ca                double2ufix_shim
 *fill*         0x100028d6        0x2 
 .text.double2uint64_shim
                0x100028d8       0x70 CMakeFiles/blink.dir/home/TotallyOrdinaryPC/Documents/pico-sdk/src/rp2_common/pico_double/double_v1_rom_shim_rp2040.S.o
                0x100028d8                double2uint64_shim
                0x100028da                double2ufix64_shim
                0x100028fa                d2fix_a
 .text.dunpacks
                0x10002948       0x3c CMakeFiles/blink.dir/home/TotallyOrdinaryPC/Documents/pico-sdk/src/rp2_common/pico_double/double_v1_rom_shim_rp2040.S.o
                0x10002948                dunpacks
 .text.__aeabi_lmul
                0x10002984       0x32 CMakeFiles/blink.dir/home/TotallyOrdinaryPC/Documents/pico-sdk/src/rp2_common/pico_int64_ops/pico_int64_ops_aeabi.S.o
                0x10002984                __wrap___aeabi_lmul
 *fill*         0x100029b6        0x2 
 .text.__aeabi_float_init
                0x100029b8       0x68 CMakeFiles/blink.dir/home/TotallyOrdinaryPC/Documents/pico-sdk/src/rp2_common/pico_float/float_init_rom_rp2040.c.o
                0x100029b8                __aeabi_float_init
 .text.float_table_shim_on_use_helper
                0x10002a20       0x2c CMakeFiles/blink.dir/home/TotallyOrdinaryPC/Documents/pico-sdk/src/rp2_common/pico_float/float_v1_rom_shim_rp2040.S.o
                0x10002a20                float_table_shim_on_use_helper
 .text          0x10002a4c       0x10 CMakeFiles/blink.dir/home/TotallyOrdinaryPC/Documents/pico-sdk/src/rp2_common/pico_mem_ops/mem_ops_aeabi.S.o
                0x10002a4c                __aeabi_mem_init
 .text.memset   0x10002a5c        0xc CMakeFiles/blink.dir/home/TotallyOrdinaryPC/Documents/pico-sdk/src/rp2_common/pico_mem_ops/mem_ops_aeabi.S.o
                0x10002a5c                __wrap_memset
 .text.memcpy   0x10002a68        0xc CMakeFiles/blink.dir/home/TotallyOrdinaryPC/Documents/pico-sdk/src/rp2_common/pico_mem_ops/mem_ops_aeabi.S.o
                0x10002a68                __wrap___aeabi_memcpy
                0x10002a68                __wrap_memcpy
 .text._out_null
                0x10002a74        0x4 CMakeFiles/blink.dir/home/TotallyOrdinaryPC/Documents/pico-sdk/src/rp2_common/pico_printf/printf.c.o
 .text._out_rev
                0x10002a78       0xa8 CMakeFiles/blink.dir/home/TotallyOrdinaryPC/Documents/pico-sdk/src/rp2_common/pico_printf/printf.c.o
 .text._ntoa_format
                0x10002b20      0x1d8 CMakeFiles/blink.dir/home/TotallyOrdinaryPC/Documents/pico-sdk/src/rp2_common/pico_printf/printf.c.o
 .text._out_char
                0x10002cf8       0x10 CMakeFiles/blink.dir/home/TotallyOrdinaryPC/Documents/pico-sdk/src/rp2_common/pico_printf/printf.c.o
 .text._out_fct
                0x10002d08       0x10 CMakeFiles/blink.dir/home/TotallyOrdinaryPC/Documents/pico-sdk/src/rp2_common/pico_printf/printf.c.o
 .text._ftoa    0x10002d18      0x474 CMakeFiles/blink.dir/home/TotallyOrdinaryPC/Documents/pico-sdk/src/rp2_common/pico_printf/printf.c.o
 .text._etoa    0x1000318c      0x560 CMakeFiles/blink.dir/home/TotallyOrdinaryPC/Documents/pico-sdk/src/rp2_common/pico_printf/printf.c.o
 .text._vsnprintf
                0x100036ec      0xab8 CMakeFiles/blink.dir/home/TotallyOrdinaryPC/Documents/pico-sdk/src/rp2_common/pico_printf/printf.c.o
 .text.vfctprintf
                0x100041a4       0x20 CMakeFiles/blink.dir/home/TotallyOrdinaryPC/Documents/pico-sdk/src/rp2_common/pico_printf/printf.c.o
                0x100041a4                vfctprintf
 .text.weak_raw_vprintf
                0x100041c4       0x30 CMakeFiles/blink.dir/home/TotallyOrdinaryPC/Documents/pico-sdk/src/rp2_common/pico_printf/printf.c.o
                0x100041c4                weak_raw_vprintf
 .text._exit    0x100041f4        0x4 CMakeFiles/blink.dir/home/TotallyOrdinaryPC/Documents/pico-sdk/src/rp2_common/pico_clib_interface/newlib_interface.c.o
                0x100041f4                _exit
 .text.exit     0x100041f8        0x8 CMakeFiles/blink.dir/home/TotallyOrdinaryPC/Documents/pico-sdk/src/rp2_common/pico_clib_interface/newlib_interface.c.o
                0x100041f8                exit
 .text.runtime_init
                0x10004200       0x2c CMakeFiles/blink.dir/home/TotallyOrdinaryPC/Documents/pico-sdk/src/rp2_common/pico_clib_interface/newlib_interface.c.o
                0x10004200                runtime_init
 .text.stdio_out_chars_no_crlf
                0x1000422c       0x10 CMakeFiles/blink.dir/home/TotallyOrdinaryPC/Documents/pico-sdk/src/rp2_common/pico_stdio/stdio.c.o
 .text.stdio_out_chars_crlf
                0x1000423c       0x90 CMakeFiles/blink.dir/home/TotallyOrdinaryPC/Documents/pico-sdk/src/rp2_common/pico_stdio/stdio.c.o
 .text.stdio_buffered_printer
                0x100042cc       0x64 CMakeFiles/blink.dir/home/TotallyOrdinaryPC/Documents/pico-sdk/src/rp2_common/pico_stdio/stdio.c.o
 .text.stdio_put_string
                0x10004330       0xf4 CMakeFiles/blink.dir/home/TotallyOrdinaryPC/Documents/pico-sdk/src/rp2_common/pico_stdio/stdio.c.o
                0x10004330                stdio_put_string
 .text.stdio_init_all
                0x10004424        0x4 CMakeFiles/blink.dir/home/TotallyOrdinaryPC/Documents/pico-sdk/src/rp2_common/pico_stdio/stdio.c.o
                0x10004424                stdio_init_all
 .text.__wrap_putchar
                0x10004428       0x94 CMakeFiles/blink.dir/home/TotallyOrdinaryPC/Documents/pico-sdk/src/rp2_common/pico_stdio/stdio.c.o
                0x10004428                stdio_putchar
                0x10004428                __wrap_putchar
 .text.__wrap_puts
                0x100044bc       0x3c CMakeFiles/blink.dir/home/TotallyOrdinaryPC/Documents/pico-sdk/src/rp2_common/pico_stdio/stdio.c.o
                0x100044bc                __wrap_puts
                0x100044bc                stdio_puts
 .text.__wrap_vprintf
                0x100044f8       0xc8 CMakeFiles/blink.dir/home/TotallyOrdinaryPC/Documents/pico-sdk/src/rp2_common/pico_stdio/stdio.c.o
                0x100044f8                __wrap_vprintf
                0x100044f8                stdio_vprintf
 .text.__wrap_printf
                0x100045c0       0x18 CMakeFiles/blink.dir/home/TotallyOrdinaryPC/Documents/pico-sdk/src/rp2_common/pico_stdio/stdio.c.o
                0x100045c0                stdio_printf
                0x100045c0                __wrap_printf
 .text.i2c_write_blocking_internal.constprop.0
                0x100045d8       0xd4 CMakeFiles/blink.dir/home/TotallyOrdinaryPC/Documents/pico-sdk/src/rp2_common/hardware_i2c/i2c.c.o
 .text.i2c_set_baudrate
                0x100046ac       0xb4 CMakeFiles/blink.dir/home/TotallyOrdinaryPC/Documents/pico-sdk/src/rp2_common/hardware_i2c/i2c.c.o
                0x100046ac                i2c_set_baudrate
 .text.i2c_init
                0x10004760       0x50 CMakeFiles/blink.dir/home/TotallyOrdinaryPC/Documents/pico-sdk/src/rp2_common/hardware_i2c/i2c.c.o
                0x10004760                i2c_init
 .text.i2c_write_blocking
                0x100047b0       0x14 CMakeFiles/blink.dir/home/TotallyOrdinaryPC/Documents/pico-sdk/src/rp2_common/hardware_i2c/i2c.c.o
                0x100047b0                i2c_write_blocking
 .text.spi_init
                0x100047c4      0x110 CMakeFiles/blink.dir/home/TotallyOrdinaryPC/Documents/pico-sdk/src/rp2_common/hardware_spi/spi.c.o
                0x100047c4                spi_init
 .text.atexit   0x100048d4       0x10 /usr/lib/gcc/arm-none-eabi/15.1.0/../../../../arm-none-eabi/lib/thumb/v6-m/nofp/libg.a(libc_a-atexit.o)
                0x100048d4                atexit
 .text.__libc_fini_array
                0x100048e4       0x28 /usr/lib/gcc/arm-none-eabi/15.1.0/../../../../arm-none-eabi/lib/thumb/v6-m/nofp/libg.a(libc_a-fini.o)
                0x100048e4                __libc_fini_array
 .text.__retarget_lock_acquire_recursive
                0x1000490c        0x4 /usr/lib/gcc/arm-none-eabi/15.1.0/../../../../arm-none-eabi/lib/thumb/v6-m/nofp/libg.a(libc_a-lock.o)
                0x1000490c                __retarget_lock_acquire_recursive
 .text.__retarget_lock_release_recursive
                0x10004910        0x4 /usr/lib/gcc/arm-none-eabi/15.1.0/../../../../arm-none-eabi/lib/thumb/v6-m/nofp/libg.a(libc_a-lock.o)
                0x10004910                __retarget_lock_release_recursive
 .text.strlen   0x10004914       0x5c /usr/lib/gcc/arm-none-eabi/15.1.0/../../../../arm-none-eabi/lib/thumb/v6-m/nofp/libg.a(libc_a-strlen-stub.o)
                0x10004914                strlen
 .text.__register_exitproc
                0x10004970       0xa8 /usr/lib/gcc/arm-none-eabi/15.1.0/../../../../arm-none-eabi/lib/thumb/v6-m/nofp/libg.a(libc_a-__atexit.o)
                0x10004970                __register_exitproc
 .text.startup.register_fini
                0x10004a18       0x18 /usr/lib/gcc/arm-none-eabi/15.1.0/../../../../arm-none-eabi/lib/thumb/v6-m/nofp/libg.a(libc_a-__call_atexit.o)
 *(.fini)
 .fini          0x10004a30        0x4 /usr/lib/gcc/arm-none-eabi/15.1.0/thumb/v6-m/nofp/crti.o
                0x10004a30                _fini
 *fill*         0x10004a34        0x4 
 .fini.__stub   0x10004a38       0x50 linker stubs
 *crtbegin.o(.ctors)
 *crtbegin?.o(.ctors)
 *(EXCLUDE_FILE(*crtend.o *crtend?.o) .ctors)
 *(SORT_BY_NAME(.ctors.*))
 *(.ctors)
 *crtbegin.o(.dtors)
 *crtbegin?.o(.dtors)
 *(EXCLUDE_FILE(*crtend.o *crtend?.o) .dtors)
 *(SORT_BY_NAME(.dtors.*))
 *(.dtors)
                0x10004a88                        . = ALIGN (0x4)
                0x10004a88                        PROVIDE (__preinit_array_start = .)
 *(SORT_BY_NAME(.preinit_array.*))
 .preinit_array.00100
                0x10004a88        0x4 CMakeFiles/blink.dir/home/TotallyOrdinaryPC/Documents/pico-sdk/src/rp2_common/pico_runtime_init/runtime_init.c.o
                0x10004a88                __pre_init_runtime_init_early_resets
 .preinit_array.00101
                0x10004a8c        0x4 CMakeFiles/blink.dir/home/TotallyOrdinaryPC/Documents/pico-sdk/src/rp2_common/pico_runtime_init/runtime_init.c.o
                0x10004a8c                __pre_init_runtime_init_usb_power_down
 .preinit_array.00275
                0x10004a90        0x4 CMakeFiles/blink.dir/home/TotallyOrdinaryPC/Documents/pico-sdk/src/rp2_common/pico_bit_ops/bit_ops_aeabi.S.o
 .preinit_array.00300
                0x10004a94        0x4 CMakeFiles/blink.dir/home/TotallyOrdinaryPC/Documents/pico-sdk/src/rp2_common/pico_mem_ops/mem_ops_aeabi.S.o
 .preinit_array.00350
                0x10004a98        0x4 CMakeFiles/blink.dir/home/TotallyOrdinaryPC/Documents/pico-sdk/src/rp2_common/pico_double/double_aeabi_rp2040.S.o
 .preinit_array.00350
                0x10004a9c        0x4 CMakeFiles/blink.dir/home/TotallyOrdinaryPC/Documents/pico-sdk/src/rp2_common/pico_float/float_aeabi_rp2040.S.o
 .preinit_array.00500
                0x10004aa0        0x4 CMakeFiles/blink.dir/home/TotallyOrdinaryPC/Documents/pico-sdk/src/rp2_common/pico_runtime_init/runtime_init.c.o
                0x10004aa0                __pre_init_runtime_init_clocks
 .preinit_array.00600
                0x10004aa4        0x4 CMakeFiles/blink.dir/home/TotallyOrdinaryPC/Documents/pico-sdk/src/rp2_common/pico_runtime_init/runtime_init.c.o
                0x10004aa4                __pre_init_runtime_init_post_clock_resets
 .preinit_array.00700
                0x10004aa8        0x4 CMakeFiles/blink.dir/home/TotallyOrdinaryPC/Documents/pico-sdk/src/rp2_common/pico_runtime_init/runtime_init.c.o
                0x10004aa8                __pre_init_runtime_init_rp2040_gpio_ie_disable
 .preinit_array.01000
                0x10004aac        0x4 CMakeFiles/blink.dir/home/TotallyOrdinaryPC/Documents/pico-sdk/src/rp2_common/pico_runtime_init/runtime_init.c.o
                0x10004aac                __pre_init_runtime_init_spin_locks_reset
 .preinit_array.01100
                0x10004ab0        0x4 CMakeFiles/blink.dir/home/TotallyOrdinaryPC/Documents/pico-sdk/src/common/pico_sync/mutex.c.o
                0x10004ab0                __pre_init_runtime_init_mutex
 .preinit_array.10080
                0x10004ab4        0x4 CMakeFiles/blink.dir/home/TotallyOrdinaryPC/Documents/pico-sdk/src/rp2_common/pico_runtime_init/runtime_init.c.o
                0x10004ab4                __pre_init_runtime_init_install_ram_vector_table
 .preinit_array.11000
                0x10004ab8        0x4 CMakeFiles/blink.dir/home/TotallyOrdinaryPC/Documents/pico-sdk/src/common/pico_time/time.c.o
                0x10004ab8                __pre_init_runtime_init_default_alarm_pool
 .preinit_array.YYYYY
                0x10004abc        0x4 CMakeFiles/blink.dir/home/TotallyOrdinaryPC/Documents/pico-sdk/src/rp2_common/pico_runtime/runtime.c.o
                0x10004abc                __pre_init_first_per_core_initializer
 .preinit_array.ZZZZZ.01200
                0x10004ac0        0x4 CMakeFiles/blink.dir/home/TotallyOrdinaryPC/Documents/pico-sdk/src/rp2_common/hardware_irq/irq.c.o
                0x10004ac0                __pre_init_runtime_init_per_core_irq_priorities
 *(.preinit_array)
                0x10004ac4                        PROVIDE (__preinit_array_end = .)
                0x10004ac4                        . = ALIGN (0x4)
                0x10004ac4                        PROVIDE (__init_array_start = .)
 *(SORT_BY_NAME(.init_array.*))
 .init_array.00000
                0x10004ac4        0x4 /usr/lib/gcc/arm-none-eabi/15.1.0/../../../../arm-none-eabi/lib/thumb/v6-m/nofp/libg.a(libc_a-__call_atexit.o)
 *(.init_array)
 .init_array    0x10004ac8        0x4 /usr/lib/gcc/arm-none-eabi/15.1.0/thumb/v6-m/nofp/crtbegin.o
                0x10004acc                        PROVIDE (__init_array_end = .)
                0x10004acc                        . = ALIGN (0x4)
                0x10004acc                        PROVIDE (__fini_array_start = .)
 *(SORT_BY_NAME(.fini_array.*))
 *(.fini_array)
                0x10004acc                        PROVIDE (__fini_array_end = .)
 *(.eh_frame*)
 .eh_frame      0x10004acc        0x0 /usr/lib/gcc/arm-none-eabi/15.1.0/thumb/v6-m/nofp/crtbegin.o
                0x10004acc                        . = ALIGN (0x4)

.glue_7         0x10004acc        0x0
 .glue_7        0x10004acc        0x0 linker stubs

.glue_7t        0x10004acc        0x0
 .glue_7t       0x10004acc        0x0 linker stubs

.vfp11_veneer   0x10004acc        0x0
 .vfp11_veneer  0x10004acc        0x0 linker stubs

.v4_bx          0x10004acc        0x0
 .v4_bx         0x10004acc        0x0 linker stubs

.iplt           0x10004acc        0x0
 .iplt          0x10004acc        0x0 /usr/lib/gcc/arm-none-eabi/15.1.0/thumb/v6-m/nofp/crtbegin.o

.rodata         0x10004ad0      0x364
 *(EXCLUDE_FILE(*libm.a: *libc.a:*lib_a-mem*.o *libgcc.a:) .rodata*)
 .rodata.main.str1.4
                0x10004ad0      0x10d CMakeFiles/blink.dir/src/main.c.o
                                 0x45 (size before relaxing)
 *fill*         0x10004bdd        0x3 
 .rodata.__bi_25.0
                0x10004be0        0x8 CMakeFiles/blink.dir/src/main.c.o
 .rodata.row_offsets.0
                0x10004be8        0x4 CMakeFiles/blink.dir/src/lcd.c.o
 .rodata.matrix_scan.str1.4
                0x10004bec       0x18 CMakeFiles/blink.dir/src/b_matrix.c.o
 .rodata.menu_init.str1.4
                0x10004bec       0x15 CMakeFiles/blink.dir/src/menu.c.o
 .rodata.panic.str1.4
                0x10004bec       0x12 CMakeFiles/blink.dir/home/TotallyOrdinaryPC/Documents/pico-sdk/src/rp2_common/pico_platform_panic/panic.c.o
 .rodata.timer_hardware_alarm_claim.str1.4
                0x10004bec       0x22 CMakeFiles/blink.dir/home/TotallyOrdinaryPC/Documents/pico-sdk/src/rp2_common/hardware_timer/timer.c.o
 .rodata.hard_assertion_failure.str1.4
                0x10004bec        0xc CMakeFiles/blink.dir/home/TotallyOrdinaryPC/Documents/pico-sdk/src/rp2_common/pico_runtime/runtime.c.o
 .rodata.str1.4
                0x10004bec       0x3c CMakeFiles/blink.dir/home/TotallyOrdinaryPC/Documents/pico-sdk/src/rp2_common/pico_standard_binary_info/standard_binary_info.c.o
 .rodata.__bi_84
                0x10004bec        0xc CMakeFiles/blink.dir/home/TotallyOrdinaryPC/Documents/pico-sdk/src/rp2_common/pico_standard_binary_info/standard_binary_info.c.o
 .rodata.__bi_78
                0x10004bf8        0xc CMakeFiles/blink.dir/home/TotallyOrdinaryPC/Documents/pico-sdk/src/rp2_common/pico_standard_binary_info/standard_binary_info.c.o
 .rodata.__bi_54
                0x10004c04        0xc CMakeFiles/blink.dir/home/TotallyOrdinaryPC/Documents/pico-sdk/src/rp2_common/pico_standard_binary_info/standard_binary_info.c.o
 .rodata.__bi_48
                0x10004c10        0xc CMakeFiles/blink.dir/home/TotallyOrdinaryPC/Documents/pico-sdk/src/rp2_common/pico_standard_binary_info/standard_binary_info.c.o
 .rodata.__bi_42
                0x10004c1c        0xc CMakeFiles/blink.dir/home/TotallyOrdinaryPC/Documents/pico-sdk/src/rp2_common/pico_standard_binary_info/standard_binary_info.c.o
 .rodata.__bi_34
                0x10004c28        0xc CMakeFiles/blink.dir/home/TotallyOrdinaryPC/Documents/pico-sdk/src/rp2_common/pico_standard_binary_info/standard_binary_info.c.o
 .rodata.__bi_26
                0x10004c34        0xc CMakeFiles/blink.dir/home/TotallyOrdinaryPC/Documents/pico-sdk/src/rp2_common/pico_standard_binary_info/standard_binary_info.c.o
 .rodata._ftoa.str1.4
                0x10004c40       0x15 CMakeFiles/blink.dir/home/TotallyOrdinaryPC/Documents/pico-sdk/src/rp2_common/pico_printf/printf.c.o
 .rodata._vsnprintf
                0x10004c40      0x19c CMakeFiles/blink.dir/home/TotallyOrdinaryPC/Documents/pico-sdk/src/rp2_common/pico_printf/printf.c.o
 *fill*         0x10004ddc        0x4 
 .rodata.pow10.0
                0x10004de0       0x50 CMakeFiles/blink.dir/home/TotallyOrdinaryPC/Documents/pico-sdk/src/rp2_common/pico_printf/printf.c.o
 .rodata.crlf_str.0
                0x10004e30        0x2 CMakeFiles/blink.dir/home/TotallyOrdinaryPC/Documents/pico-sdk/src/rp2_common/pico_stdio/stdio.c.o
                0x10004e34                        . = ALIGN (0x4)
 *fill*         0x10004e32        0x2 
 *(SORT_BY_ALIGNMENT(SORT_BY_NAME(.flashdata*)))
                0x10004e34                        . = ALIGN (0x4)

.ARM.extab
 *(.ARM.extab* .gnu.linkonce.armextab.*)
                0x10004e34                        __exidx_start = .

.ARM.exidx
 *(.ARM.exidx* .gnu.linkonce.armexidx.*)
                0x10004e34                        __exidx_end = .
                0x10004e34                        . = ALIGN (0x4)
                0x10004e34                        __binary_info_start = .

.binary_info    0x10004e34       0x20
 *(.binary_info.keep.*)
 .binary_info.keep.__bi_ptr25
                0x10004e34        0x4 CMakeFiles/blink.dir/src/main.c.o
 .binary_info.keep.__bi_ptr84
                0x10004e38        0x4 CMakeFiles/blink.dir/home/TotallyOrdinaryPC/Documents/pico-sdk/src/rp2_common/pico_standard_binary_info/standard_binary_info.c.o
 .binary_info.keep.__bi_ptr78
                0x10004e3c        0x4 CMakeFiles/blink.dir/home/TotallyOrdinaryPC/Documents/pico-sdk/src/rp2_common/pico_standard_binary_info/standard_binary_info.c.o
 .binary_info.keep.__bi_ptr54
                0x10004e40        0x4 CMakeFiles/blink.dir/home/TotallyOrdinaryPC/Documents/pico-sdk/src/rp2_common/pico_standard_binary_info/standard_binary_info.c.o
 .binary_info.keep.__bi_ptr48
                0x10004e44        0x4 CMakeFiles/blink.dir/home/TotallyOrdinaryPC/Documents/pico-sdk/src/rp2_common/pico_standard_binary_info/standard_binary_info.c.o
 .binary_info.keep.__bi_ptr42
                0x10004e48        0x4 CMakeFiles/blink.dir/home/TotallyOrdinaryPC/Documents/pico-sdk/src/rp2_common/pico_standard_binary_info/standard_binary_info.c.o
 .binary_info.keep.__bi_ptr34
                0x10004e4c        0x4 CMakeFiles/blink.dir/home/TotallyOrdinaryPC/Documents/pico-sdk/src/rp2_common/pico_standard_binary_info/standard_binary_info.c.o
 .binary_info.keep.__bi_ptr26
                0x10004e50        0x4 CMakeFiles/blink.dir/home/TotallyOrdinaryPC/Documents/pico-sdk/src/rp2_common/pico_standard_binary_info/standard_binary_info.c.o
 *(.binary_info.*)
                0x10004e54                        __binary_info_end = .
                0x10004e54                        . = ALIGN (0x4)

.ram_vector_table
                0x20000000       0xc0
 *(.ram_vector_table)
 .ram_vector_table
                0x20000000       0xc0 CMakeFiles/blink.dir/home/TotallyOrdinaryPC/Documents/pico-sdk/src/rp2_common/pico_runtime_init/runtime_init.c.o
                0x20000000                ram_vector_table

.uninitialized_data
                0x200000c0        0x0
                0x200000c0                        . = ALIGN (0x4)
 *(.uninitialized_data*)

.data           0x200000c0      0x1d4 load address 0x10004e54
                0x200000c0                        __data_start__ = .
 *(vtable)
 *(.time_critical*)
 .time_critical.mutex_try_enter_block_until
                0x200000c0       0x98 CMakeFiles/blink.dir/home/TotallyOrdinaryPC/Documents/pico-sdk/src/common/pico_sync/mutex.c.o
                0x200000c0                mutex_try_enter_block_until
 .time_critical.mutex_exit
                0x20000158       0x28 CMakeFiles/blink.dir/home/TotallyOrdinaryPC/Documents/pico-sdk/src/common/pico_sync/mutex.c.o
                0x20000158                mutex_exit
 .time_critical.spi_write_read_blocking
                0x20000180       0xac CMakeFiles/blink.dir/home/TotallyOrdinaryPC/Documents/pico-sdk/src/rp2_common/hardware_spi/spi.c.o
                0x20000180                spi_write_read_blocking
 *(.text*)
 .text          0x2000022c        0x4 /usr/lib/gcc/arm-none-eabi/15.1.0/thumb/v6-m/nofp/libgcc.a(_dvmd_tls.o)
                0x2000022c                __aeabi_ldiv0
                0x2000022c                __aeabi_idiv0
 .text.__stub   0x20000230       0x10 linker stubs
                0x20000240                        . = ALIGN (0x4)
 *(.rodata*)
                0x20000240                        . = ALIGN (0x4)
 *(.data*)
 .data.striped_spin_lock_num
                0x20000240        0x1 CMakeFiles/blink.dir/home/TotallyOrdinaryPC/Documents/pico-sdk/src/rp2_common/hardware_sync/sync.c.o
 *fill*         0x20000241        0x3 
 .data.default_alarm_pool
                0x20000244       0x18 CMakeFiles/blink.dir/home/TotallyOrdinaryPC/Documents/pico-sdk/src/common/pico_time/time.c.o
 *fill*         0x2000025c        0x4 
 .data.aeabi_bits_funcs
                0x20000260       0x10 CMakeFiles/blink.dir/home/TotallyOrdinaryPC/Documents/pico-sdk/src/rp2_common/pico_bit_ops/bit_ops_aeabi.S.o
                0x20000260                aeabi_bits_funcs
                0x20000270                aeabi_bits_funcs_end
 .data.aeabi_mem_funcs
                0x20000270       0x10 CMakeFiles/blink.dir/home/TotallyOrdinaryPC/Documents/pico-sdk/src/rp2_common/pico_mem_ops/mem_ops_aeabi.S.o
                0x20000270                aeabi_mem_funcs
                0x20000280                aeabi_mem_funcs_end
 .data.i2c0_inst
                0x20000280        0x8 CMakeFiles/blink.dir/home/TotallyOrdinaryPC/Documents/pico-sdk/src/rp2_common/hardware_i2c/i2c.c.o
                0x20000280                i2c0_inst
 .data.__atexit_recursive_mutex
                0x20000288        0x4 /usr/lib/gcc/arm-none-eabi/15.1.0/../../../../arm-none-eabi/lib/thumb/v6-m/nofp/libg.a(libc_a-__call_atexit.o)
                0x20000288                __atexit_recursive_mutex
                0x2000028c                        . = ALIGN (0x4)
 *(.after_data.*)
                0x2000028c                        . = ALIGN (0x4)
                0x2000028c                        PROVIDE (__mutex_array_start = .)
 *(SORT_BY_NAME(.mutex_array.*))
 *(.mutex_array)
 .mutex_array   0x2000028c        0x8 CMakeFiles/blink.dir/home/TotallyOrdinaryPC/Documents/pico-sdk/src/rp2_common/pico_stdio/stdio.c.o
                0x20000294                        PROVIDE (__mutex_array_end = .)
                0x20000294                        . = ALIGN (0x4)
 *(.jcr)
                0x20000294                        . = ALIGN (0x4)

.tm_clone_table
                0x20000294        0x0 load address 0x10005028
 .tm_clone_table
                0x20000294        0x0 /usr/lib/gcc/arm-none-eabi/15.1.0/thumb/v6-m/nofp/crtbegin.o
 .tm_clone_table
                0x20000294        0x0 /usr/lib/gcc/arm-none-eabi/15.1.0/thumb/v6-m/nofp/crtend.o

.igot.plt       0x20000294        0x0 load address 0x10005028
 .igot.plt      0x20000294        0x0 /usr/lib/gcc/arm-none-eabi/15.1.0/thumb/v6-m/nofp/crtbegin.o

.tdata          0x20000294        0x0 load address 0x10005028
                0x20000294                        . = ALIGN (0x4)
 *(.tdata .tdata.* .gnu.linkonce.td.*)
                0x20000294                        __tdata_end = .
                0x20000294                        PROVIDE (__data_end__ = .)
                0x10004e54                        __etext = LOADADDR (.data)

.tbss           0x20000294        0x0 load address 0x10005028
                0x20000294                        . = ALIGN (0x4)
                0x20000294                        __bss_start__ = .
                0x20000294                        __tls_base = .
 *(.tbss .tbss.* .gnu.linkonce.tb.*)
 *(.tcommon)
                0x20000294                        __tls_end = .

.bss            0x20000298      0x590 load address 0x10005028
                0x20000298                        . = ALIGN (0x4)
                0x20000298                        __tbss_end = .
 *(SORT_BY_ALIGNMENT(SORT_BY_NAME(.bss*)))
 .bss.default_alarm_pool_entries
                0x20000298      0x180 CMakeFiles/blink.dir/home/TotallyOrdinaryPC/Documents/pico-sdk/src/common/pico_time/time.c.o
 .bss.sd_table  0x20000418      0x100 CMakeFiles/blink.dir/home/TotallyOrdinaryPC/Documents/pico-sdk/src/rp2_common/pico_double/double_init_rom_rp2040.c.o
                0x20000418                sd_table
 .bss.sf_table  0x20000518      0x100 CMakeFiles/blink.dir/home/TotallyOrdinaryPC/Documents/pico-sdk/src/rp2_common/pico_float/float_init_rom_rp2040.c.o
                0x20000518                sf_table
 .bss           0x20000618       0x1c /usr/lib/gcc/arm-none-eabi/15.1.0/thumb/v6-m/nofp/crtbegin.o
 .bss.__atexit  0x20000634        0x4 /usr/lib/gcc/arm-none-eabi/15.1.0/../../../../arm-none-eabi/lib/thumb/v6-m/nofp/libg.a(libc_a-__call_atexit.o)
                0x20000634                __atexit
 .bss.__atexit0
                0x20000638      0x190 /usr/lib/gcc/arm-none-eabi/15.1.0/../../../../arm-none-eabi/lib/thumb/v6-m/nofp/libg.a(libc_a-__atexit.o)
                0x20000638                __atexit0
 .bss.__lock___atexit_recursive_mutex
                0x200007c8        0x1 /usr/lib/gcc/arm-none-eabi/15.1.0/../../../../arm-none-eabi/lib/thumb/v6-m/nofp/libg.a(libc_a-lock.o)
                0x200007c8                __lock___atexit_recursive_mutex
 *fill*         0x200007c9        0x3 
 .bss.claimed   0x200007cc        0x1 CMakeFiles/blink.dir/home/TotallyOrdinaryPC/Documents/pico-sdk/src/rp2_common/hardware_timer/timer.c.o
 *fill*         0x200007cd        0x3 
 .bss.configured_freq
                0x200007d0       0x28 CMakeFiles/blink.dir/home/TotallyOrdinaryPC/Documents/pico-sdk/src/rp2_common/hardware_clocks/clocks.c.o
 .bss.cs_pin    0x200007f8        0x4 CMakeFiles/blink.dir/src/sdcard.c.o
 .bss.currentMenu
                0x200007fc        0x4 CMakeFiles/blink.dir/src/menu.c.o
 .bss.drivers   0x20000800        0x4 CMakeFiles/blink.dir/home/TotallyOrdinaryPC/Documents/pico-sdk/src/rp2_common/pico_stdio/stdio.c.o
 .bss.filter    0x20000804        0x4 CMakeFiles/blink.dir/home/TotallyOrdinaryPC/Documents/pico-sdk/src/rp2_common/pico_stdio/stdio.c.o
 .bss.lazy_vsnprintf
                0x20000808        0x4 CMakeFiles/blink.dir/home/TotallyOrdinaryPC/Documents/pico-sdk/src/rp2_common/pico_printf/printf.c.o
 .bss.pools     0x2000080c       0x10 CMakeFiles/blink.dir/home/TotallyOrdinaryPC/Documents/pico-sdk/src/common/pico_time/time.c.o
 .bss.rows.0    0x2000081c        0x3 CMakeFiles/blink.dir/src/b_matrix.c.o
 *fill*         0x2000081f        0x1 
 .bss.sf_clz_func
                0x20000820        0x4 CMakeFiles/blink.dir/home/TotallyOrdinaryPC/Documents/pico-sdk/src/rp2_common/pico_double/double_init_rom_rp2040.c.o
                0x20000820                sf_clz_func
 .bss.sleep_notifier
                0x20000824        0x4 CMakeFiles/blink.dir/home/TotallyOrdinaryPC/Documents/pico-sdk/src/common/pico_time/time.c.o
 *(COMMON)
                0x20000828                        . = ALIGN (0x4)
                0x20000828                        __bss_end__ = .

.heap           0x20000828      0x800 load address 0x10005028
                0x20000828                        __end__ = .
                0x20000828                        end = __end__
 *(.heap*)
 .heap          0x20000828      0x800 CMakeFiles/blink.dir/home/TotallyOrdinaryPC/Documents/pico-sdk/src/rp2_common/pico_crt0/crt0.S.o
                0x20040000                        __HeapLimit = (ORIGIN (RAM) + LENGTH (RAM))

.scratch_x      0x20040000        0x0 load address 0x10005028
                0x20040000                        __scratch_x_start__ = .
 *(.scratch_x.*)
                0x20040000                        . = ALIGN (0x4)
                0x20040000                        __scratch_x_end__ = .
                0x10005028                        __scratch_x_source__ = LOADADDR (.scratch_x)

.scratch_y      0x20041000        0x0 load address 0x10005028
                0x20041000                        __scratch_y_start__ = .
 *(.scratch_y.*)
                0x20041000                        . = ALIGN (0x4)
                0x20041000                        __scratch_y_end__ = .
                0x10005028                        __scratch_y_source__ = LOADADDR (.scratch_y)

.stack1_dummy
 *(.stack1*)

.stack_dummy    0x20041000      0x800
 *(.stack*)
 .stack         0x20041000      0x800 CMakeFiles/blink.dir/home/TotallyOrdinaryPC/Documents/pico-sdk/src/rp2_common/pico_crt0/crt0.S.o

.rel.dyn        0x20041800        0x0
 .rel.iplt      0x20041800        0x0 /usr/lib/gcc/arm-none-eabi/15.1.0/thumb/v6-m/nofp/crtbegin.o

.flash_end      0x10005028        0x0
 *(.embedded_end_block*)
                0x10005028                        PROVIDE (__flash_binary_end = .)
                0x20040000                        __StackLimit = (ORIGIN (RAM) + LENGTH (RAM))
                0x20041000                        __StackOneTop = (ORIGIN (SCRATCH_X) + LENGTH (SCRATCH_X))
                0x20042000                        __StackTop = (ORIGIN (SCRATCH_Y) + LENGTH (SCRATCH_Y))
                0x20041000                        __StackOneBottom = (__StackOneTop - SIZEOF (.stack1_dummy))
                0x20041800                        __StackBottom = (__StackTop - SIZEOF (.stack_dummy))
                0x20042000                        PROVIDE (__stack = __StackTop)
                [!provide]                        PROVIDE (__heap_start = __end__)
                [!provide]                        PROVIDE (__heap_end = __HeapLimit)
                [!provide]                        PROVIDE (__tls_align = MAX (ALIGNOF (.tdata), ALIGNOF (.tbss)))
                [!provide]                        PROVIDE (__tls_size_align = (((__tls_size + __tls_align) - 0x1) & ~ ((__tls_align - 0x1))))
                [!provide]                        PROVIDE (__arm32_tls_tcb_offset = MAX (0x8, __tls_align))
                [!provide]                        PROVIDE (_end = __end__)
                [!provide]                        PROVIDE (__llvm_libc_heap_limit = __HeapLimit)
                0x00000001                        ASSERT ((__StackLimit >= __HeapLimit), region RAM overflowed)
                0x00000001                        ASSERT (((__binary_info_header_end - __logical_binary_start) <= 0x100), Binary info must be in first 256 bytes of the binary)
LOAD CMakeFiles/blink.dir/src/main.c.o
LOAD CMakeFiles/blink.dir/src/lcd.c.o
LOAD CMakeFiles/blink.dir/src/sdcard.c.o
LOAD CMakeFiles/blink.dir/src/b_matrix.c.o
LOAD CMakeFiles/blink.dir/src/menu.c.o
LOAD CMakeFiles/blink.dir/home/TotallyOrdinaryPC/Documents/pico-sdk/src/rp2_common/pico_stdlib/stdlib.c.o
LOAD CMakeFiles/blink.dir/home/TotallyOrdinaryPC/Documents/pico-sdk/src/rp2_common/hardware_gpio/gpio.c.o
LOAD CMakeFiles/blink.dir/home/TotallyOrdinaryPC/Documents/pico-sdk/src/rp2040/pico_platform/platform.c.o
LOAD CMakeFiles/blink.dir/home/TotallyOrdinaryPC/Documents/pico-sdk/src/rp2_common/pico_platform_common/common.c.o
LOAD CMakeFiles/blink.dir/home/TotallyOrdinaryPC/Documents/pico-sdk/src/rp2_common/pico_platform_panic/panic.c.o
LOAD CMakeFiles/blink.dir/home/TotallyOrdinaryPC/Documents/pico-sdk/src/common/hardware_claim/claim.c.o
LOAD CMakeFiles/blink.dir/home/TotallyOrdinaryPC/Documents/pico-sdk/src/rp2_common/hardware_sync/sync.c.o
LOAD CMakeFiles/blink.dir/home/TotallyOrdinaryPC/Documents/pico-sdk/src/rp2_common/hardware_sync_spin_lock/sync_spin_lock.c.o
LOAD CMakeFiles/blink.dir/home/TotallyOrdinaryPC/Documents/pico-sdk/src/rp2_common/hardware_irq/irq.c.o
LOAD CMakeFiles/blink.dir/home/TotallyOrdinaryPC/Documents/pico-sdk/src/rp2_common/hardware_irq/irq_handler_chain.S.o
LOAD CMakeFiles/blink.dir/home/TotallyOrdinaryPC/Documents/pico-sdk/src/common/pico_sync/sem.c.o
LOAD CMakeFiles/blink.dir/home/TotallyOrdinaryPC/Documents/pico-sdk/src/common/pico_sync/lock_core.c.o
LOAD CMakeFiles/blink.dir/home/TotallyOrdinaryPC/Documents/pico-sdk/src/common/pico_sync/mutex.c.o
LOAD CMakeFiles/blink.dir/home/TotallyOrdinaryPC/Documents/pico-sdk/src/common/pico_sync/critical_section.c.o
LOAD CMakeFiles/blink.dir/home/TotallyOrdinaryPC/Documents/pico-sdk/src/common/pico_time/time.c.o
LOAD CMakeFiles/blink.dir/home/TotallyOrdinaryPC/Documents/pico-sdk/src/common/pico_time/timeout_helper.c.o
LOAD CMakeFiles/blink.dir/home/TotallyOrdinaryPC/Documents/pico-sdk/src/rp2_common/hardware_timer/timer.c.o
LOAD CMakeFiles/blink.dir/home/TotallyOrdinaryPC/Documents/pico-sdk/src/common/pico_util/datetime.c.o
LOAD CMakeFiles/blink.dir/home/TotallyOrdinaryPC/Documents/pico-sdk/src/common/pico_util/pheap.c.o
LOAD CMakeFiles/blink.dir/home/TotallyOrdinaryPC/Documents/pico-sdk/src/common/pico_util/queue.c.o
LOAD CMakeFiles/blink.dir/home/TotallyOrdinaryPC/Documents/pico-sdk/src/rp2_common/hardware_uart/uart.c.o
LOAD CMakeFiles/blink.dir/home/TotallyOrdinaryPC/Documents/pico-sdk/src/rp2_common/hardware_clocks/clocks.c.o
LOAD CMakeFiles/blink.dir/home/TotallyOrdinaryPC/Documents/pico-sdk/src/rp2_common/hardware_pll/pll.c.o
LOAD CMakeFiles/blink.dir/home/TotallyOrdinaryPC/Documents/pico-sdk/src/rp2_common/hardware_vreg/vreg.c.o
LOAD CMakeFiles/blink.dir/home/TotallyOrdinaryPC/Documents/pico-sdk/src/rp2_common/hardware_watchdog/watchdog.c.o
LOAD CMakeFiles/blink.dir/home/TotallyOrdinaryPC/Documents/pico-sdk/src/rp2_common/hardware_ticks/ticks.c.o
LOAD CMakeFiles/blink.dir/home/TotallyOrdinaryPC/Documents/pico-sdk/src/rp2_common/pico_bootrom/bootrom.c.o
LOAD CMakeFiles/blink.dir/home/TotallyOrdinaryPC/Documents/pico-sdk/src/rp2_common/pico_bootrom/bootrom_lock.c.o
LOAD CMakeFiles/blink.dir/home/TotallyOrdinaryPC/Documents/pico-sdk/src/rp2_common/hardware_boot_lock/boot_lock.c.o
LOAD CMakeFiles/blink.dir/home/TotallyOrdinaryPC/Documents/pico-sdk/src/rp2_common/pico_flash/flash.c.o
LOAD CMakeFiles/blink.dir/home/TotallyOrdinaryPC/Documents/pico-sdk/src/rp2_common/hardware_xosc/xosc.c.o
LOAD CMakeFiles/blink.dir/home/TotallyOrdinaryPC/Documents/pico-sdk/src/rp2_common/hardware_divider/divider.S.o
LOAD CMakeFiles/blink.dir/home/TotallyOrdinaryPC/Documents/pico-sdk/src/rp2_common/pico_runtime/runtime.c.o
LOAD CMakeFiles/blink.dir/home/TotallyOrdinaryPC/Documents/pico-sdk/src/rp2_common/pico_runtime_init/runtime_init.c.o
LOAD CMakeFiles/blink.dir/home/TotallyOrdinaryPC/Documents/pico-sdk/src/rp2_common/pico_runtime_init/runtime_init_clocks.c.o
LOAD CMakeFiles/blink.dir/home/TotallyOrdinaryPC/Documents/pico-sdk/src/rp2_common/pico_runtime_init/runtime_init_stack_guard.c.o
LOAD CMakeFiles/blink.dir/home/TotallyOrdinaryPC/Documents/pico-sdk/src/rp2_common/pico_bit_ops/bit_ops_aeabi.S.o
LOAD CMakeFiles/blink.dir/home/TotallyOrdinaryPC/Documents/pico-sdk/src/rp2_common/pico_divider/divider_hardware.S.o
LOAD CMakeFiles/blink.dir/home/TotallyOrdinaryPC/Documents/pico-sdk/src/rp2_common/pico_double/double_aeabi_rp2040.S.o
LOAD CMakeFiles/blink.dir/home/TotallyOrdinaryPC/Documents/pico-sdk/src/rp2_common/pico_double/double_init_rom_rp2040.c.o
LOAD CMakeFiles/blink.dir/home/TotallyOrdinaryPC/Documents/pico-sdk/src/rp2_common/pico_double/double_math.c.o
LOAD CMakeFiles/blink.dir/home/TotallyOrdinaryPC/Documents/pico-sdk/src/rp2_common/pico_double/double_v1_rom_shim_rp2040.S.o
LOAD CMakeFiles/blink.dir/home/TotallyOrdinaryPC/Documents/pico-sdk/src/rp2_common/pico_int64_ops/pico_int64_ops_aeabi.S.o
LOAD CMakeFiles/blink.dir/home/TotallyOrdinaryPC/Documents/pico-sdk/src/rp2_common/pico_float/float_aeabi_rp2040.S.o
LOAD CMakeFiles/blink.dir/home/TotallyOrdinaryPC/Documents/pico-sdk/src/rp2_common/pico_float/float_init_rom_rp2040.c.o
LOAD CMakeFiles/blink.dir/home/TotallyOrdinaryPC/Documents/pico-sdk/src/rp2_common/pico_float/float_math.c.o
LOAD CMakeFiles/blink.dir/home/TotallyOrdinaryPC/Documents/pico-sdk/src/rp2_common/pico_float/float_v1_rom_shim_rp2040.S.o
LOAD CMakeFiles/blink.dir/home/TotallyOrdinaryPC/Documents/pico-sdk/src/rp2_common/pico_malloc/malloc.c.o
LOAD CMakeFiles/blink.dir/home/TotallyOrdinaryPC/Documents/pico-sdk/src/rp2_common/pico_mem_ops/mem_ops_aeabi.S.o
LOAD CMakeFiles/blink.dir/home/TotallyOrdinaryPC/Documents/pico-sdk/src/rp2_common/pico_atomic/atomic.c.o
LOAD CMakeFiles/blink.dir/home/TotallyOrdinaryPC/Documents/pico-sdk/src/rp2_common/pico_cxx_options/new_delete.cpp.o
LOAD CMakeFiles/blink.dir/home/TotallyOrdinaryPC/Documents/pico-sdk/src/rp2_common/pico_standard_binary_info/standard_binary_info.c.o
LOAD CMakeFiles/blink.dir/home/TotallyOrdinaryPC/Documents/pico-sdk/src/rp2_common/pico_printf/printf.c.o
LOAD CMakeFiles/blink.dir/home/TotallyOrdinaryPC/Documents/pico-sdk/src/rp2_common/pico_crt0/crt0.S.o
LOAD CMakeFiles/blink.dir/home/TotallyOrdinaryPC/Documents/pico-sdk/src/rp2_common/pico_clib_interface/newlib_interface.c.o
LOAD CMakeFiles/blink.dir/home/TotallyOrdinaryPC/Documents/pico-sdk/src/rp2_common/pico_stdio/stdio.c.o
LOAD CMakeFiles/blink.dir/home/TotallyOrdinaryPC/Documents/pico-sdk/src/rp2_common/hardware_i2c/i2c.c.o
LOAD CMakeFiles/blink.dir/home/TotallyOrdinaryPC/Documents/pico-sdk/src/rp2_common/hardware_spi/spi.c.o
LOAD pico-sdk/src/rp2040/boot_stage2/CMakeFiles/bs2_default_library.dir/bs2_default_padded_checksummed.S.o
LOAD /usr/lib/gcc/arm-none-eabi/15.1.0/../../../../arm-none-eabi/lib/thumb/v6-m/nofp/libstdc++.a
LOAD /usr/lib/gcc/arm-none-eabi/15.1.0/../../../../arm-none-eabi/lib/thumb/v6-m/nofp/libm.a
START GROUP
LOAD /usr/lib/gcc/arm-none-eabi/15.1.0/thumb/v6-m/nofp/libgcc.a
LOAD /usr/lib/gcc/arm-none-eabi/15.1.0/../../../../arm-none-eabi/lib/thumb/v6-m/nofp/libg.a
LOAD /usr/lib/gcc/arm-none-eabi/15.1.0/../../../../arm-none-eabi/lib/thumb/v6-m/nofp/libc.a
END GROUP
START GROUP
LOAD /usr/lib/gcc/arm-none-eabi/15.1.0/thumb/v6-m/nofp/libgcc.a
LOAD /usr/lib/gcc/arm-none-eabi/15.1.0/../../../../arm-none-eabi/lib/thumb/v6-m/nofp/libc.a
LOAD /usr/lib/gcc/arm-none-eabi/15.1.0/../../../../arm-none-eabi/lib/thumb/v6-m/nofp/libnosys.a
END GROUP
LOAD /usr/lib/gcc/arm-none-eabi/15.1.0/thumb/v6-m/nofp/crtend.o
LOAD /usr/lib/gcc/arm-none-eabi/15.1.0/thumb/v6-m/nofp/crtn.o
OUTPUT(blink.elf elf32-littlearm)
LOAD linker stubs

.ARM.attributes
                0x00000000       0x28
 .ARM.attributes
                0x00000000       0x1e /usr/lib/gcc/arm-none-eabi/15.1.0/thumb/v6-m/nofp/crti.o
 .ARM.attributes
                0x0000001e       0x2c /usr/lib/gcc/arm-none-eabi/15.1.0/thumb/v6-m/nofp/crtbegin.o
 .ARM.attributes
                0x0000004a       0x2c CMakeFiles/blink.dir/src/main.c.o
 .ARM.attributes
                0x00000076       0x2c CMakeFiles/blink.dir/src/lcd.c.o
 .ARM.attributes
                0x000000a2       0x2c CMakeFiles/blink.dir/src/sdcard.c.o
 .ARM.attributes
                0x000000ce       0x2c CMakeFiles/blink.dir/src/b_matrix.c.o
 .ARM.attributes
                0x000000fa       0x2c CMakeFiles/blink.dir/src/menu.c.o
 .ARM.attributes
                0x00000126       0x2c CMakeFiles/blink.dir/home/TotallyOrdinaryPC/Documents/pico-sdk/src/rp2_common/hardware_gpio/gpio.c.o
 .ARM.attributes
                0x00000152       0x2c CMakeFiles/blink.dir/home/TotallyOrdinaryPC/Documents/pico-sdk/src/rp2_common/pico_platform_panic/panic.c.o
 .ARM.attributes
                0x0000017e       0x2c CMakeFiles/blink.dir/home/TotallyOrdinaryPC/Documents/pico-sdk/src/common/hardware_claim/claim.c.o
 .ARM.attributes
                0x000001aa       0x2c CMakeFiles/blink.dir/home/TotallyOrdinaryPC/Documents/pico-sdk/src/rp2_common/hardware_sync/sync.c.o
 .ARM.attributes
                0x000001d6       0x2c CMakeFiles/blink.dir/home/TotallyOrdinaryPC/Documents/pico-sdk/src/rp2_common/hardware_sync_spin_lock/sync_spin_lock.c.o
 .ARM.attributes
                0x00000202       0x2c CMakeFiles/blink.dir/home/TotallyOrdinaryPC/Documents/pico-sdk/src/rp2_common/hardware_irq/irq.c.o
 .ARM.attributes
                0x0000022e       0x2c CMakeFiles/blink.dir/home/TotallyOrdinaryPC/Documents/pico-sdk/src/common/pico_sync/lock_core.c.o
 .ARM.attributes
                0x0000025a       0x2c CMakeFiles/blink.dir/home/TotallyOrdinaryPC/Documents/pico-sdk/src/common/pico_sync/mutex.c.o
 .ARM.attributes
                0x00000286       0x2c CMakeFiles/blink.dir/home/TotallyOrdinaryPC/Documents/pico-sdk/src/common/pico_time/time.c.o
 .ARM.attributes
                0x000002b2       0x2c CMakeFiles/blink.dir/home/TotallyOrdinaryPC/Documents/pico-sdk/src/rp2_common/hardware_timer/timer.c.o
 .ARM.attributes
                0x000002de       0x2c CMakeFiles/blink.dir/home/TotallyOrdinaryPC/Documents/pico-sdk/src/rp2_common/hardware_clocks/clocks.c.o
 .ARM.attributes
                0x0000030a       0x2c CMakeFiles/blink.dir/home/TotallyOrdinaryPC/Documents/pico-sdk/src/rp2_common/hardware_pll/pll.c.o
 .ARM.attributes
                0x00000336       0x2c CMakeFiles/blink.dir/home/TotallyOrdinaryPC/Documents/pico-sdk/src/rp2_common/hardware_ticks/ticks.c.o
 .ARM.attributes
                0x00000362       0x2c CMakeFiles/blink.dir/home/TotallyOrdinaryPC/Documents/pico-sdk/src/rp2_common/pico_bootrom/bootrom.c.o
 .ARM.attributes
                0x0000038e       0x2c CMakeFiles/blink.dir/home/TotallyOrdinaryPC/Documents/pico-sdk/src/rp2_common/hardware_xosc/xosc.c.o
 .ARM.attributes
                0x000003ba       0x2c CMakeFiles/blink.dir/home/TotallyOrdinaryPC/Documents/pico-sdk/src/rp2_common/pico_runtime/runtime.c.o
 .ARM.attributes
                0x000003e6       0x2c CMakeFiles/blink.dir/home/TotallyOrdinaryPC/Documents/pico-sdk/src/rp2_common/pico_runtime_init/runtime_init.c.o
 .ARM.attributes
                0x00000412       0x2c CMakeFiles/blink.dir/home/TotallyOrdinaryPC/Documents/pico-sdk/src/rp2_common/pico_runtime_init/runtime_init_clocks.c.o
 .ARM.attributes
                0x0000043e       0x22 CMakeFiles/blink.dir/home/TotallyOrdinaryPC/Documents/pico-sdk/src/rp2_common/pico_bit_ops/bit_ops_aeabi.S.o
 .ARM.attributes
                0x00000460       0x22 CMakeFiles/blink.dir/home/TotallyOrdinaryPC/Documents/pico-sdk/src/rp2_common/pico_divider/divider_hardware.S.o
 .ARM.attributes
                0x00000482       0x22 CMakeFiles/blink.dir/home/TotallyOrdinaryPC/Documents/pico-sdk/src/rp2_common/pico_double/double_aeabi_rp2040.S.o
 .ARM.attributes
                0x000004a4       0x2c CMakeFiles/blink.dir/home/TotallyOrdinaryPC/Documents/pico-sdk/src/rp2_common/pico_double/double_init_rom_rp2040.c.o
 .ARM.attributes
                0x000004d0       0x22 CMakeFiles/blink.dir/home/TotallyOrdinaryPC/Documents/pico-sdk/src/rp2_common/pico_double/double_v1_rom_shim_rp2040.S.o
 .ARM.attributes
                0x000004f2       0x22 CMakeFiles/blink.dir/home/TotallyOrdinaryPC/Documents/pico-sdk/src/rp2_common/pico_int64_ops/pico_int64_ops_aeabi.S.o
 .ARM.attributes
                0x00000514       0x22 CMakeFiles/blink.dir/home/TotallyOrdinaryPC/Documents/pico-sdk/src/rp2_common/pico_float/float_aeabi_rp2040.S.o
 .ARM.attributes
                0x00000536       0x2c CMakeFiles/blink.dir/home/TotallyOrdinaryPC/Documents/pico-sdk/src/rp2_common/pico_float/float_init_rom_rp2040.c.o
 .ARM.attributes
                0x00000562       0x22 CMakeFiles/blink.dir/home/TotallyOrdinaryPC/Documents/pico-sdk/src/rp2_common/pico_float/float_v1_rom_shim_rp2040.S.o
 .ARM.attributes
                0x00000584       0x22 CMakeFiles/blink.dir/home/TotallyOrdinaryPC/Documents/pico-sdk/src/rp2_common/pico_mem_ops/mem_ops_aeabi.S.o
 .ARM.attributes
                0x000005a6       0x2c CMakeFiles/blink.dir/home/TotallyOrdinaryPC/Documents/pico-sdk/src/rp2_common/pico_standard_binary_info/standard_binary_info.c.o
 .ARM.attributes
                0x000005d2       0x2c CMakeFiles/blink.dir/home/TotallyOrdinaryPC/Documents/pico-sdk/src/rp2_common/pico_printf/printf.c.o
 .ARM.attributes
                0x000005fe       0x22 CMakeFiles/blink.dir/home/TotallyOrdinaryPC/Documents/pico-sdk/src/rp2_common/pico_crt0/crt0.S.o
 .ARM.attributes
                0x00000620       0x2c CMakeFiles/blink.dir/home/TotallyOrdinaryPC/Documents/pico-sdk/src/rp2_common/pico_clib_interface/newlib_interface.c.o
 .ARM.attributes
                0x0000064c       0x2c CMakeFiles/blink.dir/home/TotallyOrdinaryPC/Documents/pico-sdk/src/rp2_common/pico_stdio/stdio.c.o
 .ARM.attributes
                0x00000678       0x2c CMakeFiles/blink.dir/home/TotallyOrdinaryPC/Documents/pico-sdk/src/rp2_common/hardware_i2c/i2c.c.o
 .ARM.attributes
                0x000006a4       0x2c CMakeFiles/blink.dir/home/TotallyOrdinaryPC/Documents/pico-sdk/src/rp2_common/hardware_spi/spi.c.o
 .ARM.attributes
                0x000006d0       0x22 pico-sdk/src/rp2040/boot_stage2/CMakeFiles/bs2_default_library.dir/bs2_default_padded_checksummed.S.o
 .ARM.attributes
                0x000006f2       0x1e /usr/lib/gcc/arm-none-eabi/15.1.0/thumb/v6-m/nofp/libgcc.a(_dvmd_tls.o)
 .ARM.attributes
                0x00000710       0x2c /usr/lib/gcc/arm-none-eabi/15.1.0/../../../../arm-none-eabi/lib/thumb/v6-m/nofp/libg.a(libc_a-atexit.o)
 .ARM.attributes
                0x0000073c       0x2c /usr/lib/gcc/arm-none-eabi/15.1.0/../../../../arm-none-eabi/lib/thumb/v6-m/nofp/libg.a(libc_a-fini.o)
 .ARM.attributes
                0x00000768       0x2c /usr/lib/gcc/arm-none-eabi/15.1.0/../../../../arm-none-eabi/lib/thumb/v6-m/nofp/libg.a(libc_a-lock.o)
 .ARM.attributes
                0x00000794       0x2c /usr/lib/gcc/arm-none-eabi/15.1.0/../../../../arm-none-eabi/lib/thumb/v6-m/nofp/libg.a(libc_a-strlen-stub.o)
 .ARM.attributes
                0x000007c0       0x2c /usr/lib/gcc/arm-none-eabi/15.1.0/../../../../arm-none-eabi/lib/thumb/v6-m/nofp/libg.a(libc_a-__atexit.o)
 .ARM.attributes
                0x000007ec       0x2c /usr/lib/gcc/arm-none-eabi/15.1.0/../../../../arm-none-eabi/lib/thumb/v6-m/nofp/libg.a(libc_a-__call_atexit.o)
 .ARM.attributes
                0x00000818       0x2c /usr/lib/gcc/arm-none-eabi/15.1.0/thumb/v6-m/nofp/crtend.o

.comment        0x00000000       0x46
 .comment       0x00000000       0x46 /usr/lib/gcc/arm-none-eabi/15.1.0/thumb/v6-m/nofp/crtbegin.o
                                 0x24 (size before relaxing)
 .comment       0x00000046       0x24 CMakeFiles/blink.dir/src/main.c.o
 .comment       0x00000046       0x24 CMakeFiles/blink.dir/src/lcd.c.o
 .comment       0x00000046       0x24 CMakeFiles/blink.dir/src/sdcard.c.o
 .comment       0x00000046       0x24 CMakeFiles/blink.dir/src/b_matrix.c.o
 .comment       0x00000046       0x24 CMakeFiles/blink.dir/src/menu.c.o
 .comment       0x00000046       0x24 CMakeFiles/blink.dir/home/TotallyOrdinaryPC/Documents/pico-sdk/src/rp2_common/hardware_gpio/gpio.c.o
 .comment       0x00000046       0x24 CMakeFiles/blink.dir/home/TotallyOrdinaryPC/Documents/pico-sdk/src/rp2_common/pico_platform_panic/panic.c.o
 .comment       0x00000046       0x24 CMakeFiles/blink.dir/home/TotallyOrdinaryPC/Documents/pico-sdk/src/common/hardware_claim/claim.c.o
 .comment       0x00000046       0x24 CMakeFiles/blink.dir/home/TotallyOrdinaryPC/Documents/pico-sdk/src/rp2_common/hardware_sync/sync.c.o
 .comment       0x00000046       0x24 CMakeFiles/blink.dir/home/TotallyOrdinaryPC/Documents/pico-sdk/src/rp2_common/hardware_sync_spin_lock/sync_spin_lock.c.o
 .comment       0x00000046       0x24 CMakeFiles/blink.dir/home/TotallyOrdinaryPC/Documents/pico-sdk/src/rp2_common/hardware_irq/irq.c.o
 .comment       0x00000046       0x24 CMakeFiles/blink.dir/home/TotallyOrdinaryPC/Documents/pico-sdk/src/common/pico_sync/lock_core.c.o
 .comment       0x00000046       0x24 CMakeFiles/blink.dir/home/TotallyOrdinaryPC/Documents/pico-sdk/src/common/pico_sync/mutex.c.o
 .comment       0x00000046       0x24 CMakeFiles/blink.dir/home/TotallyOrdinaryPC/Documents/pico-sdk/src/common/pico_time/time.c.o
 .comment       0x00000046       0x24 CMakeFiles/blink.dir/home/TotallyOrdinaryPC/Documents/pico-sdk/src/rp2_common/hardware_timer/timer.c.o
 .comment       0x00000046       0x24 CMakeFiles/blink.dir/home/TotallyOrdinaryPC/Documents/pico-sdk/src/rp2_common/hardware_clocks/clocks.c.o
 .comment       0x00000046       0x24 CMakeFiles/blink.dir/home/TotallyOrdinaryPC/Documents/pico-sdk/src/rp2_common/hardware_pll/pll.c.o
 .comment       0x00000046       0x24 CMakeFiles/blink.dir/home/TotallyOrdinaryPC/Documents/pico-sdk/src/rp2_common/hardware_ticks/ticks.c.o
 .comment       0x00000046       0x24 CMakeFiles/blink.dir/home/TotallyOrdinaryPC/Documents/pico-sdk/src/rp2_common/pico_bootrom/bootrom.c.o
 .comment       0x00000046       0x24 CMakeFiles/blink.dir/home/TotallyOrdinaryPC/Documents/pico-sdk/src/rp2_common/hardware_xosc/xosc.c.o
 .comment       0x00000046       0x24 CMakeFiles/blink.dir/home/TotallyOrdinaryPC/Documents/pico-sdk/src/rp2_common/pico_runtime/runtime.c.o
 .comment       0x00000046       0x24 CMakeFiles/blink.dir/home/TotallyOrdinaryPC/Documents/pico-sdk/src/rp2_common/pico_runtime_init/runtime_init.c.o
 .comment       0x00000046       0x24 CMakeFiles/blink.dir/home/TotallyOrdinaryPC/Documents/pico-sdk/src/rp2_common/pico_runtime_init/runtime_init_clocks.c.o
 .comment       0x00000046       0x24 CMakeFiles/blink.dir/home/TotallyOrdinaryPC/Documents/pico-sdk/src/rp2_common/pico_double/double_init_rom_rp2040.c.o
 .comment       0x00000046       0x24 CMakeFiles/blink.dir/home/TotallyOrdinaryPC/Documents/pico-sdk/src/rp2_common/pico_float/float_init_rom_rp2040.c.o
 .comment       0x00000046       0x24 CMakeFiles/blink.dir/home/TotallyOrdinaryPC/Documents/pico-sdk/src/rp2_common/pico_standard_binary_info/standard_binary_info.c.o
 .comment       0x00000046       0x24 CMakeFiles/blink.dir/home/TotallyOrdinaryPC/Documents/pico-sdk/src/rp2_common/pico_printf/printf.c.o
 .comment       0x00000046       0x24 CMakeFiles/blink.dir/home/TotallyOrdinaryPC/Documents/pico-sdk/src/rp2_common/pico_clib_interface/newlib_interface.c.o
 .comment       0x00000046       0x24 CMakeFiles/blink.dir/home/TotallyOrdinaryPC/Documents/pico-sdk/src/rp2_common/pico_stdio/stdio.c.o
 .comment       0x00000046       0x24 CMakeFiles/blink.dir/home/TotallyOrdinaryPC/Documents/pico-sdk/src/rp2_common/hardware_i2c/i2c.c.o
 .comment       0x00000046       0x24 CMakeFiles/blink.dir/home/TotallyOrdinaryPC/Documents/pico-sdk/src/rp2_common/hardware_spi/spi.c.o
 .comment       0x00000046       0x24 /usr/lib/gcc/arm-none-eabi/15.1.0/../../../../arm-none-eabi/lib/thumb/v6-m/nofp/libg.a(libc_a-atexit.o)
 .comment       0x00000046       0x24 /usr/lib/gcc/arm-none-eabi/15.1.0/../../../../arm-none-eabi/lib/thumb/v6-m/nofp/libg.a(libc_a-fini.o)
 .comment       0x00000046       0x24 /usr/lib/gcc/arm-none-eabi/15.1.0/../../../../arm-none-eabi/lib/thumb/v6-m/nofp/libg.a(libc_a-lock.o)
 .comment       0x00000046       0x24 /usr/lib/gcc/arm-none-eabi/15.1.0/../../../../arm-none-eabi/lib/thumb/v6-m/nofp/libg.a(libc_a-strlen-stub.o)
 .comment       0x00000046       0x24 /usr/lib/gcc/arm-none-eabi/15.1.0/../../../../arm-none-eabi/lib/thumb/v6-m/nofp/libg.a(libc_a-__atexit.o)
 .comment       0x00000046       0x24 /usr/lib/gcc/arm-none-eabi/15.1.0/../../../../arm-none-eabi/lib/thumb/v6-m/nofp/libg.a(libc_a-__call_atexit.o)
 .comment       0x00000046       0x24 /usr/lib/gcc/arm-none-eabi/15.1.0/thumb/v6-m/nofp/crtend.o

.debug_info     0x00000000    0x22394
 .debug_info    0x00000000     0x10b1 CMakeFiles/blink.dir/src/main.c.o
 .debug_info    0x000010b1     0x10f6 CMakeFiles/blink.dir/src/lcd.c.o
 .debug_info    0x000021a7     0x194e CMakeFiles/blink.dir/src/sdcard.c.o
 .debug_info    0x00003af5     0x10df CMakeFiles/blink.dir/src/b_matrix.c.o
 .debug_info    0x00004bd4      0x5d4 CMakeFiles/blink.dir/src/menu.c.o
 .debug_info    0x000051a8     0x2445 CMakeFiles/blink.dir/home/TotallyOrdinaryPC/Documents/pico-sdk/src/rp2_common/hardware_gpio/gpio.c.o
 .debug_info    0x000075ed      0x1bf CMakeFiles/blink.dir/home/TotallyOrdinaryPC/Documents/pico-sdk/src/rp2_common/pico_platform_panic/panic.c.o
 .debug_info    0x000077ac      0x988 CMakeFiles/blink.dir/home/TotallyOrdinaryPC/Documents/pico-sdk/src/common/hardware_claim/claim.c.o
 .debug_info    0x00008134      0x45f CMakeFiles/blink.dir/home/TotallyOrdinaryPC/Documents/pico-sdk/src/rp2_common/hardware_sync/sync.c.o
 .debug_info    0x00008593      0x245 CMakeFiles/blink.dir/home/TotallyOrdinaryPC/Documents/pico-sdk/src/rp2_common/hardware_sync_spin_lock/sync_spin_lock.c.o
 .debug_info    0x000087d8     0x21be CMakeFiles/blink.dir/home/TotallyOrdinaryPC/Documents/pico-sdk/src/rp2_common/hardware_irq/irq.c.o
 .debug_info    0x0000a996      0x15f CMakeFiles/blink.dir/home/TotallyOrdinaryPC/Documents/pico-sdk/src/common/pico_sync/lock_core.c.o
 .debug_info    0x0000aaf5     0x2786 CMakeFiles/blink.dir/home/TotallyOrdinaryPC/Documents/pico-sdk/src/common/pico_sync/mutex.c.o
 .debug_info    0x0000d27b     0x4f3f CMakeFiles/blink.dir/home/TotallyOrdinaryPC/Documents/pico-sdk/src/common/pico_time/time.c.o
 .debug_info    0x000121ba     0x2aa2 CMakeFiles/blink.dir/home/TotallyOrdinaryPC/Documents/pico-sdk/src/rp2_common/hardware_timer/timer.c.o
 .debug_info    0x00014c5c     0x299a CMakeFiles/blink.dir/home/TotallyOrdinaryPC/Documents/pico-sdk/src/rp2_common/hardware_clocks/clocks.c.o
 .debug_info    0x000175f6      0x4f0 CMakeFiles/blink.dir/home/TotallyOrdinaryPC/Documents/pico-sdk/src/rp2_common/hardware_pll/pll.c.o
 .debug_info    0x00017ae6      0x248 CMakeFiles/blink.dir/home/TotallyOrdinaryPC/Documents/pico-sdk/src/rp2_common/hardware_ticks/ticks.c.o
 .debug_info    0x00017d2e      0x65a CMakeFiles/blink.dir/home/TotallyOrdinaryPC/Documents/pico-sdk/src/rp2_common/pico_bootrom/bootrom.c.o
 .debug_info    0x00018388      0x1d0 CMakeFiles/blink.dir/home/TotallyOrdinaryPC/Documents/pico-sdk/src/rp2_common/hardware_xosc/xosc.c.o
 .debug_info    0x00018558      0x206 CMakeFiles/blink.dir/home/TotallyOrdinaryPC/Documents/pico-sdk/src/rp2_common/pico_runtime/runtime.c.o
 .debug_info    0x0001875e      0x7ea CMakeFiles/blink.dir/home/TotallyOrdinaryPC/Documents/pico-sdk/src/rp2_common/pico_runtime_init/runtime_init.c.o
 .debug_info    0x00018f48      0x781 CMakeFiles/blink.dir/home/TotallyOrdinaryPC/Documents/pico-sdk/src/rp2_common/pico_runtime_init/runtime_init_clocks.c.o
 .debug_info    0x000196c9       0x23 CMakeFiles/blink.dir/home/TotallyOrdinaryPC/Documents/pico-sdk/src/rp2_common/pico_bit_ops/bit_ops_aeabi.S.o
 .debug_info    0x000196ec       0x23 CMakeFiles/blink.dir/home/TotallyOrdinaryPC/Documents/pico-sdk/src/rp2_common/pico_divider/divider_hardware.S.o
 .debug_info    0x0001970f       0x23 CMakeFiles/blink.dir/home/TotallyOrdinaryPC/Documents/pico-sdk/src/rp2_common/pico_double/double_aeabi_rp2040.S.o
 .debug_info    0x00019732      0x27e CMakeFiles/blink.dir/home/TotallyOrdinaryPC/Documents/pico-sdk/src/rp2_common/pico_double/double_init_rom_rp2040.c.o
 .debug_info    0x000199b0       0x23 CMakeFiles/blink.dir/home/TotallyOrdinaryPC/Documents/pico-sdk/src/rp2_common/pico_double/double_v1_rom_shim_rp2040.S.o
 .debug_info    0x000199d3       0x24 CMakeFiles/blink.dir/home/TotallyOrdinaryPC/Documents/pico-sdk/src/rp2_common/pico_int64_ops/pico_int64_ops_aeabi.S.o
 .debug_info    0x000199f7       0x23 CMakeFiles/blink.dir/home/TotallyOrdinaryPC/Documents/pico-sdk/src/rp2_common/pico_float/float_aeabi_rp2040.S.o
 .debug_info    0x00019a1a      0x27e CMakeFiles/blink.dir/home/TotallyOrdinaryPC/Documents/pico-sdk/src/rp2_common/pico_float/float_init_rom_rp2040.c.o
 .debug_info    0x00019c98       0x23 CMakeFiles/blink.dir/home/TotallyOrdinaryPC/Documents/pico-sdk/src/rp2_common/pico_float/float_v1_rom_shim_rp2040.S.o
 .debug_info    0x00019cbb       0x23 CMakeFiles/blink.dir/home/TotallyOrdinaryPC/Documents/pico-sdk/src/rp2_common/pico_mem_ops/mem_ops_aeabi.S.o
 .debug_info    0x00019cde      0x2b8 CMakeFiles/blink.dir/home/TotallyOrdinaryPC/Documents/pico-sdk/src/rp2_common/pico_standard_binary_info/standard_binary_info.c.o
 .debug_info    0x00019f96     0x2307 CMakeFiles/blink.dir/home/TotallyOrdinaryPC/Documents/pico-sdk/src/rp2_common/pico_printf/printf.c.o
 .debug_info    0x0001c29d       0x23 CMakeFiles/blink.dir/home/TotallyOrdinaryPC/Documents/pico-sdk/src/rp2_common/pico_crt0/crt0.S.o
 .debug_info    0x0001c2c0      0xba3 CMakeFiles/blink.dir/home/TotallyOrdinaryPC/Documents/pico-sdk/src/rp2_common/pico_clib_interface/newlib_interface.c.o
 .debug_info    0x0001ce63     0x1b6a CMakeFiles/blink.dir/home/TotallyOrdinaryPC/Documents/pico-sdk/src/rp2_common/pico_stdio/stdio.c.o
 .debug_info    0x0001e9cd     0x1cb6 CMakeFiles/blink.dir/home/TotallyOrdinaryPC/Documents/pico-sdk/src/rp2_common/hardware_i2c/i2c.c.o
 .debug_info    0x00020683     0x1281 CMakeFiles/blink.dir/home/TotallyOrdinaryPC/Documents/pico-sdk/src/rp2_common/hardware_spi/spi.c.o
 .debug_info    0x00021904       0x3c /usr/lib/gcc/arm-none-eabi/15.1.0/thumb/v6-m/nofp/libgcc.a(_dvmd_tls.o)
 .debug_info    0x00021940      0x11e /usr/lib/gcc/arm-none-eabi/15.1.0/../../../../arm-none-eabi/lib/thumb/v6-m/nofp/libg.a(libc_a-atexit.o)
 .debug_info    0x00021a5e       0xf7 /usr/lib/gcc/arm-none-eabi/15.1.0/../../../../arm-none-eabi/lib/thumb/v6-m/nofp/libg.a(libc_a-fini.o)
 .debug_info    0x00021b55      0x218 /usr/lib/gcc/arm-none-eabi/15.1.0/../../../../arm-none-eabi/lib/thumb/v6-m/nofp/libg.a(libc_a-lock.o)
 .debug_info    0x00021d6d       0xeb /usr/lib/gcc/arm-none-eabi/15.1.0/../../../../arm-none-eabi/lib/thumb/v6-m/nofp/libg.a(libc_a-strlen-stub.o)
 .debug_info    0x00021e58      0x25f /usr/lib/gcc/arm-none-eabi/15.1.0/../../../../arm-none-eabi/lib/thumb/v6-m/nofp/libg.a(libc_a-__atexit.o)
 .debug_info    0x000220b7      0x2dd /usr/lib/gcc/arm-none-eabi/15.1.0/../../../../arm-none-eabi/lib/thumb/v6-m/nofp/libg.a(libc_a-__call_atexit.o)

.debug_abbrev   0x00000000     0x658c
 .debug_abbrev  0x00000000      0x3d8 CMakeFiles/blink.dir/src/main.c.o
 .debug_abbrev  0x000003d8      0x284 CMakeFiles/blink.dir/src/lcd.c.o
 .debug_abbrev  0x0000065c      0x364 CMakeFiles/blink.dir/src/sdcard.c.o
 .debug_abbrev  0x000009c0      0x319 CMakeFiles/blink.dir/src/b_matrix.c.o
 .debug_abbrev  0x00000cd9      0x240 CMakeFiles/blink.dir/src/menu.c.o
 .debug_abbrev  0x00000f19      0x4fb CMakeFiles/blink.dir/home/TotallyOrdinaryPC/Documents/pico-sdk/src/rp2_common/hardware_gpio/gpio.c.o
 .debug_abbrev  0x00001414      0x12b CMakeFiles/blink.dir/home/TotallyOrdinaryPC/Documents/pico-sdk/src/rp2_common/pico_platform_panic/panic.c.o
 .debug_abbrev  0x0000153f      0x320 CMakeFiles/blink.dir/home/TotallyOrdinaryPC/Documents/pico-sdk/src/common/hardware_claim/claim.c.o
 .debug_abbrev  0x0000185f      0x20f CMakeFiles/blink.dir/home/TotallyOrdinaryPC/Documents/pico-sdk/src/rp2_common/hardware_sync/sync.c.o
 .debug_abbrev  0x00001a6e      0x1bb CMakeFiles/blink.dir/home/TotallyOrdinaryPC/Documents/pico-sdk/src/rp2_common/hardware_sync_spin_lock/sync_spin_lock.c.o
 .debug_abbrev  0x00001c29      0x629 CMakeFiles/blink.dir/home/TotallyOrdinaryPC/Documents/pico-sdk/src/rp2_common/hardware_irq/irq.c.o
 .debug_abbrev  0x00002252       0xee CMakeFiles/blink.dir/home/TotallyOrdinaryPC/Documents/pico-sdk/src/common/pico_sync/lock_core.c.o
 .debug_abbrev  0x00002340      0x47b CMakeFiles/blink.dir/home/TotallyOrdinaryPC/Documents/pico-sdk/src/common/pico_sync/mutex.c.o
 .debug_abbrev  0x000027bb      0x659 CMakeFiles/blink.dir/home/TotallyOrdinaryPC/Documents/pico-sdk/src/common/pico_time/time.c.o
 .debug_abbrev  0x00002e14      0x4f4 CMakeFiles/blink.dir/home/TotallyOrdinaryPC/Documents/pico-sdk/src/rp2_common/hardware_timer/timer.c.o
 .debug_abbrev  0x00003308      0x4fa CMakeFiles/blink.dir/home/TotallyOrdinaryPC/Documents/pico-sdk/src/rp2_common/hardware_clocks/clocks.c.o
 .debug_abbrev  0x00003802      0x1d6 CMakeFiles/blink.dir/home/TotallyOrdinaryPC/Documents/pico-sdk/src/rp2_common/hardware_pll/pll.c.o
 .debug_abbrev  0x000039d8      0x145 CMakeFiles/blink.dir/home/TotallyOrdinaryPC/Documents/pico-sdk/src/rp2_common/hardware_ticks/ticks.c.o
 .debug_abbrev  0x00003b1d      0x1bc CMakeFiles/blink.dir/home/TotallyOrdinaryPC/Documents/pico-sdk/src/rp2_common/pico_bootrom/bootrom.c.o
 .debug_abbrev  0x00003cd9      0x11d CMakeFiles/blink.dir/home/TotallyOrdinaryPC/Documents/pico-sdk/src/rp2_common/hardware_xosc/xosc.c.o
 .debug_abbrev  0x00003df6      0x170 CMakeFiles/blink.dir/home/TotallyOrdinaryPC/Documents/pico-sdk/src/rp2_common/pico_runtime/runtime.c.o
 .debug_abbrev  0x00003f66      0x26b CMakeFiles/blink.dir/home/TotallyOrdinaryPC/Documents/pico-sdk/src/rp2_common/pico_runtime_init/runtime_init.c.o
 .debug_abbrev  0x000041d1      0x2af CMakeFiles/blink.dir/home/TotallyOrdinaryPC/Documents/pico-sdk/src/rp2_common/pico_runtime_init/runtime_init_clocks.c.o
 .debug_abbrev  0x00004480       0x12 CMakeFiles/blink.dir/home/TotallyOrdinaryPC/Documents/pico-sdk/src/rp2_common/pico_bit_ops/bit_ops_aeabi.S.o
 .debug_abbrev  0x00004492       0x12 CMakeFiles/blink.dir/home/TotallyOrdinaryPC/Documents/pico-sdk/src/rp2_common/pico_divider/divider_hardware.S.o
 .debug_abbrev  0x000044a4       0x12 CMakeFiles/blink.dir/home/TotallyOrdinaryPC/Documents/pico-sdk/src/rp2_common/pico_double/double_aeabi_rp2040.S.o
 .debug_abbrev  0x000044b6      0x17a CMakeFiles/blink.dir/home/TotallyOrdinaryPC/Documents/pico-sdk/src/rp2_common/pico_double/double_init_rom_rp2040.c.o
 .debug_abbrev  0x00004630       0x12 CMakeFiles/blink.dir/home/TotallyOrdinaryPC/Documents/pico-sdk/src/rp2_common/pico_double/double_v1_rom_shim_rp2040.S.o
 .debug_abbrev  0x00004642       0x14 CMakeFiles/blink.dir/home/TotallyOrdinaryPC/Documents/pico-sdk/src/rp2_common/pico_int64_ops/pico_int64_ops_aeabi.S.o
 .debug_abbrev  0x00004656       0x12 CMakeFiles/blink.dir/home/TotallyOrdinaryPC/Documents/pico-sdk/src/rp2_common/pico_float/float_aeabi_rp2040.S.o
 .debug_abbrev  0x00004668      0x173 CMakeFiles/blink.dir/home/TotallyOrdinaryPC/Documents/pico-sdk/src/rp2_common/pico_float/float_init_rom_rp2040.c.o
 .debug_abbrev  0x000047db       0x12 CMakeFiles/blink.dir/home/TotallyOrdinaryPC/Documents/pico-sdk/src/rp2_common/pico_float/float_v1_rom_shim_rp2040.S.o
 .debug_abbrev  0x000047ed       0x12 CMakeFiles/blink.dir/home/TotallyOrdinaryPC/Documents/pico-sdk/src/rp2_common/pico_mem_ops/mem_ops_aeabi.S.o
 .debug_abbrev  0x000047ff       0xb8 CMakeFiles/blink.dir/home/TotallyOrdinaryPC/Documents/pico-sdk/src/rp2_common/pico_standard_binary_info/standard_binary_info.c.o
 .debug_abbrev  0x000048b7      0x4ef CMakeFiles/blink.dir/home/TotallyOrdinaryPC/Documents/pico-sdk/src/rp2_common/pico_printf/printf.c.o
 .debug_abbrev  0x00004da6       0x12 CMakeFiles/blink.dir/home/TotallyOrdinaryPC/Documents/pico-sdk/src/rp2_common/pico_crt0/crt0.S.o
 .debug_abbrev  0x00004db8      0x346 CMakeFiles/blink.dir/home/TotallyOrdinaryPC/Documents/pico-sdk/src/rp2_common/pico_clib_interface/newlib_interface.c.o
 .debug_abbrev  0x000050fe      0x5e6 CMakeFiles/blink.dir/home/TotallyOrdinaryPC/Documents/pico-sdk/src/rp2_common/pico_stdio/stdio.c.o
 .debug_abbrev  0x000056e4      0x49c CMakeFiles/blink.dir/home/TotallyOrdinaryPC/Documents/pico-sdk/src/rp2_common/hardware_i2c/i2c.c.o
 .debug_abbrev  0x00005b80      0x331 CMakeFiles/blink.dir/home/TotallyOrdinaryPC/Documents/pico-sdk/src/rp2_common/hardware_spi/spi.c.o
 .debug_abbrev  0x00005eb1       0x26 /usr/lib/gcc/arm-none-eabi/15.1.0/thumb/v6-m/nofp/libgcc.a(_dvmd_tls.o)
 .debug_abbrev  0x00005ed7       0xbe /usr/lib/gcc/arm-none-eabi/15.1.0/../../../../arm-none-eabi/lib/thumb/v6-m/nofp/libg.a(libc_a-atexit.o)
 .debug_abbrev  0x00005f95       0xc9 /usr/lib/gcc/arm-none-eabi/15.1.0/../../../../arm-none-eabi/lib/thumb/v6-m/nofp/libg.a(libc_a-fini.o)
 .debug_abbrev  0x0000605e      0x115 /usr/lib/gcc/arm-none-eabi/15.1.0/../../../../arm-none-eabi/lib/thumb/v6-m/nofp/libg.a(libc_a-lock.o)
 .debug_abbrev  0x00006173       0x90 /usr/lib/gcc/arm-none-eabi/15.1.0/../../../../arm-none-eabi/lib/thumb/v6-m/nofp/libg.a(libc_a-strlen-stub.o)
 .debug_abbrev  0x00006203      0x189 /usr/lib/gcc/arm-none-eabi/15.1.0/../../../../arm-none-eabi/lib/thumb/v6-m/nofp/libg.a(libc_a-__atexit.o)
 .debug_abbrev  0x0000638c      0x200 /usr/lib/gcc/arm-none-eabi/15.1.0/../../../../arm-none-eabi/lib/thumb/v6-m/nofp/libg.a(libc_a-__call_atexit.o)

.debug_loclists
                0x00000000    0x1280a
 .debug_loclists
                0x00000000      0x22b CMakeFiles/blink.dir/src/main.c.o
 .debug_loclists
                0x0000022b      0x357 CMakeFiles/blink.dir/src/lcd.c.o
 .debug_loclists
                0x00000582      0x783 CMakeFiles/blink.dir/src/sdcard.c.o
 .debug_loclists
                0x00000d05      0x5bf CMakeFiles/blink.dir/src/b_matrix.c.o
 .debug_loclists
                0x000012c4       0xbb CMakeFiles/blink.dir/src/menu.c.o
 .debug_loclists
                0x0000137f     0x18f5 CMakeFiles/blink.dir/home/TotallyOrdinaryPC/Documents/pico-sdk/src/rp2_common/hardware_gpio/gpio.c.o
 .debug_loclists
                0x00002c74      0x36d CMakeFiles/blink.dir/home/TotallyOrdinaryPC/Documents/pico-sdk/src/common/hardware_claim/claim.c.o
 .debug_loclists
                0x00002fe1      0x108 CMakeFiles/blink.dir/home/TotallyOrdinaryPC/Documents/pico-sdk/src/rp2_common/hardware_sync/sync.c.o
 .debug_loclists
                0x000030e9       0x7d CMakeFiles/blink.dir/home/TotallyOrdinaryPC/Documents/pico-sdk/src/rp2_common/hardware_sync_spin_lock/sync_spin_lock.c.o
 .debug_loclists
                0x00003166     0x108c CMakeFiles/blink.dir/home/TotallyOrdinaryPC/Documents/pico-sdk/src/rp2_common/hardware_irq/irq.c.o
 .debug_loclists
                0x000041f2       0x41 CMakeFiles/blink.dir/home/TotallyOrdinaryPC/Documents/pico-sdk/src/common/pico_sync/lock_core.c.o
 .debug_loclists
                0x00004233      0xad8 CMakeFiles/blink.dir/home/TotallyOrdinaryPC/Documents/pico-sdk/src/common/pico_sync/mutex.c.o
 .debug_loclists
                0x00004d0b     0x2851 CMakeFiles/blink.dir/home/TotallyOrdinaryPC/Documents/pico-sdk/src/common/pico_time/time.c.o
 .debug_loclists
                0x0000755c     0x18f6 CMakeFiles/blink.dir/home/TotallyOrdinaryPC/Documents/pico-sdk/src/rp2_common/hardware_timer/timer.c.o
 .debug_loclists
                0x00008e52     0x2e22 CMakeFiles/blink.dir/home/TotallyOrdinaryPC/Documents/pico-sdk/src/rp2_common/hardware_clocks/clocks.c.o
 .debug_loclists
                0x0000bc74      0x1cf CMakeFiles/blink.dir/home/TotallyOrdinaryPC/Documents/pico-sdk/src/rp2_common/hardware_pll/pll.c.o
 .debug_loclists
                0x0000be43       0x47 CMakeFiles/blink.dir/home/TotallyOrdinaryPC/Documents/pico-sdk/src/rp2_common/hardware_ticks/ticks.c.o
 .debug_loclists
                0x0000be8a      0x351 CMakeFiles/blink.dir/home/TotallyOrdinaryPC/Documents/pico-sdk/src/rp2_common/pico_bootrom/bootrom.c.o
 .debug_loclists
                0x0000c1db       0x48 CMakeFiles/blink.dir/home/TotallyOrdinaryPC/Documents/pico-sdk/src/rp2_common/hardware_xosc/xosc.c.o
 .debug_loclists
                0x0000c223       0x7e CMakeFiles/blink.dir/home/TotallyOrdinaryPC/Documents/pico-sdk/src/rp2_common/pico_runtime/runtime.c.o
 .debug_loclists
                0x0000c2a1      0x141 CMakeFiles/blink.dir/home/TotallyOrdinaryPC/Documents/pico-sdk/src/rp2_common/pico_runtime_init/runtime_init.c.o
 .debug_loclists
                0x0000c3e2       0x69 CMakeFiles/blink.dir/home/TotallyOrdinaryPC/Documents/pico-sdk/src/rp2_common/pico_runtime_init/runtime_init_clocks.c.o
 .debug_loclists
                0x0000c44b       0x3d CMakeFiles/blink.dir/home/TotallyOrdinaryPC/Documents/pico-sdk/src/rp2_common/pico_double/double_init_rom_rp2040.c.o
 .debug_loclists
                0x0000c488       0x59 CMakeFiles/blink.dir/home/TotallyOrdinaryPC/Documents/pico-sdk/src/rp2_common/pico_float/float_init_rom_rp2040.c.o
 .debug_loclists
                0x0000c4e1     0x3100 CMakeFiles/blink.dir/home/TotallyOrdinaryPC/Documents/pico-sdk/src/rp2_common/pico_printf/printf.c.o
 .debug_loclists
                0x0000f5e1      0x419 CMakeFiles/blink.dir/home/TotallyOrdinaryPC/Documents/pico-sdk/src/rp2_common/pico_clib_interface/newlib_interface.c.o
 .debug_loclists
                0x0000f9fa      0xdda CMakeFiles/blink.dir/home/TotallyOrdinaryPC/Documents/pico-sdk/src/rp2_common/pico_stdio/stdio.c.o
 .debug_loclists
                0x000107d4     0x1133 CMakeFiles/blink.dir/home/TotallyOrdinaryPC/Documents/pico-sdk/src/rp2_common/hardware_i2c/i2c.c.o
 .debug_loclists
                0x00011907      0xb9a CMakeFiles/blink.dir/home/TotallyOrdinaryPC/Documents/pico-sdk/src/rp2_common/hardware_spi/spi.c.o
 .debug_loclists
                0x000124a1       0x30 /usr/lib/gcc/arm-none-eabi/15.1.0/../../../../arm-none-eabi/lib/thumb/v6-m/nofp/libg.a(libc_a-atexit.o)
 .debug_loclists
                0x000124d1       0x34 /usr/lib/gcc/arm-none-eabi/15.1.0/../../../../arm-none-eabi/lib/thumb/v6-m/nofp/libg.a(libc_a-fini.o)
 .debug_loclists
                0x00012505       0x29 /usr/lib/gcc/arm-none-eabi/15.1.0/../../../../arm-none-eabi/lib/thumb/v6-m/nofp/libg.a(libc_a-lock.o)
 .debug_loclists
                0x0001252e       0x64 /usr/lib/gcc/arm-none-eabi/15.1.0/../../../../arm-none-eabi/lib/thumb/v6-m/nofp/libg.a(libc_a-strlen-stub.o)
 .debug_loclists
                0x00012592      0x122 /usr/lib/gcc/arm-none-eabi/15.1.0/../../../../arm-none-eabi/lib/thumb/v6-m/nofp/libg.a(libc_a-__atexit.o)
 .debug_loclists
                0x000126b4      0x156 /usr/lib/gcc/arm-none-eabi/15.1.0/../../../../arm-none-eabi/lib/thumb/v6-m/nofp/libg.a(libc_a-__call_atexit.o)

.debug_aranges  0x00000000     0x1198
 .debug_aranges
                0x00000000       0x28 CMakeFiles/blink.dir/src/main.c.o
 .debug_aranges
                0x00000028       0x48 CMakeFiles/blink.dir/src/lcd.c.o
 .debug_aranges
                0x00000070       0x40 CMakeFiles/blink.dir/src/sdcard.c.o
 .debug_aranges
                0x000000b0       0x40 CMakeFiles/blink.dir/src/b_matrix.c.o
 .debug_aranges
                0x000000f0       0x30 CMakeFiles/blink.dir/src/menu.c.o
 .debug_aranges
                0x00000120      0x118 CMakeFiles/blink.dir/home/TotallyOrdinaryPC/Documents/pico-sdk/src/rp2_common/hardware_gpio/gpio.c.o
 .debug_aranges
                0x00000238       0x28 CMakeFiles/blink.dir/home/TotallyOrdinaryPC/Documents/pico-sdk/src/rp2_common/pico_platform_panic/panic.c.o
 .debug_aranges
                0x00000260       0x48 CMakeFiles/blink.dir/home/TotallyOrdinaryPC/Documents/pico-sdk/src/common/hardware_claim/claim.c.o
 .debug_aranges