Archive member included to satisfy reference by file (symbol)

/usr/lib/gcc/arm-none-eabi/12.2.1/thumb/v6-m/nofp/libgcc.a(_dvmd_tls.o)
                              CMakeFiles/blink.dir/home/kxxpa/pico/pico-sdk/src/rp2_common/pico_divider/divider_hardware.S.o (__aeabi_idiv0)
/usr/lib/gcc/arm-none-eabi/12.2.1/../../../arm-none-eabi/lib/thumb/v6-m/nofp/libg.a(lib_a-atexit.o)
                              /usr/lib/gcc/arm-none-eabi/12.2.1/../../../arm-none-eabi/lib/thumb/v6-m/nofp/crt0.o (atexit)
/usr/lib/gcc/arm-none-eabi/12.2.1/../../../arm-none-eabi/lib/thumb/v6-m/nofp/libg.a(lib_a-calloc.o)
                              CMakeFiles/blink.dir/home/kxxpa/pico/pico-sdk/src/rp2_common/pico_malloc/malloc.c.o (calloc)
/usr/lib/gcc/arm-none-eabi/12.2.1/../../../arm-none-eabi/lib/thumb/v6-m/nofp/libg.a(lib_a-callocr.o)
                              /usr/lib/gcc/arm-none-eabi/12.2.1/../../../arm-none-eabi/lib/thumb/v6-m/nofp/libg.a(lib_a-calloc.o) (_calloc_r)
/usr/lib/gcc/arm-none-eabi/12.2.1/../../../arm-none-eabi/lib/thumb/v6-m/nofp/libg.a(lib_a-ctype_.o)
                              CMakeFiles/blink.dir/home/kxxpa/pico/pico-sdk/lib/tinyusb/src/tusb.c.o (_ctype_)
/usr/lib/gcc/arm-none-eabi/12.2.1/../../../arm-none-eabi/lib/thumb/v6-m/nofp/libg.a(lib_a-fini.o)
                              /usr/lib/gcc/arm-none-eabi/12.2.1/../../../arm-none-eabi/lib/thumb/v6-m/nofp/crt0.o (__libc_fini_array)
/usr/lib/gcc/arm-none-eabi/12.2.1/../../../arm-none-eabi/lib/thumb/v6-m/nofp/libg.a(lib_a-impure.o)
                              /usr/lib/gcc/arm-none-eabi/12.2.1/../../../arm-none-eabi/lib/thumb/v6-m/nofp/libg.a(lib_a-calloc.o) (_impure_ptr)
/usr/lib/gcc/arm-none-eabi/12.2.1/../../../arm-none-eabi/lib/thumb/v6-m/nofp/libg.a(lib_a-init.o)
                              /usr/lib/gcc/arm-none-eabi/12.2.1/../../../arm-none-eabi/lib/thumb/v6-m/nofp/crt0.o (__libc_init_array)
/usr/lib/gcc/arm-none-eabi/12.2.1/../../../arm-none-eabi/lib/thumb/v6-m/nofp/libg.a(lib_a-lcltime_r.o)
                              CMakeFiles/blink.dir/home/kxxpa/pico/pico-sdk/src/common/pico_util/datetime.c.o (localtime_r)
/usr/lib/gcc/arm-none-eabi/12.2.1/../../../arm-none-eabi/lib/thumb/v6-m/nofp/libg.a(lib_a-malloc.o)
                              CMakeFiles/blink.dir/home/kxxpa/pico/pico-sdk/src/rp2_common/pico_malloc/malloc.c.o (malloc)
/usr/lib/gcc/arm-none-eabi/12.2.1/../../../arm-none-eabi/lib/thumb/v6-m/nofp/libg.a(lib_a-mallocr.o)
                              /usr/lib/gcc/arm-none-eabi/12.2.1/../../../arm-none-eabi/lib/thumb/v6-m/nofp/libg.a(lib_a-callocr.o) (_malloc_r)
/usr/lib/gcc/arm-none-eabi/12.2.1/../../../arm-none-eabi/lib/thumb/v6-m/nofp/libg.a(lib_a-memcmp.o)
                              CMakeFiles/blink.dir/home/kxxpa/pico/pico-sdk/src/rp2_common/pico_atomic/atomic.c.o (memcmp)
/usr/lib/gcc/arm-none-eabi/12.2.1/../../../arm-none-eabi/lib/thumb/v6-m/nofp/libg.a(lib_a-mktime.o)
                              CMakeFiles/blink.dir/home/kxxpa/pico/pico-sdk/src/common/pico_util/datetime.c.o (mktime)
/usr/lib/gcc/arm-none-eabi/12.2.1/../../../arm-none-eabi/lib/thumb/v6-m/nofp/libg.a(lib_a-mlock.o)
                              /usr/lib/gcc/arm-none-eabi/12.2.1/../../../arm-none-eabi/lib/thumb/v6-m/nofp/libg.a(lib_a-mallocr.o) (__malloc_lock)
/usr/lib/gcc/arm-none-eabi/12.2.1/../../../arm-none-eabi/lib/thumb/v6-m/nofp/libg.a(lib_a-month_lengths.o)
                              /usr/lib/gcc/arm-none-eabi/12.2.1/../../../arm-none-eabi/lib/thumb/v6-m/nofp/libg.a(lib_a-lcltime_r.o) (__month_lengths)
/usr/lib/gcc/arm-none-eabi/12.2.1/../../../arm-none-eabi/lib/thumb/v6-m/nofp/libg.a(lib_a-realloc.o)
                              CMakeFiles/blink.dir/home/kxxpa/pico/pico-sdk/src/rp2_common/pico_malloc/malloc.c.o (realloc)
/usr/lib/gcc/arm-none-eabi/12.2.1/../../../arm-none-eabi/lib/thumb/v6-m/nofp/libg.a(lib_a-reallocr.o)
                              /usr/lib/gcc/arm-none-eabi/12.2.1/../../../arm-none-eabi/lib/thumb/v6-m/nofp/libg.a(lib_a-realloc.o) (_realloc_r)
/usr/lib/gcc/arm-none-eabi/12.2.1/../../../arm-none-eabi/lib/thumb/v6-m/nofp/libg.a(lib_a-sbrkr.o)
                              /usr/lib/gcc/arm-none-eabi/12.2.1/../../../arm-none-eabi/lib/thumb/v6-m/nofp/libg.a(lib_a-mallocr.o) (_sbrk_r)
/usr/lib/gcc/arm-none-eabi/12.2.1/../../../arm-none-eabi/lib/thumb/v6-m/nofp/libg.a(lib_a-strlen-stub.o)
                              CMakeFiles/blink.dir/home/kxxpa/pico/pico-sdk/src/rp2_common/pico_stdio/stdio.c.o (strlen)
/usr/lib/gcc/arm-none-eabi/12.2.1/../../../arm-none-eabi/lib/thumb/v6-m/nofp/libg.a(lib_a-tzcalc_limits.o)
                              /usr/lib/gcc/arm-none-eabi/12.2.1/../../../arm-none-eabi/lib/thumb/v6-m/nofp/libg.a(lib_a-lcltime_r.o) (__tzcalc_limits)
/usr/lib/gcc/arm-none-eabi/12.2.1/../../../arm-none-eabi/lib/thumb/v6-m/nofp/libg.a(lib_a-tzlock.o)
                              /usr/lib/gcc/arm-none-eabi/12.2.1/../../../arm-none-eabi/lib/thumb/v6-m/nofp/libg.a(lib_a-lcltime_r.o) (__tz_lock)
[...]
Memory Configuration

Name             Origin             Length             Attributes
FLASH            0x10000000         0x00200000         xr
RAM              0x20000000         0x00040000         xrw
SCRATCH_X        0x20040000         0x00001000         xrw
SCRATCH_Y        0x20041000         0x00001000         xrw
*default*        0x00000000         0xffffffff

Linker script and memory map

LOAD /usr/lib/gcc/arm-none-eabi/12.2.1/thumb/v6-m/nofp/crti.o
LOAD /usr/lib/gcc/arm-none-eabi/12.2.1/thumb/v6-m/nofp/crtbegin.o
LOAD /usr/lib/gcc/arm-none-eabi/12.2.1/../../../arm-none-eabi/lib/thumb/v6-m/nofp/crt0.o

.flash_begin    0x10000000        0x0
                0x10000000                        __flash_binary_start = .

.boot2          0x10000000      0x100
                0x10000000                        __boot2_start__ = .
 *(.boot2)
 .boot2         0x10000000      0x100 pico-sdk/src/rp2040/boot_stage2/CMakeFiles/bs2_default_library.dir/bs2_default_padded_checksummed.S.o
                0x10000100                        __boot2_end__ = .
                0x00000001                        ASSERT (((__boot2_end__ - __boot2_start__) == 0x100), ERROR: Pico second stage bootloader must be 256 bytes in size)

.text           0x10000100     0x752c
                0x10000100                        __logical_binary_start = .
 *(.vectors)
 .vectors       0x10000100       0xd4 CMakeFiles/blink.dir/home/kxxpa/pico/pico-sdk/src/rp2_common/pico_crt0/crt0.S.o
                0x10000100                __vectors
                0x10000100                __VECTOR_TABLE
                0x100001c0                isr_irq30
                0x100001c0                __unhandled_user_irq
                0x100001c0                isr_irq13
                0x100001c0                isr_irq27
                0x100001c0                isr_irq31
                0x100001c0                isr_irq5
                0x100001c0                isr_irq11
                0x100001c0                isr_irq23
                0x100001c0                isr_irq18
                0x100001c0                isr_irq28
                0x100001c0                isr_irq19
                0x100001c0                isr_irq0
                0x100001c0                isr_irq6
                0x100001c0                isr_irq22
                0x100001c0                isr_irq17
                0x100001c0                isr_irq14
                0x100001c0                __vectors_end
                0x100001c0                __default_isrs_start
                0x100001c0                isr_irq2
                0x100001c0                isr_irq10
                0x100001c0                isr_irq8
                0x100001c0                isr_irq24
                0x100001c0                isr_irq1
                0x100001c0                isr_irq7
                0x100001c0                isr_irq21
                0x100001c0                isr_irq20
                0x100001c0                isr_irq15
                0x100001c0                isr_irq25
                0x100001c0                isr_irq4
                0x100001c0                isr_irq16
                0x100001c0                isr_irq29
                0x100001c0                isr_irq26
                0x100001c0                isr_irq3
                0x100001c0                isr_irq12
                0x100001c0                isr_irq9
                0x100001c6                unhandled_user_irq_num_in_r0
                0x100001c8                isr_invalid
                0x100001ca                isr_nmi
                0x100001cc                isr_hardfault
                0x100001ce                isr_svcall
                0x100001d0                isr_pendsv
                0x100001d2                isr_systick
                0x100001d4                __default_isrs_end
 *(.binary_info_header)
 .binary_info_header
                0x100001d4       0x14 CMakeFiles/blink.dir/home/kxxpa/pico/pico-sdk/src/rp2_common/pico_crt0/crt0.S.o
                0x100001e8                        __binary_info_header_end = .
 *(.embedded_block)
                0x100001e8                        __embedded_block_end = .
 *(.reset)
 .reset         0x100001e8       0x9c CMakeFiles/blink.dir/home/kxxpa/pico/pico-sdk/src/rp2_common/pico_crt0/crt0.S.o
                0x100001e8                _entry_point
 *(.init)
 .init          0x10000284        0x4 /usr/lib/gcc/arm-none-eabi/12.2.1/thumb/v6-m/nofp/crti.o
                0x10000284                _init
 *(EXCLUDE_FILE(*libm.a: *libc.a:*lib_a-mem*.o *libgcc.a:) .text*)
 .text          0x10000288       0x98 /usr/lib/gcc/arm-none-eabi/12.2.1/thumb/v6-m/nofp/crtbegin.o
 .text.main     0x10000320      0x1bc CMakeFiles/blink.dir/src/main.c.o
                0x10000320                main
 .text.pulse_enable
                0x100004dc       0x50 CMakeFiles/blink.dir/src/lcd.c.o
                0x100004dc                pulse_enable
 .text.lcd_byte
                0x1000052c       0x30 CMakeFiles/blink.dir/src/lcd.c.o
                0x1000052c                lcd_byte
 .text.lcd_backlight
                0x1000055c       0x2c CMakeFiles/blink.dir/src/lcd.c.o
                0x1000055c                lcd_backlight
 .text.lcd_init
                0x10000588       0x5a CMakeFiles/blink.dir/src/lcd.c.o
                0x10000588                lcd_init
 *fill*         0x100005e2        0x2 
 .text.lcd_set_cursor
                0x100005e4       0x20 CMakeFiles/blink.dir/src/lcd.c.o
                0x100005e4                lcd_set_cursor
 .text.lcd_string
                0x10000604       0x16 CMakeFiles/blink.dir/src/lcd.c.o
                0x10000604                lcd_string
 *fill*         0x1000061a        0x2 
 .text.spi_txrx
                0x1000061c       0x24 CMakeFiles/blink.dir/src/sdcard.c.o
 .text.sd_wait_response
                0x10000640       0x34 CMakeFiles/blink.dir/src/sdcard.c.o
 .text.sd_send_command
                0x10000674       0x54 CMakeFiles/blink.dir/src/sdcard.c.o
 .text.sd_init  0x100006c8       0xd4 CMakeFiles/blink.dir/src/sdcard.c.o
                0x100006c8                sd_init
 .text.sd_read_block
                0x1000079c       0xbc CMakeFiles/blink.dir/src/sdcard.c.o
                0x1000079c                sd_read_block
 .text.sd_write_block
                0x10000858       0xa8 CMakeFiles/blink.dir/src/sdcard.c.o
                0x10000858                sd_write_block
 .text.matrix_init
                0x10000900       0x68 CMakeFiles/blink.dir/src/b_matrix.c.o
                0x10000900                matrix_init
 .text.matrix_read_rows
                0x10000968       0x50 CMakeFiles/blink.dir/src/b_matrix.c.o
                0x10000968                matrix_read_rows
 .text.matrix_clear_columns
                0x100009b8       0x12 CMakeFiles/blink.dir/src/b_matrix.c.o
                0x100009b8                matrix_clear_columns
 .text.matrix_set_column
                0x100009ca       0x2c CMakeFiles/blink.dir/src/b_matrix.c.o
                0x100009ca                matrix_set_column
 .text.matrix_scan
                0x100009f6       0x44 CMakeFiles/blink.dir/src/b_matrix.c.o
                0x100009f6                matrix_scan
 *fill*         0x10000a3a        0x2 
 .text.gpio_set_function
                0x10000a3c       0x34 CMakeFiles/blink.dir/home/kxxpa/pico/pico-sdk/src/rp2_common/hardware_gpio/gpio.c.o
                0x10000a3c                gpio_set_function
 .text.gpio_set_pulls
                0x10000a70       0x38 CMakeFiles/blink.dir/home/kxxpa/pico/pico-sdk/src/rp2_common/hardware_gpio/gpio.c.o
                0x10000a70                gpio_set_pulls
 .text.gpio_init
                0x10000aa8       0x16 CMakeFiles/blink.dir/home/kxxpa/pico/pico-sdk/src/rp2_common/hardware_gpio/gpio.c.o
                0x10000aa8                gpio_init
 *fill*         0x10000abe        0x2 
 .text.rp2040_chip_version
                0x10000ac0       0x4c CMakeFiles/blink.dir/home/kxxpa/pico/pico-sdk/src/rp2040/pico_platform/platform.c.o
                0x10000ac0                rp2040_chip_version
 .text.panic    0x10000b0c       0x30 CMakeFiles/blink.dir/home/kxxpa/pico/pico-sdk/src/rp2_common/pico_platform_panic/panic.c.o
                0x10000b0c                panic
 .text.hw_claim_lock
                0x10000b3c       0x18 CMakeFiles/blink.dir/home/kxxpa/pico/pico-sdk/src/common/hardware_claim/claim.c.o
                0x10000b3c                hw_claim_lock
 .text.hw_claim_unlock
                0x10000b54       0x14 CMakeFiles/blink.dir/home/kxxpa/pico/pico-sdk/src/common/hardware_claim/claim.c.o
                0x10000b54                hw_claim_unlock
 .text.hw_claim_or_assert
                0x10000b68       0x32 CMakeFiles/blink.dir/home/kxxpa/pico/pico-sdk/src/common/hardware_claim/claim.c.o
                0x10000b68                hw_claim_or_assert
 .text.hw_claim_unused_from_range
                0x10000b9a       0x50 CMakeFiles/blink.dir/home/kxxpa/pico/pico-sdk/src/common/hardware_claim/claim.c.o
                0x10000b9a                hw_claim_unused_from_range
 *fill*         0x10000bea        0x2 
 .text.next_striped_spin_lock_num
                0x10000bec       0x1c CMakeFiles/blink.dir/home/kxxpa/pico/pico-sdk/src/rp2_common/hardware_sync/sync.c.o
                0x10000bec                next_striped_spin_lock_num
 .text.spin_lock_claim_unused
                0x10000c08       0x24 CMakeFiles/blink.dir/home/kxxpa/pico/pico-sdk/src/rp2_common/hardware_sync/sync.c.o
                0x10000c08                spin_lock_claim_unused
 .text.spin_locks_reset
                0x10000c2c       0x20 CMakeFiles/blink.dir/home/kxxpa/pico/pico-sdk/src/rp2_common/hardware_sync_spin_lock/sync_spin_lock.c.o
                0x10000c2c                spin_locks_reset
 .text.set_raw_irq_handler_and_unlock
                0x10000c4c       0x28 CMakeFiles/blink.dir/home/kxxpa/pico/pico-sdk/src/rp2_common/hardware_irq/irq.c.o
 .text.nvic_ipr0
                0x10000c74        0x8 CMakeFiles/blink.dir/home/kxxpa/pico/pico-sdk/src/rp2_common/hardware_irq/irq.c.o
 .text.runtime_init_per_core_irq_priorities
                0x10000c7c       0x1c CMakeFiles/blink.dir/home/kxxpa/pico/pico-sdk/src/rp2_common/hardware_irq/irq.c.o
                0x10000c7c                runtime_init_per_core_irq_priorities
 .text.resolve_j_16
                0x10000c98       0x30 CMakeFiles/blink.dir/home/kxxpa/pico/pico-sdk/src/rp2_common/hardware_irq/irq.c.o
 .text.make_j_16
                0x10000cc8       0x48 CMakeFiles/blink.dir/home/kxxpa/pico/pico-sdk/src/rp2_common/hardware_irq/irq.c.o
 .text.irq_is_enabled
                0x10000d10       0x18 CMakeFiles/blink.dir/home/kxxpa/pico/pico-sdk/src/rp2_common/hardware_irq/irq.c.o
                0x10000d10                irq_is_enabled
 .text.irq_set_mask_n_enabled
                0x10000d28       0x1c CMakeFiles/blink.dir/home/kxxpa/pico/pico-sdk/src/rp2_common/hardware_irq/irq.c.o
                0x10000d28                irq_set_mask_n_enabled
 .text.irq_set_enabled
                0x10000d44       0x14 CMakeFiles/blink.dir/home/kxxpa/pico/pico-sdk/src/rp2_common/hardware_irq/irq.c.o
                0x10000d44                irq_set_enabled
 .text.irq_set_pending
                0x10000d58       0x10 CMakeFiles/blink.dir/home/kxxpa/pico/pico-sdk/src/rp2_common/hardware_irq/irq.c.o
                0x10000d58                irq_set_pending
 .text.irq_get_vtable_handler
                0x10000d68       0x10 CMakeFiles/blink.dir/home/kxxpa/pico/pico-sdk/src/rp2_common/hardware_irq/irq.c.o
                0x10000d68                irq_get_vtable_handler
 .text.irq_has_shared_handler
                0x10000d78       0x1c CMakeFiles/blink.dir/home/kxxpa/pico/pico-sdk/src/rp2_common/hardware_irq/irq.c.o
                0x10000d78                irq_has_shared_handler
 .text.irq_set_exclusive_handler
                0x10000d94       0x54 CMakeFiles/blink.dir/home/kxxpa/pico/pico-sdk/src/rp2_common/hardware_irq/irq.c.o
                0x10000d94                irq_set_exclusive_handler
 .text.irq_add_shared_handler
                0x10000de8      0x218 CMakeFiles/blink.dir/home/kxxpa/pico/pico-sdk/src/rp2_common/hardware_irq/irq.c.o
                0x10000de8                irq_add_shared_handler
 .text.irq_add_tail_to_free_list
                0x10001000       0xf4 CMakeFiles/blink.dir/home/kxxpa/pico/pico-sdk/src/rp2_common/hardware_irq/irq.c.o
                0x10001000                irq_add_tail_to_free_list
 .text.user_irq_claim_unused
                0x100010f4       0x2c CMakeFiles/blink.dir/home/kxxpa/pico/pico-sdk/src/rp2_common/hardware_irq/irq.c.o
                0x100010f4                user_irq_claim_unused
 .text.lock_init
                0x10001120       0x10 CMakeFiles/blink.dir/home/kxxpa/pico/pico-sdk/src/common/pico_sync/lock_core.c.o
                0x10001120                lock_init
 .text.mutex_init
                0x10001130       0x1a CMakeFiles/blink.dir/home/kxxpa/pico/pico-sdk/src/common/pico_sync/mutex.c.o
                0x10001130                mutex_init
 .text.recursive_mutex_init
                0x1000114a       0x1e CMakeFiles/blink.dir/home/kxxpa/pico/pico-sdk/src/common/pico_sync/mutex.c.o
                0x1000114a                recursive_mutex_init
 .text.runtime_init_mutex
                0x10001168       0x4c CMakeFiles/blink.dir/home/kxxpa/pico/pico-sdk/src/common/pico_sync/mutex.c.o
                0x10001168                runtime_init_mutex
 .text.critical_section_init_with_lock_num
                0x100011b4       0x14 CMakeFiles/blink.dir/home/kxxpa/pico/pico-sdk/src/common/pico_sync/critical_section.c.o
                0x100011b4                critical_section_init_with_lock_num
 .text.critical_section_init
                0x100011c8       0x14 CMakeFiles/blink.dir/home/kxxpa/pico/pico-sdk/src/common/pico_sync/critical_section.c.o
                0x100011c8                critical_section_init
 .text.ta_set_timeout
                0x100011dc       0x24 CMakeFiles/blink.dir/home/kxxpa/pico/pico-sdk/src/common/pico_time/time.c.o
 .text.make_alarm_id
                0x10001200        0x6 CMakeFiles/blink.dir/home/kxxpa/pico/pico-sdk/src/common/pico_time/time.c.o
 *fill*         0x10001206        0x2 
 .text.sleep_until_callback
                0x10001208       0x30 CMakeFiles/blink.dir/home/kxxpa/pico/pico-sdk/src/common/pico_time/time.c.o
 .text.alarm_pool_irq_handler
                0x10001238      0x2e8 CMakeFiles/blink.dir/home/kxxpa/pico/pico-sdk/src/common/pico_time/time.c.o
 .text.ta_enable_irq_handler
                0x10001520       0x2c CMakeFiles/blink.dir/home/kxxpa/pico/pico-sdk/src/common/pico_time/time.c.o
 .text.alarm_pool_post_alloc_init
                0x1000154c       0x78 CMakeFiles/blink.dir/home/kxxpa/pico/pico-sdk/src/common/pico_time/time.c.o
 .text.alarm_pool_get_default
                0x100015c4       0x2c CMakeFiles/blink.dir/home/kxxpa/pico/pico-sdk/src/common/pico_time/time.c.o
                0x100015c4                alarm_pool_get_default
 .text.alarm_pool_add_alarm_at_force_in_context
                0x100015f0       0xa4 CMakeFiles/blink.dir/home/kxxpa/pico/pico-sdk/src/common/pico_time/time.c.o
                0x100015f0                alarm_pool_add_alarm_at_force_in_context
 .text.alarm_pool_add_alarm_at
                0x10001694       0x3c CMakeFiles/blink.dir/home/kxxpa/pico/pico-sdk/src/common/pico_time/time.c.o
                0x10001694                alarm_pool_add_alarm_at
 .text.add_alarm_at
                0x100016d0       0x2e CMakeFiles/blink.dir/home/kxxpa/pico/pico-sdk/src/common/pico_time/time.c.o
 *fill*         0x100016fe        0x2 
 .text.alarm_pool_cancel_alarm
                0x10001700       0x78 CMakeFiles/blink.dir/home/kxxpa/pico/pico-sdk/src/common/pico_time/time.c.o
                0x10001700                alarm_pool_cancel_alarm
 .text.cancel_alarm
                0x10001778       0x10 CMakeFiles/blink.dir/home/kxxpa/pico/pico-sdk/src/common/pico_time/time.c.o
 .text.alarm_pool_core_num
                0x10001788        0x4 CMakeFiles/blink.dir/home/kxxpa/pico/pico-sdk/src/common/pico_time/time.c.o
                0x10001788                alarm_pool_core_num
 .text.sleep_until
                0x1000178c       0xc0 CMakeFiles/blink.dir/home/kxxpa/pico/pico-sdk/src/common/pico_time/time.c.o
                0x1000178c                sleep_until
 .text.sleep_us
                0x1000184c       0x24 CMakeFiles/blink.dir/home/kxxpa/pico/pico-sdk/src/common/pico_time/time.c.o
                0x1000184c                sleep_us
 .text.sleep_ms
                0x10001870       0x14 CMakeFiles/blink.dir/home/kxxpa/pico/pico-sdk/src/common/pico_time/time.c.o
                0x10001870                sleep_ms
 .text.best_effort_wfe_or_timeout
                0x10001884      0x12c CMakeFiles/blink.dir/home/kxxpa/pico/pico-sdk/src/common/pico_time/time.c.o
                0x10001884                best_effort_wfe_or_timeout
 .text.alarm_pool_get_default_timer
                0x100019b0        0x8 CMakeFiles/blink.dir/home/kxxpa/pico/pico-sdk/src/common/pico_time/time.c.o
                0x100019b0                alarm_pool_get_default_timer
 .text.runtime_init_default_alarm_pool
                0x100019b8       0x38 CMakeFiles/blink.dir/home/kxxpa/pico/pico-sdk/src/common/pico_time/time.c.o
                0x100019b8                runtime_init_default_alarm_pool
 .text.timer_hardware_alarm_claim
                0x100019f0       0x14 CMakeFiles/blink.dir/home/kxxpa/pico/pico-sdk/src/rp2_common/hardware_timer/timer.c.o
                0x100019f0                timer_hardware_alarm_claim
 .text.timer_time_us_64
                0x10001a04       0x10 CMakeFiles/blink.dir/home/kxxpa/pico/pico-sdk/src/rp2_common/hardware_timer/timer.c.o
                0x10001a04                timer_time_us_64
 .text.timer_busy_wait_until
                0x10001a14       0x1a CMakeFiles/blink.dir/home/kxxpa/pico/pico-sdk/src/rp2_common/hardware_timer/timer.c.o
                0x10001a14                timer_busy_wait_until
 *fill*         0x10001a2e        0x2 
 .text.time_us_64
                0x10001a30       0x10 CMakeFiles/blink.dir/home/kxxpa/pico/pico-sdk/src/rp2_common/hardware_timer/timer.c.o
                0x10001a30                time_us_64
 .text.busy_wait_until
                0x10001a40       0x14 CMakeFiles/blink.dir/home/kxxpa/pico/pico-sdk/src/rp2_common/hardware_timer/timer.c.o
                0x10001a40                busy_wait_until
 .text.clock_configure_internal
                0x10001a54       0xc4 CMakeFiles/blink.dir/home/kxxpa/pico/pico-sdk/src/rp2_common/hardware_clocks/clocks.c.o
 .text.clock_configure_int_divider
                0x10001b18       0x28 CMakeFiles/blink.dir/home/kxxpa/pico/pico-sdk/src/rp2_common/hardware_clocks/clocks.c.o
                0x10001b18                clock_configure_int_divider
 .text.clock_configure_undivided
                0x10001b40       0x12 CMakeFiles/blink.dir/home/kxxpa/pico/pico-sdk/src/rp2_common/hardware_clocks/clocks.c.o
                0x10001b40                clock_configure_undivided
 *fill*         0x10001b52        0x2 
 .text.clock_get_hz
                0x10001b54        0xc CMakeFiles/blink.dir/home/kxxpa/pico/pico-sdk/src/rp2_common/hardware_clocks/clocks.c.o
                0x10001b54                clock_get_hz
 .text.pll_init
                0x10001b60      0x124 CMakeFiles/blink.dir/home/kxxpa/pico/pico-sdk/src/rp2_common/hardware_pll/pll.c.o
                0x10001b60                pll_init
 .text.watchdog_update
                0x10001c84       0x14 CMakeFiles/blink.dir/home/kxxpa/pico/pico-sdk/src/rp2_common/hardware_watchdog/watchdog.c.o
                0x10001c84                watchdog_update
 .text._watchdog_enable
                0x10001c98       0x78 CMakeFiles/blink.dir/home/kxxpa/pico/pico-sdk/src/rp2_common/hardware_watchdog/watchdog.c.o
                0x10001c98                _watchdog_enable
 .text.watchdog_reboot
                0x10001d10       0x48 CMakeFiles/blink.dir/home/kxxpa/pico/pico-sdk/src/rp2_common/hardware_watchdog/watchdog.c.o
                0x10001d10                watchdog_reboot
 .text.tick_start
                0x10001d58       0x10 CMakeFiles/blink.dir/home/kxxpa/pico/pico-sdk/src/rp2_common/hardware_ticks/ticks.c.o
                0x10001d58                tick_start
 .text.rom_func_lookup
                0x10001d68       0x10 CMakeFiles/blink.dir/home/kxxpa/pico/pico-sdk/src/rp2_common/pico_bootrom/bootrom.c.o
                0x10001d68                rom_func_lookup
 .text.rom_data_lookup
                0x10001d78       0x10 CMakeFiles/blink.dir/home/kxxpa/pico/pico-sdk/src/rp2_common/pico_bootrom/bootrom.c.o
                0x10001d78                rom_data_lookup
 .text.rom_funcs_lookup
                0x10001d88       0x36 CMakeFiles/blink.dir/home/kxxpa/pico/pico-sdk/src/rp2_common/pico_bootrom/bootrom.c.o
                0x10001d88                rom_funcs_lookup
 *fill*         0x10001dbe        0x2 
 .text.rom_reset_usb_boot_extra
                0x10001dc0       0x24 CMakeFiles/blink.dir/home/kxxpa/pico/pico-sdk/src/rp2_common/pico_bootrom/bootrom.c.o
                0x10001dc0                rom_reset_usb_boot_extra
 .text.xosc_init
                0x10001de4       0x2c CMakeFiles/blink.dir/home/kxxpa/pico/pico-sdk/src/rp2_common/hardware_xosc/xosc.c.o
                0x10001de4                xosc_init
 .text.runtime_run_initializers_from
                0x10001e10       0x18 CMakeFiles/blink.dir/home/kxxpa/pico/pico-sdk/src/rp2_common/pico_runtime/runtime.c.o
 .text.first_per_core_initializer
                0x10001e28        0x2 CMakeFiles/blink.dir/home/kxxpa/pico/pico-sdk/src/rp2_common/pico_runtime/runtime.c.o
 *fill*         0x10001e2a        0x2 
 .text.runtime_run_initializers
                0x10001e2c       0x10 CMakeFiles/blink.dir/home/kxxpa/pico/pico-sdk/src/rp2_common/pico_runtime/runtime.c.o
                0x10001e2c                runtime_run_initializers
 .text.runtime_init_early_resets
                0x10001e3c       0x2c CMakeFiles/blink.dir/home/kxxpa/pico/pico-sdk/src/rp2_common/pico_runtime_init/runtime_init.c.o
                0x10001e3c                runtime_init_early_resets
 .text.runtime_init_usb_power_down
                0x10001e68       0x1c CMakeFiles/blink.dir/home/kxxpa/pico/pico-sdk/src/rp2_common/pico_runtime_init/runtime_init.c.o
                0x10001e68                runtime_init_usb_power_down
 .text.runtime_init_post_clock_resets
                0x10001e84       0x20 CMakeFiles/blink.dir/home/kxxpa/pico/pico-sdk/src/rp2_common/pico_runtime_init/runtime_init.c.o
                0x10001e84                runtime_init_post_clock_resets
 .text.runtime_init_rp2040_gpio_ie_disable
                0x10001ea4       0x14 CMakeFiles/blink.dir/home/kxxpa/pico/pico-sdk/src/rp2_common/pico_runtime_init/runtime_init.c.o
                0x10001ea4                runtime_init_rp2040_gpio_ie_disable
 .text.runtime_init_spin_locks_reset
                0x10001eb8        0x8 CMakeFiles/blink.dir/home/kxxpa/pico/pico-sdk/src/rp2_common/pico_runtime_init/runtime_init.c.o
                0x10001eb8                runtime_init_spin_locks_reset
 .text.runtime_init_install_ram_vector_table
                0x10001ec0       0x48 CMakeFiles/blink.dir/home/kxxpa/pico/pico-sdk/src/rp2_common/pico_runtime_init/runtime_init.c.o
                0x10001ec0                runtime_init_install_ram_vector_table
 .text.start_all_ticks
                0x10001f08       0x28 CMakeFiles/blink.dir/home/kxxpa/pico/pico-sdk/src/rp2_common/pico_runtime_init/runtime_init_clocks.c.o
 .text.runtime_init_clocks
                0x10001f30       0xcc CMakeFiles/blink.dir/home/kxxpa/pico/pico-sdk/src/rp2_common/pico_runtime_init/runtime_init_clocks.c.o
                0x10001f30                runtime_init_clocks
 .text          0x10001ffc       0x10 CMakeFiles/blink.dir/home/kxxpa/pico/pico-sdk/src/rp2_common/pico_bit_ops/bit_ops_aeabi.S.o
 .text.__wrap___aeabi_idiv
                0x1000200c       0x50 CMakeFiles/blink.dir/home/kxxpa/pico/pico-sdk/src/rp2_common/pico_divider/divider_hardware.S.o
                0x1000200c                __wrap___aeabi_idivmod
                0x1000200c                divmod_s32s32
                0x1000200c                div_s32s32
                0x1000200c                __wrap___aeabi_idiv
                0x10002014                divmod_s32s32_unsafe
                0x10002040                divmod_s32s32_savestate
 .text.__wrap___aeabi_uidiv
                0x1000205c       0x4c CMakeFiles/blink.dir/home/kxxpa/pico/pico-sdk/src/rp2_common/pico_divider/divider_hardware.S.o
                0x1000205c                __wrap___aeabi_uidiv
                0x1000205c                __wrap___aeabi_uidivmod
                0x1000205c                div_u32u32
                0x1000205c                divmod_u32u32
                0x10002064                divmod_u32u32_unsafe
                0x1000208c                divmod_u32u32_savestate
 .text.__wrap___aeabi_ldiv
                0x100020a8      0x424 CMakeFiles/blink.dir/home/kxxpa/pico/pico-sdk/src/rp2_common/pico_divider/divider_hardware.S.o
                0x100020a8                div_s64s64
                0x100020a8                divmod_s64s64
                0x100020a8                __wrap___aeabi_ldivmod
                0x100020d8                div_u64u64
                0x100020d8                divmod_u64u64
                0x100020d8                __wrap___aeabi_uldivmod
                0x100020e8                divmod_u64u64_savestate
                0x10002108                divmod_s64s64_unsafe
                0x10002190                divmod_u64u64_unsafe
 .text.__wrap___aeabi_darithmetic
                0x100024cc       0x80 CMakeFiles/blink.dir/home/kxxpa/pico/pico-sdk/src/rp2_common/pico_double/double_aeabi_rp2040.S.o
                0x100024cc                __wrap___aeabi_drsub
                0x100024d2                __wrap___aeabi_dsub
                0x100024e4                __wrap___aeabi_dadd
                0x100024f6                __wrap___aeabi_ddiv
                0x10002532                __wrap___aeabi_dmul
 .text.__wrap___aeabi_cdcmple
                0x1000254c       0x6c CMakeFiles/blink.dir/home/kxxpa/pico/pico-sdk/src/rp2_common/pico_double/double_aeabi_rp2040.S.o
                0x1000254c                __wrap___aeabi_cdrcmple
                0x1000255c                __wrap___aeabi_cdcmple
                0x1000255c                __wrap___aeabi_cdcmpeq
 .text.__wrap___aeabi_dcmplt
                0x100025b8        0xc CMakeFiles/blink.dir/home/kxxpa/pico/pico-sdk/src/rp2_common/pico_double/double_aeabi_rp2040.S.o
                0x100025b8                __wrap___aeabi_dcmplt
 .text.__wrap___aeabi_dcmple
                0x100025c4       0x10 CMakeFiles/blink.dir/home/kxxpa/pico/pico-sdk/src/rp2_common/pico_double/double_aeabi_rp2040.S.o
                0x100025c4                __wrap___aeabi_dcmple
 .text.__wrap___aeabi_dcmpge
                0x100025d4       0x10 CMakeFiles/blink.dir/home/kxxpa/pico/pico-sdk/src/rp2_common/pico_double/double_aeabi_rp2040.S.o
                0x100025d4                __wrap___aeabi_dcmpge
 .text.__wrap___aeabi_dcmpgt
                0x100025e4        0xa CMakeFiles/blink.dir/home/kxxpa/pico/pico-sdk/src/rp2_common/pico_double/double_aeabi_rp2040.S.o
                0x100025e4                __wrap___aeabi_dcmpgt
 .text.__wrap___aeabi_dcmpun
                0x100025ee       0x18 CMakeFiles/blink.dir/home/kxxpa/pico/pico-sdk/src/rp2_common/pico_double/double_aeabi_rp2040.S.o
                0x100025ee                __wrap___aeabi_dcmpun
 *fill*         0x10002606        0x2 
 .text.__wrap___aeabi_i2d
                0x10002608       0x38 CMakeFiles/blink.dir/home/kxxpa/pico/pico-sdk/src/rp2_common/pico_double/double_aeabi_rp2040.S.o
                0x10002608                __wrap___aeabi_ui2d
                0x10002608                uint2double
                0x10002610                __wrap___aeabi_i2d
                0x10002610                int2double
 .text.__wrap___aeabi_d2iz
                0x10002640       0x48 CMakeFiles/blink.dir/home/kxxpa/pico/pico-sdk/src/rp2_common/pico_double/double_aeabi_rp2040.S.o
                0x10002640                __wrap___aeabi_d2iz
                0x10002640                double2int_z
 .text.__wrap___aeabi_d2uiz
                0x10002688       0x18 CMakeFiles/blink.dir/home/kxxpa/pico/pico-sdk/src/rp2_common/pico_double/double_aeabi_rp2040.S.o
                0x10002688                double2uint_z
                0x10002688                double2uint
                0x10002688                __wrap___aeabi_d2uiz
 .text.__aeabi_double_init
                0x100026a0       0xcc CMakeFiles/blink.dir/home/kxxpa/pico/pico-sdk/src/rp2_common/pico_double/double_init_rom_rp2040.c.o
                0x100026a0                __aeabi_double_init
 .text.double_table_shim_on_use_helper
                0x1000276c       0x34 CMakeFiles/blink.dir/home/kxxpa/pico/pico-sdk/src/rp2_common/pico_double/double_v1_rom_shim_rp2040.S.o
                0x1000276c                double_table_shim_on_use_helper
 .text.__wrap___aeabi_dsub
                0x100027a0       0x10 CMakeFiles/blink.dir/home/kxxpa/pico/pico-sdk/src/rp2_common/pico_double/double_v1_rom_shim_rp2040.S.o
                0x100027a0                drsub_shim
                0x100027a6                dsub_shim
 .text.dadd_shim
                0x100027b0      0x15c CMakeFiles/blink.dir/home/kxxpa/pico/pico-sdk/src/rp2_common/pico_double/double_v1_rom_shim_rp2040.S.o
                0x100027b0                dadd_shim
 .text.dmul_shim
                0x1000290c      0x15c CMakeFiles/blink.dir/home/kxxpa/pico/pico-sdk/src/rp2_common/pico_double/double_v1_rom_shim_rp2040.S.o
                0x1000290c                dmul_shim
 .text.ddiv_shim
                0x10002a68      0x1b0 CMakeFiles/blink.dir/home/kxxpa/pico/pico-sdk/src/rp2_common/pico_double/double_v1_rom_shim_rp2040.S.o
                0x10002a68                ddiv_shim
 .text.double2uint_shim
                0x10002c18        0xe CMakeFiles/blink.dir/home/kxxpa/pico/pico-sdk/src/rp2_common/pico_double/double_v1_rom_shim_rp2040.S.o
                0x10002c18                double2uint_shim
                0x10002c1a                double2ufix_shim
 *fill*         0x10002c26        0x2 
 .text.double2uint64_shim
                0x10002c28       0x70 CMakeFiles/blink.dir/home/kxxpa/pico/pico-sdk/src/rp2_common/pico_double/double_v1_rom_shim_rp2040.S.o
                0x10002c28                double2uint64_shim
                0x10002c2a                double2ufix64_shim
                0x10002c4a                d2fix_a
 .text.dunpacks
                0x10002c98       0x3c CMakeFiles/blink.dir/home/kxxpa/pico/pico-sdk/src/rp2_common/pico_double/double_v1_rom_shim_rp2040.S.o
                0x10002c98                dunpacks
 .text.__aeabi_lmul
                0x10002cd4       0x32 CMakeFiles/blink.dir/home/kxxpa/pico/pico-sdk/src/rp2_common/pico_int64_ops/pico_int64_ops_aeabi.S.o
                0x10002cd4                __wrap___aeabi_lmul
 *fill*         0x10002d06        0x2 
 .text.__aeabi_float_init
                0x10002d08       0xfc CMakeFiles/blink.dir/home/kxxpa/pico/pico-sdk/src/rp2_common/pico_float/float_init_rom_rp2040.c.o
                0x10002d08                __aeabi_float_init
 .text.float_table_shim_on_use_helper
                0x10002e04       0x34 CMakeFiles/blink.dir/home/kxxpa/pico/pico-sdk/src/rp2_common/pico_float/float_v1_rom_shim_rp2040.S.o
                0x10002e04                float_table_shim_on_use_helper
 .text          0x10002e38       0x10 CMakeFiles/blink.dir/home/kxxpa/pico/pico-sdk/src/rp2_common/pico_mem_ops/mem_ops_aeabi.S.o
                0x10002e38                __aeabi_mem_init
 .text.memset   0x10002e48        0xc CMakeFiles/blink.dir/home/kxxpa/pico/pico-sdk/src/rp2_common/pico_mem_ops/mem_ops_aeabi.S.o
                0x10002e48                __wrap_memset
 .text.memcpy   0x10002e54        0xc CMakeFiles/blink.dir/home/kxxpa/pico/pico-sdk/src/rp2_common/pico_mem_ops/mem_ops_aeabi.S.o
                0x10002e54                __wrap___aeabi_memcpy
                0x10002e54                __wrap_memcpy
 .text._out_null
                0x10002e60        0x2 CMakeFiles/blink.dir/home/kxxpa/pico/pico-sdk/src/rp2_common/pico_printf/printf.c.o
 .text._out_fct
                0x10002e62        0xe CMakeFiles/blink.dir/home/kxxpa/pico/pico-sdk/src/rp2_common/pico_printf/printf.c.o
 .text._atoi    0x10002e70       0x24 CMakeFiles/blink.dir/home/kxxpa/pico/pico-sdk/src/rp2_common/pico_printf/printf.c.o
 .text._out_rev
                0x10002e94       0xae CMakeFiles/blink.dir/home/kxxpa/pico/pico-sdk/src/rp2_common/pico_printf/printf.c.o
 .text._ntoa_format
                0x10002f42      0x110 CMakeFiles/blink.dir/home/kxxpa/pico/pico-sdk/src/rp2_common/pico_printf/printf.c.o
 .text._ntoa_long
                0x10003052       0xbc CMakeFiles/blink.dir/home/kxxpa/pico/pico-sdk/src/rp2_common/pico_printf/printf.c.o
 .text._ntoa_long_long
                0x1000310e      0x10e CMakeFiles/blink.dir/home/kxxpa/pico/pico-sdk/src/rp2_common/pico_printf/printf.c.o
 .text._etoa    0x1000321c      0x420 CMakeFiles/blink.dir/home/kxxpa/pico/pico-sdk/src/rp2_common/pico_printf/printf.c.o
 .text._ftoa    0x1000363c      0x354 CMakeFiles/blink.dir/home/kxxpa/pico/pico-sdk/src/rp2_common/pico_printf/printf.c.o
 .text._vsnprintf
                0x10003990      0x65c CMakeFiles/blink.dir/home/kxxpa/pico/pico-sdk/src/rp2_common/pico_printf/printf.c.o
 .text.vfctprintf
                0x10003fec       0x20 CMakeFiles/blink.dir/home/kxxpa/pico/pico-sdk/src/rp2_common/pico_printf/printf.c.o
                0x10003fec                vfctprintf
 .text._exit    0x1000400c        0x4 CMakeFiles/blink.dir/home/kxxpa/pico/pico-sdk/src/rp2_common/pico_clib_interface/newlib_interface.c.o
                0x1000400c                _exit
 .text.exit     0x10004010        0x6 CMakeFiles/blink.dir/home/kxxpa/pico/pico-sdk/src/rp2_common/pico_clib_interface/newlib_interface.c.o
                0x10004010                exit
 *fill*         0x10004016        0x2 
 .text.__assert_func
                0x10004018       0x38 CMakeFiles/blink.dir/home/kxxpa/pico/pico-sdk/src/rp2_common/pico_clib_interface/newlib_interface.c.o
                0x10004018                __assert_func
 .text.runtime_init
                0x10004050       0x28 CMakeFiles/blink.dir/home/kxxpa/pico/pico-sdk/src/rp2_common/pico_clib_interface/newlib_interface.c.o
                0x10004050                runtime_init
 .text.stdio_out_chars_no_crlf
                0x10004078        0xe CMakeFiles/blink.dir/home/kxxpa/pico/pico-sdk/src/rp2_common/pico_stdio/stdio.c.o
 *fill*         0x10004086        0x2 
 .text.stdio_out_chars_crlf
                0x10004088       0x80 CMakeFiles/blink.dir/home/kxxpa/pico/pico-sdk/src/rp2_common/pico_stdio/stdio.c.o
 .text.stdio_stack_buffer_flush
                0x10004108       0x44 CMakeFiles/blink.dir/home/kxxpa/pico/pico-sdk/src/rp2_common/pico_stdio/stdio.c.o
 .text.stdio_buffered_printer
                0x1000414c       0x20 CMakeFiles/blink.dir/home/kxxpa/pico/pico-sdk/src/rp2_common/pico_stdio/stdio.c.o
 .text.stdout_serialize_begin
                0x1000416c       0x30 CMakeFiles/blink.dir/home/kxxpa/pico/pico-sdk/src/rp2_common/pico_stdio/stdio.c.o
                0x1000416c                stdout_serialize_begin
 .text.stdout_serialize_end
                0x1000419c       0x10 CMakeFiles/blink.dir/home/kxxpa/pico/pico-sdk/src/rp2_common/pico_stdio/stdio.c.o
                0x1000419c                stdout_serialize_end
 .text.stdio_put_string
                0x100041ac       0x94 CMakeFiles/blink.dir/home/kxxpa/pico/pico-sdk/src/rp2_common/pico_stdio/stdio.c.o
                0x100041ac                stdio_put_string
 .text.stdio_set_driver_enabled
                0x10004240       0x2c CMakeFiles/blink.dir/home/kxxpa/pico/pico-sdk/src/rp2_common/pico_stdio/stdio.c.o
                0x10004240                stdio_set_driver_enabled
 .text.stdio_flush
                0x1000426c       0x20 CMakeFiles/blink.dir/home/kxxpa/pico/pico-sdk/src/rp2_common/pico_stdio/stdio.c.o
                0x1000426c                stdio_flush
 .text.stdio_init_all
                0x1000428c        0x8 CMakeFiles/blink.dir/home/kxxpa/pico/pico-sdk/src/rp2_common/pico_stdio/stdio.c.o
                0x1000428c                stdio_init_all
 .text.__wrap_puts
                0x10004294       0x1e CMakeFiles/blink.dir/home/kxxpa/pico/pico-sdk/src/rp2_common/pico_stdio/stdio.c.o
                0x10004294                __wrap_puts
                0x10004294                stdio_puts
 *fill*         0x100042b2        0x2 
 .text.__wrap_vprintf
                0x100042b4       0x40 CMakeFiles/blink.dir/home/kxxpa/pico/pico-sdk/src/rp2_common/pico_stdio/stdio.c.o
                0x100042b4                __wrap_vprintf
                0x100042b4                stdio_vprintf
 .text.__wrap_printf
                0x100042f4       0x18 CMakeFiles/blink.dir/home/kxxpa/pico/pico-sdk/src/rp2_common/pico_stdio/stdio.c.o
                0x100042f4                stdio_printf
                0x100042f4                __wrap_printf
 .text.resetd_init
                0x1000430c        0x2 CMakeFiles/blink.dir/home/kxxpa/pico/pico-sdk/src/rp2_common/pico_stdio_usb/reset_interface.c.o
 *fill*         0x1000430e        0x2 
 .text.resetd_reset
                0x10004310        0xc CMakeFiles/blink.dir/home/kxxpa/pico/pico-sdk/src/rp2_common/pico_stdio_usb/reset_interface.c.o
 .text.resetd_open
                0x1000431c       0x34 CMakeFiles/blink.dir/home/kxxpa/pico/pico-sdk/src/rp2_common/pico_stdio_usb/reset_interface.c.o
 .text.resetd_xfer_cb
                0x10004350        0x4 CMakeFiles/blink.dir/home/kxxpa/pico/pico-sdk/src/rp2_common/pico_stdio_usb/reset_interface.c.o
 .text.resetd_control_xfer_cb
                0x10004354       0x60 CMakeFiles/blink.dir/home/kxxpa/pico/pico-sdk/src/rp2_common/pico_stdio_usb/reset_interface.c.o
 .text.tud_descriptor_bos_cb
                0x100043b4        0x8 CMakeFiles/blink.dir/home/kxxpa/pico/pico-sdk/src/rp2_common/pico_stdio_usb/reset_interface.c.o
                0x100043b4                tud_descriptor_bos_cb
 .text.tud_vendor_control_xfer_cb
                0x100043bc       0x38 CMakeFiles/blink.dir/home/kxxpa/pico/pico-sdk/src/rp2_common/pico_stdio_usb/reset_interface.c.o
                0x100043bc                tud_vendor_control_xfer_cb
 .text.usbd_app_driver_get_cb
                0x100043f4        0xc CMakeFiles/blink.dir/home/kxxpa/pico/pico-sdk/src/rp2_common/pico_stdio_usb/reset_interface.c.o
                0x100043f4                usbd_app_driver_get_cb
 .text.tud_cdc_line_coding_cb
                0x10004400       0x2c CMakeFiles/blink.dir/home/kxxpa/pico/pico-sdk/src/rp2_common/pico_stdio_usb/reset_interface.c.o
                0x10004400                tud_cdc_line_coding_cb
 .text.stdio_usb_set_chars_available_callback
                0x1000442c       0x14 CMakeFiles/blink.dir/home/kxxpa/pico/pico-sdk/src/rp2_common/pico_stdio_usb/stdio_usb.c.o
                0x1000442c                stdio_usb_set_chars_available_callback
 .text.stdio_usb_out_flush
                0x10004440       0x4c CMakeFiles/blink.dir/home/kxxpa/pico/pico-sdk/src/rp2_common/pico_stdio_usb/stdio_usb.c.o
 .text.usb_irq  0x1000448c       0x10 CMakeFiles/blink.dir/home/kxxpa/pico/pico-sdk/src/rp2_common/pico_stdio_usb/stdio_usb.c.o
 .text.timer_task
                0x1000449c       0x6c CMakeFiles/blink.dir/home/kxxpa/pico/pico-sdk/src/rp2_common/pico_stdio_usb/stdio_usb.c.o
 .text.alarm_pool_add_alarm_in_us
                0x10004508       0x40 CMakeFiles/blink.dir/home/kxxpa/pico/pico-sdk/src/rp2_common/pico_stdio_usb/stdio_usb.c.o
 .text.add_alarm_in_us
                0x10004548       0x2e CMakeFiles/blink.dir/home/kxxpa/pico/pico-sdk/src/rp2_common/pico_stdio_usb/stdio_usb.c.o
 *fill*         0x10004576        0x2 
 .text.low_priority_worker_irq
                0x10004578       0xac CMakeFiles/blink.dir/home/kxxpa/pico/pico-sdk/src/rp2_common/pico_stdio_usb/stdio_usb.c.o
 .text.stdio_usb_init
                0x10004624       0xe0 CMakeFiles/blink.dir/home/kxxpa/pico/pico-sdk/src/rp2_common/pico_stdio_usb/stdio_usb.c.o
                0x10004624                stdio_usb_init
 .text.stdio_usb_connected
                0x10004704        0xa CMakeFiles/blink.dir/home/kxxpa/pico/pico-sdk/src/rp2_common/pico_stdio_usb/stdio_usb.c.o
                0x10004704                stdio_usb_connected
 *fill*         0x1000470e        0x2 
 .text.stdio_usb_in_chars
                0x10004710       0x98 CMakeFiles/blink.dir/home/kxxpa/pico/pico-sdk/src/rp2_common/pico_stdio_usb/stdio_usb.c.o
                0x10004710                stdio_usb_in_chars
 .text.stdio_usb_out_chars
                0x100047a8       0xe8 CMakeFiles/blink.dir/home/kxxpa/pico/pico-sdk/src/rp2_common/pico_stdio_usb/stdio_usb.c.o
 .text.tud_descriptor_device_cb
                0x10004890        0x8 CMakeFiles/blink.dir/home/kxxpa/pico/pico-sdk/src/rp2_common/pico_stdio_usb/stdio_usb_descriptors.c.o
                0x10004890                tud_descriptor_device_cb
 .text.tud_descriptor_configuration_cb
                0x10004898        0x8 CMakeFiles/blink.dir/home/kxxpa/pico/pico-sdk/src/rp2_common/pico_stdio_usb/stdio_usb_descriptors.c.o
                0x10004898                tud_descriptor_configuration_cb
 .text.tud_descriptor_string_cb
                0x100048a0       0x6c CMakeFiles/blink.dir/home/kxxpa/pico/pico-sdk/src/rp2_common/pico_stdio_usb/stdio_usb_descriptors.c.o
                0x100048a0                tud_descriptor_string_cb
 .text._retrieve_unique_id_on_boot
                0x1000490c       0x10 CMakeFiles/blink.dir/home/kxxpa/pico/pico-sdk/src/rp2_common/pico_unique_id/unique_id.c.o
 .text.pico_get_unique_board_id_string
                0x1000491c       0x5c CMakeFiles/blink.dir/home/kxxpa/pico/pico-sdk/src/rp2_common/pico_unique_id/unique_id.c.o
                0x1000491c                pico_get_unique_board_id_string
 .text.flash_get_unique_id
                0x10004978       0x46 CMakeFiles/blink.dir/home/kxxpa/pico/pico-sdk/src/rp2_common/hardware_flash/flash.c.o
                0x10004978                flash_get_unique_id
 *fill*         0x100049be        0x2 
 .text.hw_endpoint_init
                0x100049c0       0xbc CMakeFiles/blink.dir/home/kxxpa/pico/pico-sdk/lib/tinyusb/src/portable/raspberrypi/rp2040/dcd_rp2040.c.o
 .text.hw_endpoint_alloc
                0x10004a7c       0x48 CMakeFiles/blink.dir/home/kxxpa/pico/pico-sdk/lib/tinyusb/src/portable/raspberrypi/rp2040/dcd_rp2040.c.o
 .text.hw_endpoint_open
                0x10004ac4       0x50 CMakeFiles/blink.dir/home/kxxpa/pico/pico-sdk/lib/tinyusb/src/portable/raspberrypi/rp2040/dcd_rp2040.c.o
 .text.hw_endpoint_xfer
                0x10004b14       0x20 CMakeFiles/blink.dir/home/kxxpa/pico/pico-sdk/lib/tinyusb/src/portable/raspberrypi/rp2040/dcd_rp2040.c.o
 .text.dcd_int_enable
                0x10004b34       0x2c CMakeFiles/blink.dir/home/kxxpa/pico/pico-sdk/lib/tinyusb/src/portable/raspberrypi/rp2040/dcd_rp2040.c.o
                0x10004b34                dcd_int_enable
 .text.dcd_set_address
                0x10004b60       0x2c CMakeFiles/blink.dir/home/kxxpa/pico/pico-sdk/lib/tinyusb/src/portable/raspberrypi/rp2040/dcd_rp2040.c.o
                0x10004b60                dcd_set_address
 .text.dcd_connect
                0x10004b8c       0x10 CMakeFiles/blink.dir/home/kxxpa/pico/pico-sdk/lib/tinyusb/src/portable/raspberrypi/rp2040/dcd_rp2040.c.o
                0x10004b8c                dcd_connect
 .text.dcd_init
                0x10004b9c       0x80 CMakeFiles/blink.dir/home/kxxpa/pico/pico-sdk/lib/tinyusb/src/portable/raspberrypi/rp2040/dcd_rp2040.c.o
                0x10004b9c                dcd_init
 .text.dcd_sof_enable
                0x10004c1c       0x1c CMakeFiles/blink.dir/home/kxxpa/pico/pico-sdk/lib/tinyusb/src/portable/raspberrypi/rp2040/dcd_rp2040.c.o
                0x10004c1c                dcd_sof_enable
 .text.dcd_edpt0_status_complete
                0x10004c38       0x1c CMakeFiles/blink.dir/home/kxxpa/pico/pico-sdk/lib/tinyusb/src/portable/raspberrypi/rp2040/dcd_rp2040.c.o
                0x10004c38                dcd_edpt0_status_complete
 .text.dcd_edpt_open
                0x10004c54       0x26 CMakeFiles/blink.dir/home/kxxpa/pico/pico-sdk/lib/tinyusb/src/portable/raspberrypi/rp2040/dcd_rp2040.c.o
                0x10004c54                dcd_edpt_open
 .text.dcd_edpt_close_all
                0x10004c7a        0x8 CMakeFiles/blink.dir/home/kxxpa/pico/pico-sdk/lib/tinyusb/src/portable/raspberrypi/rp2040/dcd_rp2040.c.o
                0x10004c7a                dcd_edpt_close_all
 *fill*         0x10004c82        0x2 
 .text.dcd_edpt_xfer
                0x10004c84       0x30 CMakeFiles/blink.dir/home/kxxpa/pico/pico-sdk/lib/tinyusb/src/portable/raspberrypi/rp2040/dcd_rp2040.c.o
                0x10004c84                dcd_edpt_xfer
 .text.dcd_edpt_stall
                0x10004cb4       0x3c CMakeFiles/blink.dir/home/kxxpa/pico/pico-sdk/lib/tinyusb/src/portable/raspberrypi/rp2040/dcd_rp2040.c.o
                0x10004cb4                dcd_edpt_stall
 .text.dcd_edpt_clear_stall
                0x10004cf0       0x30 CMakeFiles/blink.dir/home/kxxpa/pico/pico-sdk/lib/tinyusb/src/portable/raspberrypi/rp2040/dcd_rp2040.c.o
                0x10004cf0                dcd_edpt_clear_stall
 .text.unaligned_memcpy
                0x10004d20       0x14 CMakeFiles/blink.dir/home/kxxpa/pico/pico-sdk/lib/tinyusb/src/portable/raspberrypi/rp2040/rp2040_usb.c.o
 .text.rp2040_usb_init
                0x10004d34       0x44 CMakeFiles/blink.dir/home/kxxpa/pico/pico-sdk/lib/tinyusb/src/portable/raspberrypi/rp2040/rp2040_usb.c.o
                0x10004d34                rp2040_usb_init
 .text.hw_endpoint_xfer_start
                0x10004d78       0x60 CMakeFiles/blink.dir/home/kxxpa/pico/pico-sdk/lib/tinyusb/src/portable/raspberrypi/rp2040/rp2040_usb.c.o
                0x10004d78                hw_endpoint_xfer_start
 .text.configuration_reset
                0x10004dd8       0x84 CMakeFiles/blink.dir/home/kxxpa/pico/pico-sdk/lib/tinyusb/src/device/usbd.c.o
 .text.usbd_reset
                0x10004e5c        0xc CMakeFiles/blink.dir/home/kxxpa/pico/pico-sdk/lib/tinyusb/src/device/usbd.c.o
 .text.invoke_class_control
                0x10004e68       0x1a CMakeFiles/blink.dir/home/kxxpa/pico/pico-sdk/lib/tinyusb/src/device/usbd.c.o
 *fill*         0x10004e82        0x2 
 .text.process_set_config
                0x10004e84      0x1b0 CMakeFiles/blink.dir/home/kxxpa/pico/pico-sdk/lib/tinyusb/src/device/usbd.c.o
 .text.tud_event_hook_cb
                0x10005034        0x2 CMakeFiles/blink.dir/home/kxxpa/pico/pico-sdk/lib/tinyusb/src/device/usbd.c.o
                0x10005034                tud_event_hook_cb
 .text.tud_sof_cb
                0x10005036        0x2 CMakeFiles/blink.dir/home/kxxpa/pico/pico-sdk/lib/tinyusb/src/device/usbd.c.o
                0x10005036                tud_sof_cb
 .text.tud_descriptor_device_qualifier_cb
                0x10005038        0x4 CMakeFiles/blink.dir/home/kxxpa/pico/pico-sdk/lib/tinyusb/src/device/usbd.c.o
                0x10005038                tud_descriptor_device_qualifier_cb
 .text.tud_descriptor_other_speed_configuration_cb
                0x1000503c        0x4 CMakeFiles/blink.dir/home/kxxpa/pico/pico-sdk/lib/tinyusb/src/device/usbd.c.o
                0x1000503c                tud_descriptor_other_speed_configuration_cb
 .text.process_get_descriptor
                0x10005040       0xe0 CMakeFiles/blink.dir/home/kxxpa/pico/pico-sdk/lib/tinyusb/src/device/usbd.c.o
 .text.tud_mount_cb
                0x10005120        0x2 CMakeFiles/blink.dir/home/kxxpa/pico/pico-sdk/lib/tinyusb/src/device/usbd.c.o
                0x10005120                tud_mount_cb
 .text.tud_umount_cb
                0x10005122        0x2 CMakeFiles/blink.dir/home/kxxpa/pico/pico-sdk/lib/tinyusb/src/device/usbd.c.o
                0x10005122                tud_umount_cb
 .text.tud_suspend_cb
                0x10005124        0x2 CMakeFiles/blink.dir/home/kxxpa/pico/pico-sdk/lib/tinyusb/src/device/usbd.c.o
                0x10005124                tud_suspend_cb
 .text.tud_resume_cb
                0x10005126        0x2 CMakeFiles/blink.dir/home/kxxpa/pico/pico-sdk/lib/tinyusb/src/device/usbd.c.o
                0x10005126                tud_resume_cb
 .text.tud_mounted
                0x10005128       0x10 CMakeFiles/blink.dir/home/kxxpa/pico/pico-sdk/lib/tinyusb/src/device/usbd.c.o
                0x10005128                tud_mounted
 .text.tud_suspended
                0x10005138       0x10 CMakeFiles/blink.dir/home/kxxpa/pico/pico-sdk/lib/tinyusb/src/device/usbd.c.o
                0x10005138                tud_suspended
 .text.tud_inited
                0x10005148       0x14 CMakeFiles/blink.dir/home/kxxpa/pico/pico-sdk/lib/tinyusb/src/device/usbd.c.o
                0x10005148                tud_inited
 .text.tud_rhport_init
                0x1000515c      0x100 CMakeFiles/blink.dir/home/kxxpa/pico/pico-sdk/lib/tinyusb/src/device/usbd.c.o
                0x1000515c                tud_rhport_init
 .text.usbd_edpt_open
                0x1000525c       0x60 CMakeFiles/blink.dir/home/kxxpa/pico/pico-sdk/lib/tinyusb/src/device/usbd.c.o
                0x1000525c                usbd_edpt_open
 .text.usbd_open_edpt_pair
                0x100052bc       0x88 CMakeFiles/blink.dir/home/kxxpa/pico/pico-sdk/lib/tinyusb/src/device/usbd.c.o
                0x100052bc                usbd_open_edpt_pair
 .text.usbd_edpt_claim
                0x10005344       0x28 CMakeFiles/blink.dir/home/kxxpa/pico/pico-sdk/lib/tinyusb/src/device/usbd.c.o
                0x10005344                usbd_edpt_claim
 .text.usbd_edpt_release
                0x1000536c       0x28 CMakeFiles/blink.dir/home/kxxpa/pico/pico-sdk/lib/tinyusb/src/device/usbd.c.o
                0x1000536c                usbd_edpt_release
 .text.usbd_edpt_xfer
                0x10005394       0x88 CMakeFiles/blink.dir/home/kxxpa/pico/pico-sdk/lib/tinyusb/src/device/usbd.c.o
                0x10005394                usbd_edpt_xfer
 .text.usbd_edpt_stall
                0x1000541c       0x34 CMakeFiles/blink.dir/home/kxxpa/pico/pico-sdk/lib/tinyusb/src/device/usbd.c.o
                0x1000541c                usbd_edpt_stall
 .text.usbd_edpt_clear_stall
                0x10005450       0x34 CMakeFiles/blink.dir/home/kxxpa/pico/pico-sdk/lib/tinyusb/src/device/usbd.c.o
                0x10005450                usbd_edpt_clear_stall
 .text.usbd_edpt_stalled
                0x10005484       0x1c CMakeFiles/blink.dir/home/kxxpa/pico/pico-sdk/lib/tinyusb/src/device/usbd.c.o
                0x10005484                usbd_edpt_stalled
 .text.process_control_request
                0x100054a0      0x38c CMakeFiles/blink.dir/home/kxxpa/pico/pico-sdk/lib/tinyusb/src/device/usbd.c.o
 .text.tud_task_ext
                0x1000582c      0x1d0 CMakeFiles/blink.dir/home/kxxpa/pico/pico-sdk/lib/tinyusb/src/device/usbd.c.o
                0x1000582c                tud_task_ext
 .text.status_stage_xact
                0x100059fc       0x1a CMakeFiles/blink.dir/home/kxxpa/pico/pico-sdk/lib/tinyusb/src/device/usbd_control.c.o
 *fill*         0x10005a16        0x2 
 .text.data_stage_xact
                0x10005a18       0x60 CMakeFiles/blink.dir/home/kxxpa/pico/pico-sdk/lib/tinyusb/src/device/usbd_control.c.o
 .text.tud_control_status
                0x10005a78       0x28 CMakeFiles/blink.dir/home/kxxpa/pico/pico-sdk/lib/tinyusb/src/device/usbd_control.c.o
                0x10005a78                tud_control_status
 .text.tud_control_xfer
                0x10005aa0       0x98 CMakeFiles/blink.dir/home/kxxpa/pico/pico-sdk/lib/tinyusb/src/device/usbd_control.c.o
                0x10005aa0                tud_control_xfer
 .text.usbd_control_reset
                0x10005b38       0x14 CMakeFiles/blink.dir/home/kxxpa/pico/pico-sdk/lib/tinyusb/src/device/usbd_control.c.o
                0x10005b38                usbd_control_reset
 .text.usbd_control_set_complete_callback
                0x10005b4c        0xc CMakeFiles/blink.dir/home/kxxpa/pico/pico-sdk/lib/tinyusb/src/device/usbd_control.c.o
                0x10005b4c                usbd_control_set_complete_callback
 .text.usbd_control_set_request
                0x10005b58       0x1c CMakeFiles/blink.dir/home/kxxpa/pico/pico-sdk/lib/tinyusb/src/device/usbd_control.c.o
                0x10005b58                usbd_control_set_request
 .text.usbd_control_xfer_cb
                0x10005b74       0xe0 CMakeFiles/blink.dir/home/kxxpa/pico/pico-sdk/lib/tinyusb/src/device/usbd_control.c.o
                0x10005b74                usbd_control_xfer_cb
 .text._prep_out_transaction
                0x10005c54       0xa0 CMakeFiles/blink.dir/home/kxxpa/pico/pico-sdk/lib/tinyusb/src/class/cdc/cdc_device.c.o
 .text.tud_cdc_n_connected
                0x10005cf4       0x38 CMakeFiles/blink.dir/home/kxxpa/pico/pico-sdk/lib/tinyusb/src/class/cdc/cdc_device.c.o
                0x10005cf4                tud_cdc_n_connected
 .text.tud_cdc_n_available
                0x10005d2c       0x18 CMakeFiles/blink.dir/home/kxxpa/pico/pico-sdk/lib/tinyusb/src/class/cdc/cdc_device.c.o
                0x10005d2c                tud_cdc_n_available
 .text.tud_cdc_n_read
                0x10005d44       0x38 CMakeFiles/blink.dir/home/kxxpa/pico/pico-sdk/lib/tinyusb/src/class/cdc/cdc_device.c.o
                0x10005d44                tud_cdc_n_read
 .text.tud_cdc_n_write_flush
                0x10005d7c       0xbc CMakeFiles/blink.dir/home/kxxpa/pico/pico-sdk/lib/tinyusb/src/class/cdc/cdc_device.c.o
                0x10005d7c                tud_cdc_n_write_flush
 .text.tud_cdc_n_write
                0x10005e38       0x48 CMakeFiles/blink.dir/home/kxxpa/pico/pico-sdk/lib/tinyusb/src/class/cdc/cdc_device.c.o
                0x10005e38                tud_cdc_n_write
 .text.tud_cdc_n_write_available
                0x10005e80       0x18 CMakeFiles/blink.dir/home/kxxpa/pico/pico-sdk/lib/tinyusb/src/class/cdc/cdc_device.c.o
                0x10005e80                tud_cdc_n_write_available
 .text.cdcd_init
                0x10005e98       0xac CMakeFiles/blink.dir/home/kxxpa/pico/pico-sdk/lib/tinyusb/src/class/cdc/cdc_device.c.o
                0x10005e98                cdcd_init
 .text.cdcd_deinit
                0x10005f44       0x48 CMakeFiles/blink.dir/home/kxxpa/pico/pico-sdk/lib/tinyusb/src/class/cdc/cdc_device.c.o
                0x10005f44                cdcd_deinit
 .text.cdcd_reset
                0x10005f8c       0x70 CMakeFiles/blink.dir/home/kxxpa/pico/pico-sdk/lib/tinyusb/src/class/cdc/cdc_device.c.o
                0x10005f8c                cdcd_reset
 .text.cdcd_open
                0x10005ffc       0xec CMakeFiles/blink.dir/home/kxxpa/pico/pico-sdk/lib/tinyusb/src/class/cdc/cdc_device.c.o
                0x10005ffc                cdcd_open
 .text.cdcd_control_xfer_cb
                0x100060e8      0x140 CMakeFiles/blink.dir/home/kxxpa/pico/pico-sdk/lib/tinyusb/src/class/cdc/cdc_device.c.o
                0x100060e8                cdcd_control_xfer_cb
 .text.cdcd_xfer_cb
                0x10006228      0x148 CMakeFiles/blink.dir/home/kxxpa/pico/pico-sdk/lib/tinyusb/src/class/cdc/cdc_device.c.o
                0x10006228                cdcd_xfer_cb
 .text.tud_vendor_n_mounted
                0x10006370       0x3c CMakeFiles/blink.dir/home/kxxpa/pico/pico-sdk/lib/tinyusb/src/class/vendor/vendor_device.c.o
                0x10006370                tud_vendor_n_mounted
 .text.tud_vendor_n_write_flush
                0x100063ac       0x20 CMakeFiles/blink.dir/home/kxxpa/pico/pico-sdk/lib/tinyusb/src/class/vendor/vendor_device.c.o
                0x100063ac                tud_vendor_n_write_flush
 .text.vendord_init
                0x100063cc       0x9c CMakeFiles/blink.dir/home/kxxpa/pico/pico-sdk/lib/tinyusb/src/class/vendor/vendor_device.c.o
                0x100063cc                vendord_init
 .text.vendord_deinit
                0x10006468       0x34 CMakeFiles/blink.dir/home/kxxpa/pico/pico-sdk/lib/tinyusb/src/class/vendor/vendor_device.c.o
                0x10006468                vendord_deinit
 .text.vendord_reset
                0x1000649c       0x50 CMakeFiles/blink.dir/home/kxxpa/pico/pico-sdk/lib/tinyusb/src/class/vendor/vendor_device.c.o
                0x1000649c                vendord_reset
 .text.vendord_open
                0x100064ec      0x14c CMakeFiles/blink.dir/home/kxxpa/pico/pico-sdk/lib/tinyusb/src/class/vendor/vendor_device.c.o
                0x100064ec                vendord_open
 .text.vendord_xfer_cb
                0x10006638       0xd8 CMakeFiles/blink.dir/home/kxxpa/pico/pico-sdk/lib/tinyusb/src/class/vendor/vendor_device.c.o
                0x10006638                vendord_xfer_cb
 .text.tusb_rhport_init
                0x10006710       0x7c CMakeFiles/blink.dir/home/kxxpa/pico/pico-sdk/lib/tinyusb/src/tusb.c.o
                0x10006710                tusb_rhport_init
 .text.tu_edpt_claim
                0x1000678c       0x50 CMakeFiles/blink.dir/home/kxxpa/pico/pico-sdk/lib/tinyusb/src/tusb.c.o
                0x1000678c                tu_edpt_claim
 .text.tu_edpt_release
                0x100067dc       0x38 CMakeFiles/blink.dir/home/kxxpa/pico/pico-sdk/lib/tinyusb/src/tusb.c.o
                0x100067dc                tu_edpt_release
 .text.tu_edpt_validate
                0x10006814       0xac CMakeFiles/blink.dir/home/kxxpa/pico/pico-sdk/lib/tinyusb/src/tusb.c.o
                0x10006814                tu_edpt_validate
 .text.tu_edpt_bind_driver
                0x100068c0       0x26 CMakeFiles/blink.dir/home/kxxpa/pico/pico-sdk/lib/tinyusb/src/tusb.c.o
                0x100068c0                tu_edpt_bind_driver
 .text.tu_edpt_stream_init
                0x100068e6       0x62 CMakeFiles/blink.dir/home/kxxpa/pico/pico-sdk/lib/tinyusb/src/tusb.c.o
                0x100068e6                tu_edpt_stream_init
 .text.tu_edpt_stream_deinit
                0x10006948        0x4 CMakeFiles/blink.dir/home/kxxpa/pico/pico-sdk/lib/tinyusb/src/tusb.c.o
                0x10006948                tu_edpt_stream_deinit
 .text.tu_edpt_stream_write_zlp_if_needed
                0x1000694c       0x80 CMakeFiles/blink.dir/home/kxxpa/pico/pico-sdk/lib/tinyusb/src/tusb.c.o
                0x1000694c                tu_edpt_stream_write_zlp_if_needed
 .text.tu_edpt_stream_write_xfer
                0x100069cc       0x84 CMakeFiles/blink.dir/home/kxxpa/pico/pico-sdk/lib/tinyusb/src/tusb.c.o
                0x100069cc                tu_edpt_stream_write_xfer
 .text.tu_edpt_stream_read_xfer
                0x10006a50       0xf4 CMakeFiles/blink.dir/home/kxxpa/pico/pico-sdk/lib/tinyusb/src/tusb.c.o
                0x10006a50                tu_edpt_stream_read_xfer
 .text.advance_index
                0x10006b44       0x1a CMakeFiles/blink.dir/home/kxxpa/pico/pico-sdk/lib/tinyusb/src/common/tusb_fifo.c.o
 .text._tu_fifo_peek
                0x10006b5e       0x56 CMakeFiles/blink.dir/home/kxxpa/pico/pico-sdk/lib/tinyusb/src/common/tusb_fifo.c.o
 .text._ff_pull_n
                0x10006bb4       0x68 CMakeFiles/blink.dir/home/kxxpa/pico/pico-sdk/lib/tinyusb/src/common/tusb_fifo.c.o
 .text._tu_fifo_peek_n
                0x10006c1c       0x6a CMakeFiles/blink.dir/home/kxxpa/pico/pico-sdk/lib/tinyusb/src/common/tusb_fifo.c.o
 .text._tu_fifo_read_n
                0x10006c86       0x4e CMakeFiles/blink.dir/home/kxxpa/pico/pico-sdk/lib/tinyusb/src/common/tusb_fifo.c.o
 .text._ff_push_n
                0x10006cd4       0x68 CMakeFiles/blink.dir/home/kxxpa/pico/pico-sdk/lib/tinyusb/src/common/tusb_fifo.c.o
 .text._tu_fifo_write_n
                0x10006d3c       0xf0 CMakeFiles/blink.dir/home/kxxpa/pico/pico-sdk/lib/tinyusb/src/common/tusb_fifo.c.o
 .text.tu_fifo_config
                0x10006e2c       0x7c CMakeFiles/blink.dir/home/kxxpa/pico/pico-sdk/lib/tinyusb/src/common/tusb_fifo.c.o
                0x10006e2c                tu_fifo_config
 .text.tu_fifo_count
                0x10006ea8       0x2a CMakeFiles/blink.dir/home/kxxpa/pico/pico-sdk/lib/tinyusb/src/common/tusb_fifo.c.o
                0x10006ea8                tu_fifo_count
 .text.tu_fifo_empty
                0x10006ed2        0xe CMakeFiles/blink.dir/home/kxxpa/pico/pico-sdk/lib/tinyusb/src/common/tusb_fifo.c.o
                0x10006ed2                tu_fifo_empty
 .text.tu_fifo_full
                0x10006ee0       0x28 CMakeFiles/blink.dir/home/kxxpa/pico/pico-sdk/lib/tinyusb/src/common/tusb_fifo.c.o
                0x10006ee0                tu_fifo_full
 .text.tu_fifo_remaining
                0x10006f08       0x2c CMakeFiles/blink.dir/home/kxxpa/pico/pico-sdk/lib/tinyusb/src/common/tusb_fifo.c.o
                0x10006f08                tu_fifo_remaining
 .text.tu_fifo_read
                0x10006f34       0x42 CMakeFiles/blink.dir/home/kxxpa/pico/pico-sdk/lib/tinyusb/src/common/tusb_fifo.c.o
                0x10006f34                tu_fifo_read
 .text.tu_fifo_read_n
                0x10006f76        0xa CMakeFiles/blink.dir/home/kxxpa/pico/pico-sdk/lib/tinyusb/src/common/tusb_fifo.c.o
                0x10006f76                tu_fifo_read_n
 .text.tu_fifo_write
                0x10006f80       0x64 CMakeFiles/blink.dir/home/kxxpa/pico/pico-sdk/lib/tinyusb/src/common/tusb_fifo.c.o
                0x10006f80                tu_fifo_write
 .text.tu_fifo_write_n
                0x10006fe4        0xa CMakeFiles/blink.dir/home/kxxpa/pico/pico-sdk/lib/tinyusb/src/common/tusb_fifo.c.o
                0x10006fe4                tu_fifo_write_n
 .text.tu_fifo_clear
                0x10006fee       0x3e CMakeFiles/blink.dir/home/kxxpa/pico/pico-sdk/lib/tinyusb/src/common/tusb_fifo.c.o
                0x10006fee                tu_fifo_clear
 .text.tu_fifo_set_overwritable
                0x1000702c       0x46 CMakeFiles/blink.dir/home/kxxpa/pico/pico-sdk/lib/tinyusb/src/common/tusb_fifo.c.o
                0x1000702c                tu_fifo_set_overwritable
 *fill*         0x10007072        0x2 
 .text.i2c_unreset
                0x10007074       0x2c CMakeFiles/blink.dir/home/kxxpa/pico/pico-sdk/src/rp2_common/hardware_i2c/i2c.c.o
 .text.i2c_write_blocking_internal
                0x100070a0      0x158 CMakeFiles/blink.dir/home/kxxpa/pico/pico-sdk/src/rp2_common/hardware_i2c/i2c.c.o
 .text.i2c_set_baudrate
                0x100071f8       0xf0 CMakeFiles/blink.dir/home/kxxpa/pico/pico-sdk/src/rp2_common/hardware_i2c/i2c.c.o
                0x100071f8                i2c_set_baudrate
 .text.i2c_init
                0x100072e8       0x54 CMakeFiles/blink.dir/home/kxxpa/pico/pico-sdk/src/rp2_common/hardware_i2c/i2c.c.o
                0x100072e8                i2c_init
 .text.i2c_write_blocking
                0x1000733c       0x18 CMakeFiles/blink.dir/home/kxxpa/pico/pico-sdk/src/rp2_common/hardware_i2c/i2c.c.o
                0x1000733c                i2c_write_blocking
 .text.spi_unreset
                0x10007354       0x2c CMakeFiles/blink.dir/home/kxxpa/pico/pico-sdk/src/rp2_common/hardware_spi/spi.c.o
 .text.spi_set_baudrate
                0x10007380       0xb4 CMakeFiles/blink.dir/home/kxxpa/pico/pico-sdk/src/rp2_common/hardware_spi/spi.c.o
                0x10007380                spi_set_baudrate
 .text.spi_init
                0x10007434       0x70 CMakeFiles/blink.dir/home/kxxpa/pico/pico-sdk/src/rp2_common/hardware_spi/spi.c.o
                0x10007434                spi_init
 .text          0x100074a4       0x5c /usr/lib/gcc/arm-none-eabi/12.2.1/../../../arm-none-eabi/lib/thumb/v6-m/nofp/libg.a(lib_a-strlen-stub.o)
                0x100074a4                strlen
 *(.fini)
 .fini          0x10007500        0x4 /usr/lib/gcc/arm-none-eabi/12.2.1/thumb/v6-m/nofp/crti.o
                0x10007500                _fini
 *fill*         0x10007504        0x4 
 .fini.__stub   0x10007508       0xe0 linker stubs
 *crtbegin.o(.ctors)
 *crtbegin?.o(.ctors)
 *(EXCLUDE_FILE(*crtend.o *crtend?.o) .ctors)
 *(SORT_BY_NAME(.ctors.*))
 *(.ctors)
 *crtbegin.o(.dtors)
 *crtbegin?.o(.dtors)
 *(EXCLUDE_FILE(*crtend.o *crtend?.o) .dtors)
 *(SORT_BY_NAME(.dtors.*))
 *(.dtors)
                0x100075e8                        . = ALIGN (0x4)
                0x100075e8                        PROVIDE (__preinit_array_start = .)
 *(SORT_BY_NAME(.preinit_array.*))
 .preinit_array.00100
                0x100075e8        0x4 CMakeFiles/blink.dir/home/kxxpa/pico/pico-sdk/src/rp2_common/pico_runtime_init/runtime_init.c.o
                0x100075e8                __pre_init_runtime_init_early_resets
 .preinit_array.00101
                0x100075ec        0x4 CMakeFiles/blink.dir/home/kxxpa/pico/pico-sdk/src/rp2_common/pico_runtime_init/runtime_init.c.o
                0x100075ec                __pre_init_runtime_init_usb_power_down
 .preinit_array.00275
                0x100075f0        0x4 CMakeFiles/blink.dir/home/kxxpa/pico/pico-sdk/src/rp2_common/pico_bit_ops/bit_ops_aeabi.S.o
 .preinit_array.00300
                0x100075f4        0x4 CMakeFiles/blink.dir/home/kxxpa/pico/pico-sdk/src/rp2_common/pico_mem_ops/mem_ops_aeabi.S.o
 .preinit_array.00350
                0x100075f8        0x4 CMakeFiles/blink.dir/home/kxxpa/pico/pico-sdk/src/rp2_common/pico_double/double_aeabi_rp2040.S.o
 .preinit_array.00350
                0x100075fc        0x4 CMakeFiles/blink.dir/home/kxxpa/pico/pico-sdk/src/rp2_common/pico_float/float_aeabi_rp2040.S.o
 .preinit_array.00500
                0x10007600        0x4 CMakeFiles/blink.dir/home/kxxpa/pico/pico-sdk/src/rp2_common/pico_runtime_init/runtime_init.c.o
                0x10007600                __pre_init_runtime_init_clocks
 .preinit_array.00600
                0x10007604        0x4 CMakeFiles/blink.dir/home/kxxpa/pico/pico-sdk/src/rp2_common/pico_runtime_init/runtime_init.c.o
                0x10007604                __pre_init_runtime_init_post_clock_resets
 .preinit_array.00700
                0x10007608        0x4 CMakeFiles/blink.dir/home/kxxpa/pico/pico-sdk/src/rp2_common/pico_runtime_init/runtime_init.c.o
                0x10007608                __pre_init_runtime_init_rp2040_gpio_ie_disable
 .preinit_array.01000
                0x1000760c        0x4 CMakeFiles/blink.dir/home/kxxpa/pico/pico-sdk/src/rp2_common/pico_runtime_init/runtime_init.c.o
                0x1000760c                __pre_init_runtime_init_spin_locks_reset
 .preinit_array.01100
                0x10007610        0x4 CMakeFiles/blink.dir/home/kxxpa/pico/pico-sdk/src/common/pico_sync/mutex.c.o
                0x10007610                __pre_init_runtime_init_mutex
 .preinit_array.10080
                0x10007614        0x4 CMakeFiles/blink.dir/home/kxxpa/pico/pico-sdk/src/rp2_common/pico_runtime_init/runtime_init.c.o
                0x10007614                __pre_init_runtime_init_install_ram_vector_table
 .preinit_array.11000
                0x10007618        0x4 CMakeFiles/blink.dir/home/kxxpa/pico/pico-sdk/src/common/pico_time/time.c.o
                0x10007618                __pre_init_runtime_init_default_alarm_pool
 .preinit_array.YYYYY
                0x1000761c        0x4 CMakeFiles/blink.dir/home/kxxpa/pico/pico-sdk/src/rp2_common/pico_runtime/runtime.c.o
                0x1000761c                __pre_init_first_per_core_initializer
 .preinit_array.ZZZZZ.01200
                0x10007620        0x4 CMakeFiles/blink.dir/home/kxxpa/pico/pico-sdk/src/rp2_common/hardware_irq/irq.c.o
                0x10007620                __pre_init_runtime_init_per_core_irq_priorities
 *(.preinit_array)
                0x10007624                        PROVIDE (__preinit_array_end = .)
                0x10007624                        . = ALIGN (0x4)
                0x10007624                        PROVIDE (__init_array_start = .)
 *(SORT_BY_NAME(.init_array.*))
 .init_array.01000
                0x10007624        0x4 CMakeFiles/blink.dir/home/kxxpa/pico/pico-sdk/src/rp2_common/pico_unique_id/unique_id.c.o
 *(.init_array)
 .init_array    0x10007628        0x4 /usr/lib/gcc/arm-none-eabi/12.2.1/thumb/v6-m/nofp/crtbegin.o
                0x1000762c                        PROVIDE (__init_array_end = .)
                0x1000762c                        . = ALIGN (0x4)
                0x1000762c                        PROVIDE (__fini_array_start = .)
 *(SORT_BY_NAME(.fini_array.*))
 *(.fini_array)
                0x1000762c                        PROVIDE (__fini_array_end = .)
 *(.eh_frame*)
 .eh_frame      0x1000762c        0x0 /usr/lib/gcc/arm-none-eabi/12.2.1/thumb/v6-m/nofp/crtbegin.o
                0x1000762c                        . = ALIGN (0x4)

.glue_7         0x1000762c        0x0
 .glue_7        0x1000762c        0x0 linker stubs

.glue_7t        0x1000762c        0x0
 .glue_7t       0x1000762c        0x0 linker stubs

.vfp11_veneer   0x1000762c        0x0
 .vfp11_veneer  0x1000762c        0x0 linker stubs

.v4_bx          0x1000762c        0x0
 .v4_bx         0x1000762c        0x0 linker stubs

.iplt           0x1000762c        0x0
 .iplt          0x1000762c        0x0 /usr/lib/gcc/arm-none-eabi/12.2.1/thumb/v6-m/nofp/crtbegin.o

.rodata         0x10007630     0x1500
 *(EXCLUDE_FILE(*libm.a: *libc.a:*lib_a-mem*.o *libgcc.a:) .rodata*)
 .rodata.main.str1.4
                0x10007630       0xb5 CMakeFiles/blink.dir/src/main.c.o
 *fill*         0x100076e5        0x3 
 .rodata.__bi_25.0
                0x100076e8        0x8 CMakeFiles/blink.dir/src/main.c.o
 .rodata.row_offsets.0
                0x100076f0        0x4 CMakeFiles/blink.dir/src/lcd.c.o
 .rodata.matrix_read_rows.str1.4
                0x100076f4       0x18 CMakeFiles/blink.dir/src/b_matrix.c.o
 .rodata.rp2040_chip_version.str1.4
                0x1000770c       0x75 CMakeFiles/blink.dir/home/kxxpa/pico/pico-sdk/src/rp2040/pico_platform/platform.c.o
 *fill*         0x10007781        0x3 
 .rodata.__func__.0
                0x10007784       0x14 CMakeFiles/blink.dir/home/kxxpa/pico/pico-sdk/src/rp2040/pico_platform/platform.c.o
 .rodata.panic.str1.4
                0x10007798       0x12 CMakeFiles/blink.dir/home/kxxpa/pico/pico-sdk/src/rp2_common/pico_platform_panic/panic.c.o
 *fill*         0x100077aa        0x2 
 .rodata.spin_lock_claim_unused.str1.4
                0x100077ac       0x1b CMakeFiles/blink.dir/home/kxxpa/pico/pico-sdk/src/rp2_common/hardware_sync/sync.c.o
 *fill*         0x100077c7        0x1 
 .rodata.resolve_j_16.str1.4
                0x100077c8       0x54 CMakeFiles/blink.dir/home/kxxpa/pico/pico-sdk/src/rp2_common/hardware_irq/irq.c.o
 .rodata.make_j_16.str1.4
                0x1000781c       0x30 CMakeFiles/blink.dir/home/kxxpa/pico/pico-sdk/src/rp2_common/hardware_irq/irq.c.o
 .rodata.irq_set_exclusive_handler.str1.4
                0x1000784c       0x36 CMakeFiles/blink.dir/home/kxxpa/pico/pico-sdk/src/rp2_common/hardware_irq/irq.c.o
 *fill*         0x10007882        0x2 
 .rodata.irq_add_shared_handler.str1.4
                0x10007884       0xd2 CMakeFiles/blink.dir/home/kxxpa/pico/pico-sdk/src/rp2_common/hardware_irq/irq.c.o
 *fill*         0x10007956        0x2 
 .rodata.irq_add_tail_to_free_list.str1.4
                0x10007958       0x3a CMakeFiles/blink.dir/home/kxxpa/pico/pico-sdk/src/rp2_common/hardware_irq/irq.c.o
 *fill*         0x10007992        0x2 
 .rodata.user_irq_claim_unused.str1.4
                0x10007994       0x1b CMakeFiles/blink.dir/home/kxxpa/pico/pico-sdk/src/rp2_common/hardware_irq/irq.c.o
 *fill*         0x100079af        0x1 
 .rodata.__func__.0
                0x100079b0       0x1a CMakeFiles/blink.dir/home/kxxpa/pico/pico-sdk/src/rp2_common/hardware_irq/irq.c.o
 *fill*         0x100079ca        0x2 
 .rodata.__func__.3
                0x100079cc        0xa CMakeFiles/blink.dir/home/kxxpa/pico/pico-sdk/src/rp2_common/hardware_irq/irq.c.o
 *fill*         0x100079d6        0x2 
 .rodata.__func__.4
                0x100079d8        0xd CMakeFiles/blink.dir/home/kxxpa/pico/pico-sdk/src/rp2_common/hardware_irq/irq.c.o
 *fill*         0x100079e5        0x3 
 .rodata.__func__.5
                0x100079e8       0x17 CMakeFiles/blink.dir/home/kxxpa/pico/pico-sdk/src/rp2_common/hardware_irq/irq.c.o
 *fill*         0x100079ff        0x1 
 .rodata.__func__.6
                0x10007a00       0x1a CMakeFiles/blink.dir/home/kxxpa/pico/pico-sdk/src/rp2_common/hardware_irq/irq.c.o
 *fill*         0x10007a1a        0x2 
 .rodata.runtime_init_mutex.str1.4
                0x10007a1c       0x57 CMakeFiles/blink.dir/home/kxxpa/pico/pico-sdk/src/common/pico_sync/mutex.c.o
 *fill*         0x10007a73        0x1 
 .rodata.str1.4
                0x10007a74       0x51 CMakeFiles/blink.dir/home/kxxpa/pico/pico-sdk/src/common/pico_sync/mutex.c.o
 *fill*         0x10007ac5        0x3 
 .rodata.__func__.1
                0x10007ac8        0xb CMakeFiles/blink.dir/home/kxxpa/pico/pico-sdk/src/common/pico_sync/mutex.c.o
 *fill*         0x10007ad3        0x1 
 .rodata.__func__.3
                0x10007ad4       0x18 CMakeFiles/blink.dir/home/kxxpa/pico/pico-sdk/src/common/pico_sync/mutex.c.o
 .rodata.__func__.6
                0x10007aec       0x13 CMakeFiles/blink.dir/home/kxxpa/pico/pico-sdk/src/common/pico_sync/mutex.c.o
 *fill*         0x10007aff        0x1 
 .rodata.alarm_pool_irq_handler.str1.4
                0x10007b00       0x62 CMakeFiles/blink.dir/home/kxxpa/pico/pico-sdk/src/common/pico_time/time.c.o
 *fill*         0x10007b62        0x2 
 .rodata.alarm_pool_get_default.str1.4
                0x10007b64       0x21 CMakeFiles/blink.dir/home/kxxpa/pico/pico-sdk/src/common/pico_time/time.c.o
 *fill*         0x10007b85        0x3 
 .rodata.sleep_until.str1.4
                0x10007b88       0x4d CMakeFiles/blink.dir/home/kxxpa/pico/pico-sdk/src/common/pico_time/time.c.o
 *fill*         0x10007bd5        0x3 
 .rodata.__func__.1
                0x10007bd8       0x17 CMakeFiles/blink.dir/home/kxxpa/pico/pico-sdk/src/common/pico_time/time.c.o
 *fill*         0x10007bef        0x1 
 .rodata.__func__.2
                0x10007bf0       0x17 CMakeFiles/blink.dir/home/kxxpa/pico/pico-sdk/src/common/pico_time/time.c.o
 *fill*         0x10007c07        0x1 
 .rodata.timer_hardware_alarm_claim.str1.4
                0x10007c08       0x22 CMakeFiles/blink.dir/home/kxxpa/pico/pico-sdk/src/rp2_common/hardware_timer/timer.c.o
 *fill*         0x10007c2a        0x2 
 .rodata.pll_init.str1.4
                0x10007c2c      0x110 CMakeFiles/blink.dir/home/kxxpa/pico/pico-sdk/src/rp2_common/hardware_pll/pll.c.o
 .rodata.__func__.0
                0x10007d3c        0x9 CMakeFiles/blink.dir/home/kxxpa/pico/pico-sdk/src/rp2_common/hardware_pll/pll.c.o
 *fill*         0x10007d45        0x3 
 .rodata.__aeabi_double_init.str1.4
                0x10007d48       0x92 CMakeFiles/blink.dir/home/kxxpa/pico/pico-sdk/src/rp2_common/pico_double/double_init_rom_rp2040.c.o
 *fill*         0x10007dda        0x2 
 .rodata.__func__.0
                0x10007ddc       0x14 CMakeFiles/blink.dir/home/kxxpa/pico/pico-sdk/src/rp2_common/pico_double/double_init_rom_rp2040.c.o
 .rodata.__aeabi_float_init.str1.4
                0x10007df0       0x80 CMakeFiles/blink.dir/home/kxxpa/pico/pico-sdk/src/rp2_common/pico_float/float_init_rom_rp2040.c.o
                                 0x84 (size before relaxing)
 .rodata.__func__.0
                0x10007e70       0x13 CMakeFiles/blink.dir/home/kxxpa/pico/pico-sdk/src/rp2_common/pico_float/float_init_rom_rp2040.c.o
 *fill*         0x10007e83        0x1 
 .rodata.str1.4
                0x10007e84       0x3c CMakeFiles/blink.dir/home/kxxpa/pico/pico-sdk/src/rp2_common/pico_standard_binary_info/standard_binary_info.c.o
 .rodata.__bi_84
                0x10007ec0        0xc CMakeFiles/blink.dir/home/kxxpa/pico/pico-sdk/src/rp2_common/pico_standard_binary_info/standard_binary_info.c.o
 .rodata.__bi_78
                0x10007ecc        0xc CMakeFiles/blink.dir/home/kxxpa/pico/pico-sdk/src/rp2_common/pico_standard_binary_info/standard_binary_info.c.o
 .rodata.__bi_54
                0x10007ed8        0xc CMakeFiles/blink.dir/home/kxxpa/pico/pico-sdk/src/rp2_common/pico_standard_binary_info/standard_binary_info.c.o
 .rodata.__bi_48
                0x10007ee4        0xc CMakeFiles/blink.dir/home/kxxpa/pico/pico-sdk/src/rp2_common/pico_standard_binary_info/standard_binary_info.c.o
 .rodata.__bi_42
                0x10007ef0        0xc CMakeFiles/blink.dir/home/kxxpa/pico/pico-sdk/src/rp2_common/pico_standard_binary_info/standard_binary_info.c.o
 .rodata.__bi_34
                0x10007efc        0xc CMakeFiles/blink.dir/home/kxxpa/pico/pico-sdk/src/rp2_common/pico_standard_binary_info/standard_binary_info.c.o
 .rodata.__bi_26
                0x10007f08        0xc CMakeFiles/blink.dir/home/kxxpa/pico/pico-sdk/src/rp2_common/pico_standard_binary_info/standard_binary_info.c.o
 .rodata._ftoa.str1.4
                0x10007f14       0x15 CMakeFiles/blink.dir/home/kxxpa/pico/pico-sdk/src/rp2_common/pico_printf/printf.c.o
 *fill*         0x10007f29        0x3 
 .rodata._vsnprintf
                0x10007f2c      0x19c CMakeFiles/blink.dir/home/kxxpa/pico/pico-sdk/src/rp2_common/pico_printf/printf.c.o
 .rodata.pow10.0
                0x100080c8       0x50 CMakeFiles/blink.dir/home/kxxpa/pico/pico-sdk/src/rp2_common/pico_printf/printf.c.o
 .rodata.__assert_func.str1.4
                0x10008118       0x3f CMakeFiles/blink.dir/home/kxxpa/pico/pico-sdk/src/rp2_common/pico_clib_interface/newlib_interface.c.o
                                 0x43 (size before relaxing)
 *fill*         0x10008157        0x1 
 .rodata.crlf_str.0
                0x10008158        0x2 CMakeFiles/blink.dir/home/kxxpa/pico/pico-sdk/src/rp2_common/pico_stdio/stdio.c.o
 *fill*         0x1000815a        0x2 
 .rodata._resetd_driver
                0x1000815c       0x20 CMakeFiles/blink.dir/home/kxxpa/pico/pico-sdk/src/rp2_common/pico_stdio_usb/reset_interface.c.o
 .rodata.desc_ms_os_20
                0x1000817c       0xa6 CMakeFiles/blink.dir/home/kxxpa/pico/pico-sdk/src/rp2_common/pico_stdio_usb/reset_interface.c.o
 *fill*         0x10008222        0x2 
 .rodata.desc_bos
                0x10008224       0x21 CMakeFiles/blink.dir/home/kxxpa/pico/pico-sdk/src/rp2_common/pico_stdio_usb/reset_interface.c.o
                0x10008224                desc_bos
 *fill*         0x10008245        0x3 
 .rodata.stdio_usb_init.str1.4
                0x10008248       0x4c CMakeFiles/blink.dir/home/kxxpa/pico/pico-sdk/src/rp2_common/pico_stdio_usb/stdio_usb.c.o
 .rodata.str1.4
                0x10008294       0x13 CMakeFiles/blink.dir/home/kxxpa/pico/pico-sdk/src/rp2_common/pico_stdio_usb/stdio_usb.c.o
 *fill*         0x100082a7        0x1 
 .rodata.__bi_202.1
                0x100082a8        0xc CMakeFiles/blink.dir/home/kxxpa/pico/pico-sdk/src/rp2_common/pico_stdio_usb/stdio_usb.c.o
 .rodata.__func__.2
                0x100082b4        0xf CMakeFiles/blink.dir/home/kxxpa/pico/pico-sdk/src/rp2_common/pico_stdio_usb/stdio_usb.c.o
 *fill*         0x100082c3        0x1 
 .rodata.str1.4
                0x100082c4       0x2a CMakeFiles/blink.dir/home/kxxpa/pico/pico-sdk/src/rp2_common/pico_stdio_usb/stdio_usb_descriptors.c.o
 *fill*         0x100082ee        0x2 
 .rodata.usbd_desc_str
                0x100082f0       0x18 CMakeFiles/blink.dir/home/kxxpa/pico/pico-sdk/src/rp2_common/pico_stdio_usb/stdio_usb_descriptors.c.o
 .rodata.usbd_desc_cfg
                0x10008308       0x54 CMakeFiles/blink.dir/home/kxxpa/pico/pico-sdk/src/rp2_common/pico_stdio_usb/stdio_usb_descriptors.c.o
 .rodata.usbd_desc_device
                0x1000835c       0x12 CMakeFiles/blink.dir/home/kxxpa/pico/pico-sdk/src/rp2_common/pico_stdio_usb/stdio_usb_descriptors.c.o
 *fill*         0x1000836e        0x2 
 .rodata.pico_get_unique_board_id_string.str1.4
                0x10008370       0x4c CMakeFiles/blink.dir/home/kxxpa/pico/pico-sdk/src/rp2_common/pico_unique_id/unique_id.c.o
 .rodata.__func__.0
                0x100083bc       0x20 CMakeFiles/blink.dir/home/kxxpa/pico/pico-sdk/src/rp2_common/pico_unique_id/unique_id.c.o
 .rodata.str1.4
                0x100083dc      0x1f9 CMakeFiles/blink.dir/home/kxxpa/pico/pico-sdk/src/rp2_common/hardware_flash/flash.c.o
 *fill*         0x100085d5        0x3 
 .rodata.__func__.0
                0x100085d8        0xd CMakeFiles/blink.dir/home/kxxpa/pico/pico-sdk/src/rp2_common/hardware_flash/flash.c.o
 *fill*         0x100085e5        0x3 
 .rodata.hw_endpoint_alloc.str1.4
                0x100085e8       0x97 CMakeFiles/blink.dir/home/kxxpa/pico/pico-sdk/lib/tinyusb/src/portable/raspberrypi/rp2040/dcd_rp2040.c.o
 *fill*         0x1000867f        0x1 
 .rodata.str1.4
                0x10008680       0x14 CMakeFiles/blink.dir/home/kxxpa/pico/pico-sdk/lib/tinyusb/src/portable/raspberrypi/rp2040/dcd_rp2040.c.o
 .rodata.dcd_int_enable.str1.4
                0x10008694        0xc CMakeFiles/blink.dir/home/kxxpa/pico/pico-sdk/lib/tinyusb/src/portable/raspberrypi/rp2040/dcd_rp2040.c.o
 .rodata.__func__.0
                0x100086a0        0xe CMakeFiles/blink.dir/home/kxxpa/pico/pico-sdk/lib/tinyusb/src/portable/raspberrypi/rp2040/dcd_rp2040.c.o
 *fill*         0x100086ae        0x2 
 .rodata.__func__.3
                0x100086b0       0x10 CMakeFiles/blink.dir/home/kxxpa/pico/pico-sdk/lib/tinyusb/src/portable/raspberrypi/rp2040/dcd_rp2040.c.o
 .rodata.__func__.5
                0x100086c0        0xf CMakeFiles/blink.dir/home/kxxpa/pico/pico-sdk/lib/tinyusb/src/portable/raspberrypi/rp2040/dcd_rp2040.c.o
 *fill*         0x100086cf        0x1 
 .rodata.__func__.6
                0x100086d0       0x12 CMakeFiles/blink.dir/home/kxxpa/pico/pico-sdk/lib/tinyusb/src/portable/raspberrypi/rp2040/dcd_rp2040.c.o
 *fill*         0x100086e2        0x2 
 .rodata.__func__.7
                0x100086e4        0x9 CMakeFiles/blink.dir/home/kxxpa/pico/pico-sdk/lib/tinyusb/src/portable/raspberrypi/rp2040/dcd_rp2040.c.o
 *fill*         0x100086ed        0x3 
 .rodata.str1.4
                0x100086f0       0xdc CMakeFiles/blink.dir/home/kxxpa/pico/pico-sdk/lib/tinyusb/src/portable/raspberrypi/rp2040/rp2040_usb.c.o
 .rodata.hw_endpoint_xfer_start.str1.4
                0x100087cc       0x38 CMakeFiles/blink.dir/home/kxxpa/pico/pico-sdk/lib/tinyusb/src/portable/raspberrypi/rp2040/rp2040_usb.c.o
 .rodata.__func__.0
                0x10008804        0xf CMakeFiles/blink.dir/home/kxxpa/pico/pico-sdk/lib/tinyusb/src/portable/raspberrypi/rp2040/rp2040_usb.c.o
 *fill*         0x10008813        0x1 
 .rodata.configuration_reset.str1.4
                0x10008814       0x17 CMakeFiles/blink.dir/home/kxxpa/pico/pico-sdk/lib/tinyusb/src/device/usbd.c.o
 *fill*         0x1000882b        0x1 
 .rodata.process_get_descriptor
                0x1000882c       0x40 CMakeFiles/blink.dir/home/kxxpa/pico/pico-sdk/lib/tinyusb/src/device/usbd.c.o
 .rodata        0x1000886c       0x1c CMakeFiles/blink.dir/home/kxxpa/pico/pico-sdk/lib/tinyusb/src/device/usbd.c.o
 .rodata.process_control_request
                0x10008888       0x28 CMakeFiles/blink.dir/home/kxxpa/pico/pico-sdk/lib/tinyusb/src/device/usbd.c.o
 .rodata.tud_task_ext
                0x100088b0       0x24 CMakeFiles/blink.dir/home/kxxpa/pico/pico-sdk/lib/tinyusb/src/device/usbd.c.o
 .rodata.__func__.3
                0x100088d4        0xf CMakeFiles/blink.dir/home/kxxpa/pico/pico-sdk/lib/tinyusb/src/device/usbd.c.o
 *fill*         0x100088e3        0x1 
 .rodata.__func__.4
                0x100088e4        0xf CMakeFiles/blink.dir/home/kxxpa/pico/pico-sdk/lib/tinyusb/src/device/usbd.c.o
 *fill*         0x100088f3        0x1 
 .rodata.__func__.5
                0x100088f4       0x14 CMakeFiles/blink.dir/home/kxxpa/pico/pico-sdk/lib/tinyusb/src/device/usbd.c.o
 .rodata.__func__.6
                0x10008908        0xc CMakeFiles/blink.dir/home/kxxpa/pico/pico-sdk/lib/tinyusb/src/device/usbd.c.o
 .rodata.__func__.7
                0x10008914       0x17 CMakeFiles/blink.dir/home/kxxpa/pico/pico-sdk/lib/tinyusb/src/device/usbd.c.o
 *fill*         0x1000892b        0x1 
 .rodata.__func__.8
                0x1000892c       0x13 CMakeFiles/blink.dir/home/kxxpa/pico/pico-sdk/lib/tinyusb/src/device/usbd.c.o
 *fill*         0x1000893f        0x1 
 .rodata.__func__.9
                0x10008940       0x18 CMakeFiles/blink.dir/home/kxxpa/pico/pico-sdk/lib/tinyusb/src/device/usbd.c.o
 .rodata.__func__.10
                0x10008958       0x14 CMakeFiles/blink.dir/home/kxxpa/pico/pico-sdk/lib/tinyusb/src/device/usbd.c.o
 .rodata.__func__.11
                0x1000896c        0xd CMakeFiles/blink.dir/home/kxxpa/pico/pico-sdk/lib/tinyusb/src/device/usbd.c.o
 *fill*         0x10008979        0x3 
 .rodata.__func__.12
                0x1000897c       0x10 CMakeFiles/blink.dir/home/kxxpa/pico/pico-sdk/lib/tinyusb/src/device/usbd.c.o
 .rodata._usbd_driver
                0x1000898c       0x40 CMakeFiles/blink.dir/home/kxxpa/pico/pico-sdk/lib/tinyusb/src/device/usbd.c.o
 .rodata.tud_control_xfer.str1.4
                0x100089cc       0x17 CMakeFiles/blink.dir/home/kxxpa/pico/pico-sdk/lib/tinyusb/src/device/usbd_control.c.o
 .rodata.__func__.0
                0x100089cc       0x15 CMakeFiles/blink.dir/home/kxxpa/pico/pico-sdk/lib/tinyusb/src/device/usbd_control.c.o
 *fill*         0x100089e1        0x3 
 .rodata.__func__.1
                0x100089e4       0x11 CMakeFiles/blink.dir/home/kxxpa/pico/pico-sdk/lib/tinyusb/src/device/usbd_control.c.o
 .rodata.tud_cdc_n_write_flush.str1.4
                0x100089f5       0x17 CMakeFiles/blink.dir/home/kxxpa/pico/pico-sdk/lib/tinyusb/src/class/cdc/cdc_device.c.o
 *fill*         0x100089f5        0x3 
 .rodata.__func__.0
                0x100089f8        0xd CMakeFiles/blink.dir/home/kxxpa/pico/pico-sdk/lib/tinyusb/src/class/cdc/cdc_device.c.o
 *fill*         0x10008a05        0x3 
 .rodata.__func__.1
                0x10008a08        0xa CMakeFiles/blink.dir/home/kxxpa/pico/pico-sdk/lib/tinyusb/src/class/cdc/cdc_device.c.o
 *fill*         0x10008a12        0x2 
 .rodata.__func__.3
                0x10008a14       0x16 CMakeFiles/blink.dir/home/kxxpa/pico/pico-sdk/lib/tinyusb/src/class/cdc/cdc_device.c.o
 .rodata.vendord_open.str1.4
                0x10008a2a       0x17 CMakeFiles/blink.dir/home/kxxpa/pico/pico-sdk/lib/tinyusb/src/class/vendor/vendor_device.c.o
 *fill*         0x10008a2a        0x2 
 .rodata.__func__.0
                0x10008a2c        0xd CMakeFiles/blink.dir/home/kxxpa/pico/pico-sdk/lib/tinyusb/src/class/vendor/vendor_device.c.o
 .rodata.tusb_rhport_init.str1.4
                0x10008a39       0x17 CMakeFiles/blink.dir/home/kxxpa/pico/pico-sdk/lib/tinyusb/src/tusb.c.o
 *fill*         0x10008a39        0x3 
 .rodata.__func__.0
                0x10008a3c       0x19 CMakeFiles/blink.dir/home/kxxpa/pico/pico-sdk/lib/tinyusb/src/tusb.c.o
 *fill*         0x10008a55        0x3 
 .rodata.__func__.2
                0x10008a58       0x1a CMakeFiles/blink.dir/home/kxxpa/pico/pico-sdk/lib/tinyusb/src/tusb.c.o
 *fill*         0x10008a72        0x2 
 .rodata.__func__.3
                0x10008a74       0x23 CMakeFiles/blink.dir/home/kxxpa/pico/pico-sdk/lib/tinyusb/src/tusb.c.o
 *fill*         0x10008a97        0x1 
 .rodata.__func__.4
                0x10008a98       0x11 CMakeFiles/blink.dir/home/kxxpa/pico/pico-sdk/lib/tinyusb/src/tusb.c.o
 *fill*         0x10008aa9        0x3 
 .rodata.__func__.5
                0x10008aac       0x11 CMakeFiles/blink.dir/home/kxxpa/pico/pico-sdk/lib/tinyusb/src/tusb.c.o
 *fill*         0x10008abd        0x3 
 .rodata.i2c_set_baudrate.str1.4
                0x10008ac0       0x5c CMakeFiles/blink.dir/home/kxxpa/pico/pico-sdk/src/rp2_common/hardware_i2c/i2c.c.o
 .rodata.__func__.0
                0x10008b1c       0x11 CMakeFiles/blink.dir/home/kxxpa/pico/pico-sdk/src/rp2_common/hardware_i2c/i2c.c.o
                0x10008b30                        . = ALIGN (0x4)
 *fill*         0x10008b2d        0x3 
 *(SORT_BY_ALIGNMENT(SORT_BY_NAME(.flashdata*)))
                0x10008b30                        . = ALIGN (0x4)

.ARM.extab
 *(.ARM.extab* .gnu.linkonce.armextab.*)
                0x10008b30                        __exidx_start = .

.ARM.exidx
 *(.ARM.exidx* .gnu.linkonce.armexidx.*)
                0x10008b30                        __exidx_end = .
                0x10008b30                        . = ALIGN (0x4)
                0x10008b30                        __binary_info_start = .

.binary_info    0x10008b30       0x24
 *(.binary_info.keep.*)
 .binary_info.keep.__bi_ptr25
                0x10008b30        0x4 CMakeFiles/blink.dir/src/main.c.o
 .binary_info.keep.__bi_ptr84
                0x10008b34        0x4 CMakeFiles/blink.dir/home/kxxpa/pico/pico-sdk/src/rp2_common/pico_standard_binary_info/standard_binary_info.c.o
 .binary_info.keep.__bi_ptr78
                0x10008b38        0x4 CMakeFiles/blink.dir/home/kxxpa/pico/pico-sdk/src/rp2_common/pico_standard_binary_info/standard_binary_info.c.o
 .binary_info.keep.__bi_ptr54
                0x10008b3c        0x4 CMakeFiles/blink.dir/home/kxxpa/pico/pico-sdk/src/rp2_common/pico_standard_binary_info/standard_binary_info.c.o
 .binary_info.keep.__bi_ptr48
                0x10008b40        0x4 CMakeFiles/blink.dir/home/kxxpa/pico/pico-sdk/src/rp2_common/pico_standard_binary_info/standard_binary_info.c.o
 .binary_info.keep.__bi_ptr42
                0x10008b44        0x4 CMakeFiles/blink.dir/home/kxxpa/pico/pico-sdk/src/rp2_common/pico_standard_binary_info/standard_binary_info.c.o
 .binary_info.keep.__bi_ptr34
                0x10008b48        0x4 CMakeFiles/blink.dir/home/kxxpa/pico/pico-sdk/src/rp2_common/pico_standard_binary_info/standard_binary_info.c.o
 .binary_info.keep.__bi_ptr26
                0x10008b4c        0x4 CMakeFiles/blink.dir/home/kxxpa/pico/pico-sdk/src/rp2_common/pico_standard_binary_info/standard_binary_info.c.o
 *(.binary_info.*)
 .binary_info.__bi_ptr202
                0x10008b50        0x4 CMakeFiles/blink.dir/home/kxxpa/pico/pico-sdk/src/rp2_common/pico_stdio_usb/stdio_usb.c.o
                0x10008b54                        __binary_info_end = .
                0x10008b54                        . = ALIGN (0x4)

.ram_vector_table
                0x20000000       0xc0
 *(.ram_vector_table)
 .ram_vector_table
                0x20000000       0xc0 CMakeFiles/blink.dir/home/kxxpa/pico/pico-sdk/src/rp2_common/pico_runtime_init/runtime_init.c.o
                0x20000000                ram_vector_table

.uninitialized_data
                0x200000c0        0x0
                0x200000c0                        . = ALIGN (0x4)
 *(.uninitialized_data*)

.data           0x200000c0      0xc48 load address 0x10008b54
                0x200000c0                        __data_start__ = .
 *(vtable)
 *(.time_critical*)
 .time_critical.mutex_try_enter
                0x200000c0       0x48 CMakeFiles/blink.dir/home/kxxpa/pico/pico-sdk/src/common/pico_sync/mutex.c.o
                0x200000c0                mutex_try_enter
 .time_critical.mutex_enter_block_until
                0x20000108       0x90 CMakeFiles/blink.dir/home/kxxpa/pico/pico-sdk/src/common/pico_sync/mutex.c.o
                0x20000108                mutex_enter_block_until
 .time_critical.mutex_try_enter_block_until
                0x20000198       0x34 CMakeFiles/blink.dir/home/kxxpa/pico/pico-sdk/src/common/pico_sync/mutex.c.o
                0x20000198                mutex_try_enter_block_until
 .time_critical.mutex_enter_timeout_ms
                0x200001cc       0x3c CMakeFiles/blink.dir/home/kxxpa/pico/pico-sdk/src/common/pico_sync/mutex.c.o
                0x200001cc                mutex_enter_timeout_ms
 .time_critical.mutex_exit
                0x20000208       0x4c CMakeFiles/blink.dir/home/kxxpa/pico/pico-sdk/src/common/pico_sync/mutex.c.o
                0x20000208                mutex_exit
 .time_critical.flash_init_boot2_copyout
                0x20000254       0x30 CMakeFiles/blink.dir/home/kxxpa/pico/pico-sdk/src/rp2_common/hardware_flash/flash.c.o
 .time_critical.flash_enable_xip_via_boot2
                0x20000284        0xc CMakeFiles/blink.dir/home/kxxpa/pico/pico-sdk/src/rp2_common/hardware_flash/flash.c.o
 .time_critical.flash_save_hardware_state
                0x20000290       0x1c CMakeFiles/blink.dir/home/kxxpa/pico/pico-sdk/src/rp2_common/hardware_flash/flash.c.o
 .time_critical.flash_restore_hardware_state
                0x200002ac       0x20 CMakeFiles/blink.dir/home/kxxpa/pico/pico-sdk/src/rp2_common/hardware_flash/flash.c.o
 .time_critical.flash_cs_force
                0x200002cc       0x28 CMakeFiles/blink.dir/home/kxxpa/pico/pico-sdk/src/rp2_common/hardware_flash/flash.c.o
 .time_critical.flash_do_cmd
                0x200002f4       0xec CMakeFiles/blink.dir/home/kxxpa/pico/pico-sdk/src/rp2_common/hardware_flash/flash.c.o
                0x200002f4                flash_do_cmd
 .time_critical.reset_non_control_endpoints
                0x200003e0       0x40 CMakeFiles/blink.dir/home/kxxpa/pico/pico-sdk/lib/tinyusb/src/portable/raspberrypi/rp2040/dcd_rp2040.c.o
 .time_critical.hw_handle_buff_status
                0x20000420       0x98 CMakeFiles/blink.dir/home/kxxpa/pico/pico-sdk/lib/tinyusb/src/portable/raspberrypi/rp2040/dcd_rp2040.c.o
 .time_critical.dcd_rp2040_irq
                0x200004b8      0x20c CMakeFiles/blink.dir/home/kxxpa/pico/pico-sdk/lib/tinyusb/src/portable/raspberrypi/rp2040/dcd_rp2040.c.o
 .time_critical.prepare_ep_buffer
                0x200006c4       0x6c CMakeFiles/blink.dir/home/kxxpa/pico/pico-sdk/lib/tinyusb/src/portable/raspberrypi/rp2040/rp2040_usb.c.o
 .time_critical.e15_is_bulkin_ep
                0x20000730       0x2c CMakeFiles/blink.dir/home/kxxpa/pico/pico-sdk/lib/tinyusb/src/portable/raspberrypi/rp2040/rp2040_usb.c.o
 .time_critical.e15_is_critical_frame_period
                0x2000075c       0x30 CMakeFiles/blink.dir/home/kxxpa/pico/pico-sdk/lib/tinyusb/src/portable/raspberrypi/rp2040/rp2040_usb.c.o
 .time_critical.sync_ep_buffer
                0x2000078c       0x78 CMakeFiles/blink.dir/home/kxxpa/pico/pico-sdk/lib/tinyusb/src/portable/raspberrypi/rp2040/rp2040_usb.c.o
 .time_critical._hw_endpoint_xfer_sync
                0x20000804       0x28 CMakeFiles/blink.dir/home/kxxpa/pico/pico-sdk/lib/tinyusb/src/portable/raspberrypi/rp2040/rp2040_usb.c.o
 .time_critical.hw_endpoint_reset_transfer